Archive member included to satisfy reference by file (symbol)

c:/st/stm32cubeide_1.9.0/stm32cubeide/plugins/com.st.stm32cube.ide.mcu.externaltools.gnu-tools-for-stm32.10.3-2021.10.win32_1.0.0.202111181127/tools/bin/../lib/gcc/arm-none-eabi/10.3.1/../../../../arm-none-eabi/lib/thumb/v7e-m+fp/hard\libc_nano.a(lib_a-errno.o)
                              ./Core/Src/syscalls.o (__errno)
c:/st/stm32cubeide_1.9.0/stm32cubeide/plugins/com.st.stm32cube.ide.mcu.externaltools.gnu-tools-for-stm32.10.3-2021.10.win32_1.0.0.202111181127/tools/bin/../lib/gcc/arm-none-eabi/10.3.1/../../../../arm-none-eabi/lib/thumb/v7e-m+fp/hard\libc_nano.a(lib_a-exit.o)
                              c:/st/stm32cubeide_1.9.0/stm32cubeide/plugins/com.st.stm32cube.ide.mcu.externaltools.gnu-tools-for-stm32.10.3-2021.10.win32_1.0.0.202111181127/tools/bin/../lib/gcc/arm-none-eabi/10.3.1/../../../../arm-none-eabi/lib/thumb/v7e-m+fp/hard/crt0.o (exit)
c:/st/stm32cubeide_1.9.0/stm32cubeide/plugins/com.st.stm32cube.ide.mcu.externaltools.gnu-tools-for-stm32.10.3-2021.10.win32_1.0.0.202111181127/tools/bin/../lib/gcc/arm-none-eabi/10.3.1/../../../../arm-none-eabi/lib/thumb/v7e-m+fp/hard\libc_nano.a(lib_a-impure.o)
                              c:/st/stm32cubeide_1.9.0/stm32cubeide/plugins/com.st.stm32cube.ide.mcu.externaltools.gnu-tools-for-stm32.10.3-2021.10.win32_1.0.0.202111181127/tools/bin/../lib/gcc/arm-none-eabi/10.3.1/../../../../arm-none-eabi/lib/thumb/v7e-m+fp/hard\libc_nano.a(lib_a-exit.o) (_global_impure_ptr)
c:/st/stm32cubeide_1.9.0/stm32cubeide/plugins/com.st.stm32cube.ide.mcu.externaltools.gnu-tools-for-stm32.10.3-2021.10.win32_1.0.0.202111181127/tools/bin/../lib/gcc/arm-none-eabi/10.3.1/../../../../arm-none-eabi/lib/thumb/v7e-m+fp/hard\libc_nano.a(lib_a-init.o)
                              c:/st/stm32cubeide_1.9.0/stm32cubeide/plugins/com.st.stm32cube.ide.mcu.externaltools.gnu-tools-for-stm32.10.3-2021.10.win32_1.0.0.202111181127/tools/bin/../lib/gcc/arm-none-eabi/10.3.1/../../../../arm-none-eabi/lib/thumb/v7e-m+fp/hard/crt0.o (__libc_init_array)
c:/st/stm32cubeide_1.9.0/stm32cubeide/plugins/com.st.stm32cube.ide.mcu.externaltools.gnu-tools-for-stm32.10.3-2021.10.win32_1.0.0.202111181127/tools/bin/../lib/gcc/arm-none-eabi/10.3.1/../../../../arm-none-eabi/lib/thumb/v7e-m+fp/hard\libc_nano.a(lib_a-memset.o)
                              c:/st/stm32cubeide_1.9.0/stm32cubeide/plugins/com.st.stm32cube.ide.mcu.externaltools.gnu-tools-for-stm32.10.3-2021.10.win32_1.0.0.202111181127/tools/bin/../lib/gcc/arm-none-eabi/10.3.1/../../../../arm-none-eabi/lib/thumb/v7e-m+fp/hard/crt0.o (memset)
c:/st/stm32cubeide_1.9.0/stm32cubeide/plugins/com.st.stm32cube.ide.mcu.externaltools.gnu-tools-for-stm32.10.3-2021.10.win32_1.0.0.202111181127/tools/bin/../lib/gcc/arm-none-eabi/10.3.1/thumb/v7e-m+fp/hard\libgcc.a(_aeabi_uldivmod.o)
                              ./Drivers/STM32F4xx_HAL_Driver/Src/stm32f4xx_hal_rcc.o (__aeabi_uldivmod)
c:/st/stm32cubeide_1.9.0/stm32cubeide/plugins/com.st.stm32cube.ide.mcu.externaltools.gnu-tools-for-stm32.10.3-2021.10.win32_1.0.0.202111181127/tools/bin/../lib/gcc/arm-none-eabi/10.3.1/thumb/v7e-m+fp/hard\libgcc.a(_udivmoddi4.o)
                              c:/st/stm32cubeide_1.9.0/stm32cubeide/plugins/com.st.stm32cube.ide.mcu.externaltools.gnu-tools-for-stm32.10.3-2021.10.win32_1.0.0.202111181127/tools/bin/../lib/gcc/arm-none-eabi/10.3.1/thumb/v7e-m+fp/hard\libgcc.a(_aeabi_uldivmod.o) (__udivmoddi4)
c:/st/stm32cubeide_1.9.0/stm32cubeide/plugins/com.st.stm32cube.ide.mcu.externaltools.gnu-tools-for-stm32.10.3-2021.10.win32_1.0.0.202111181127/tools/bin/../lib/gcc/arm-none-eabi/10.3.1/thumb/v7e-m+fp/hard\libgcc.a(_dvmd_tls.o)
                              c:/st/stm32cubeide_1.9.0/stm32cubeide/plugins/com.st.stm32cube.ide.mcu.externaltools.gnu-tools-for-stm32.10.3-2021.10.win32_1.0.0.202111181127/tools/bin/../lib/gcc/arm-none-eabi/10.3.1/thumb/v7e-m+fp/hard\libgcc.a(_aeabi_uldivmod.o) (__aeabi_ldiv0)

Discarded input sections

 .text          0x0000000000000000        0x0 c:/st/stm32cubeide_1.9.0/stm32cubeide/plugins/com.st.stm32cube.ide.mcu.externaltools.gnu-tools-for-stm32.10.3-2021.10.win32_1.0.0.202111181127/tools/bin/../lib/gcc/arm-none-eabi/10.3.1/thumb/v7e-m+fp/hard/crti.o
 .data          0x0000000000000000        0x0 c:/st/stm32cubeide_1.9.0/stm32cubeide/plugins/com.st.stm32cube.ide.mcu.externaltools.gnu-tools-for-stm32.10.3-2021.10.win32_1.0.0.202111181127/tools/bin/../lib/gcc/arm-none-eabi/10.3.1/thumb/v7e-m+fp/hard/crti.o
 .bss           0x0000000000000000        0x0 c:/st/stm32cubeide_1.9.0/stm32cubeide/plugins/com.st.stm32cube.ide.mcu.externaltools.gnu-tools-for-stm32.10.3-2021.10.win32_1.0.0.202111181127/tools/bin/../lib/gcc/arm-none-eabi/10.3.1/thumb/v7e-m+fp/hard/crti.o
[...]
Memory Configuration

Name             Origin             Length             Attributes
RAM              0x0000000020000000 0x0000000000020000 xrw
FLASH            0x0000000008000000 0x0000000000080000 xr
*default*        0x0000000000000000 0xffffffffffffffff

Linker script and memory map

LOAD c:/st/stm32cubeide_1.9.0/stm32cubeide/plugins/com.st.stm32cube.ide.mcu.externaltools.gnu-tools-for-stm32.10.3-2021.10.win32_1.0.0.202111181127/tools/bin/../lib/gcc/arm-none-eabi/10.3.1/thumb/v7e-m+fp/hard/crti.o
LOAD c:/st/stm32cubeide_1.9.0/stm32cubeide/plugins/com.st.stm32cube.ide.mcu.externaltools.gnu-tools-for-stm32.10.3-2021.10.win32_1.0.0.202111181127/tools/bin/../lib/gcc/arm-none-eabi/10.3.1/thumb/v7e-m+fp/hard/crtbegin.o
LOAD c:/st/stm32cubeide_1.9.0/stm32cubeide/plugins/com.st.stm32cube.ide.mcu.externaltools.gnu-tools-for-stm32.10.3-2021.10.win32_1.0.0.202111181127/tools/bin/../lib/gcc/arm-none-eabi/10.3.1/../../../../arm-none-eabi/lib/thumb/v7e-m+fp/hard/crt0.o
LOAD ./Core/Src/gpio.o
LOAD ./Core/Src/main.o
LOAD ./Core/Src/stm32f4xx_hal_msp.o
LOAD ./Core/Src/stm32f4xx_it.o
LOAD ./Core/Src/syscalls.o
LOAD ./Core/Src/sysmem.o
LOAD ./Core/Src/system_stm32f4xx.o
LOAD ./Core/Startup/startup_stm32f446retx.o
LOAD ./Drivers/STM32F4xx_HAL_Driver/Src/stm32f4xx_hal.o
LOAD ./Drivers/STM32F4xx_HAL_Driver/Src/stm32f4xx_hal_cortex.o
LOAD ./Drivers/STM32F4xx_HAL_Driver/Src/stm32f4xx_hal_dma.o
LOAD ./Drivers/STM32F4xx_HAL_Driver/Src/stm32f4xx_hal_dma_ex.o
LOAD ./Drivers/STM32F4xx_HAL_Driver/Src/stm32f4xx_hal_exti.o
LOAD ./Drivers/STM32F4xx_HAL_Driver/Src/stm32f4xx_hal_flash.o
LOAD ./Drivers/STM32F4xx_HAL_Driver/Src/stm32f4xx_hal_flash_ex.o
LOAD ./Drivers/STM32F4xx_HAL_Driver/Src/stm32f4xx_hal_flash_ramfunc.o
LOAD ./Drivers/STM32F4xx_HAL_Driver/Src/stm32f4xx_hal_gpio.o
LOAD ./Drivers/STM32F4xx_HAL_Driver/Src/stm32f4xx_hal_pcd.o
LOAD ./Drivers/STM32F4xx_HAL_Driver/Src/stm32f4xx_hal_pcd_ex.o
LOAD ./Drivers/STM32F4xx_HAL_Driver/Src/stm32f4xx_hal_pwr.o
LOAD ./Drivers/STM32F4xx_HAL_Driver/Src/stm32f4xx_hal_pwr_ex.o
LOAD ./Drivers/STM32F4xx_HAL_Driver/Src/stm32f4xx_hal_rcc.o
LOAD ./Drivers/STM32F4xx_HAL_Driver/Src/stm32f4xx_hal_rcc_ex.o
LOAD ./Drivers/STM32F4xx_HAL_Driver/Src/stm32f4xx_hal_tim.o
LOAD ./Drivers/STM32F4xx_HAL_Driver/Src/stm32f4xx_hal_tim_ex.o
LOAD ./Drivers/STM32F4xx_HAL_Driver/Src/stm32f4xx_ll_usb.o
LOAD ./Middlewares/ST/STM32_USB_Device_Library/Class/CDC/Src/usbd_cdc.o
LOAD ./Middlewares/ST/STM32_USB_Device_Library/Core/Src/usbd_core.o
LOAD ./Middlewares/ST/STM32_USB_Device_Library/Core/Src/usbd_ctlreq.o
LOAD ./Middlewares/ST/STM32_USB_Device_Library/Core/Src/usbd_ioreq.o
LOAD ./USB_DEVICE/App/usb_device.o
LOAD ./USB_DEVICE/App/usbd_cdc_if.o
LOAD ./USB_DEVICE/App/usbd_desc.o
LOAD ./USB_DEVICE/Target/usbd_conf.o
START GROUP
LOAD c:/st/stm32cubeide_1.9.0/stm32cubeide/plugins/com.st.stm32cube.ide.mcu.externaltools.gnu-tools-for-stm32.10.3-2021.10.win32_1.0.0.202111181127/tools/bin/../lib/gcc/arm-none-eabi/10.3.1/../../../../arm-none-eabi/lib/thumb/v7e-m+fp/hard\libc_nano.a
LOAD c:/st/stm32cubeide_1.9.0/stm32cubeide/plugins/com.st.stm32cube.ide.mcu.externaltools.gnu-tools-for-stm32.10.3-2021.10.win32_1.0.0.202111181127/tools/bin/../lib/gcc/arm-none-eabi/10.3.1/../../../../arm-none-eabi/lib/thumb/v7e-m+fp/hard\libm.a
END GROUP
START GROUP
LOAD c:/st/stm32cubeide_1.9.0/stm32cubeide/plugins/com.st.stm32cube.ide.mcu.externaltools.gnu-tools-for-stm32.10.3-2021.10.win32_1.0.0.202111181127/tools/bin/../lib/gcc/arm-none-eabi/10.3.1/thumb/v7e-m+fp/hard\libgcc.a
LOAD c:/st/stm32cubeide_1.9.0/stm32cubeide/plugins/com.st.stm32cube.ide.mcu.externaltools.gnu-tools-for-stm32.10.3-2021.10.win32_1.0.0.202111181127/tools/bin/../lib/gcc/arm-none-eabi/10.3.1/../../../../arm-none-eabi/lib/thumb/v7e-m+fp/hard\libc_nano.a
END GROUP
START GROUP
LOAD c:/st/stm32cubeide_1.9.0/stm32cubeide/plugins/com.st.stm32cube.ide.mcu.externaltools.gnu-tools-for-stm32.10.3-2021.10.win32_1.0.0.202111181127/tools/bin/../lib/gcc/arm-none-eabi/10.3.1/thumb/v7e-m+fp/hard\libgcc.a
LOAD c:/st/stm32cubeide_1.9.0/stm32cubeide/plugins/com.st.stm32cube.ide.mcu.externaltools.gnu-tools-for-stm32.10.3-2021.10.win32_1.0.0.202111181127/tools/bin/../lib/gcc/arm-none-eabi/10.3.1/../../../../arm-none-eabi/lib/thumb/v7e-m+fp/hard\libc_nano.a
LOAD c:/st/stm32cubeide_1.9.0/stm32cubeide/plugins/com.st.stm32cube.ide.mcu.externaltools.gnu-tools-for-stm32.10.3-2021.10.win32_1.0.0.202111181127/tools/bin/../lib/gcc/arm-none-eabi/10.3.1/../../../../arm-none-eabi/lib/thumb/v7e-m+fp/hard\libnosys.a
END GROUP
START GROUP
LOAD c:/st/stm32cubeide_1.9.0/stm32cubeide/plugins/com.st.stm32cube.ide.mcu.externaltools.gnu-tools-for-stm32.10.3-2021.10.win32_1.0.0.202111181127/tools/bin/../lib/gcc/arm-none-eabi/10.3.1/thumb/v7e-m+fp/hard\libgcc.a
LOAD c:/st/stm32cubeide_1.9.0/stm32cubeide/plugins/com.st.stm32cube.ide.mcu.externaltools.gnu-tools-for-stm32.10.3-2021.10.win32_1.0.0.202111181127/tools/bin/../lib/gcc/arm-none-eabi/10.3.1/../../../../arm-none-eabi/lib/thumb/v7e-m+fp/hard\libc_nano.a
LOAD c:/st/stm32cubeide_1.9.0/stm32cubeide/plugins/com.st.stm32cube.ide.mcu.externaltools.gnu-tools-for-stm32.10.3-2021.10.win32_1.0.0.202111181127/tools/bin/../lib/gcc/arm-none-eabi/10.3.1/../../../../arm-none-eabi/lib/thumb/v7e-m+fp/hard\libnosys.a
END GROUP
LOAD c:/st/stm32cubeide_1.9.0/stm32cubeide/plugins/com.st.stm32cube.ide.mcu.externaltools.gnu-tools-for-stm32.10.3-2021.10.win32_1.0.0.202111181127/tools/bin/../lib/gcc/arm-none-eabi/10.3.1/thumb/v7e-m+fp/hard/crtend.o
LOAD c:/st/stm32cubeide_1.9.0/stm32cubeide/plugins/com.st.stm32cube.ide.mcu.externaltools.gnu-tools-for-stm32.10.3-2021.10.win32_1.0.0.202111181127/tools/bin/../lib/gcc/arm-none-eabi/10.3.1/thumb/v7e-m+fp/hard/crtn.o
                0x0000000020020000                _estack = (ORIGIN (RAM) + LENGTH (RAM))
                0x0000000000000200                _Min_Heap_Size = 0x200
                0x0000000000000400                _Min_Stack_Size = 0x400

.isr_vector     0x0000000008000000      0x1c4
                0x0000000008000000                . = ALIGN (0x4)
 *(.isr_vector)
 .isr_vector    0x0000000008000000      0x1c4 ./Core/Startup/startup_stm32f446retx.o
                0x0000000008000000                g_pfnVectors
                0x00000000080001c4                . = ALIGN (0x4)

.text           0x00000000080001c4     0x8160
                0x00000000080001c4                . = ALIGN (0x4)
 *(.text)
 .text          0x00000000080001c4       0x40 c:/st/stm32cubeide_1.9.0/stm32cubeide/plugins/com.st.stm32cube.ide.mcu.externaltools.gnu-tools-for-stm32.10.3-2021.10.win32_1.0.0.202111181127/tools/bin/../lib/gcc/arm-none-eabi/10.3.1/thumb/v7e-m+fp/hard/crtbegin.o
 .text          0x0000000008000204       0x30 c:/st/stm32cubeide_1.9.0/stm32cubeide/plugins/com.st.stm32cube.ide.mcu.externaltools.gnu-tools-for-stm32.10.3-2021.10.win32_1.0.0.202111181127/tools/bin/../lib/gcc/arm-none-eabi/10.3.1/thumb/v7e-m+fp/hard\libgcc.a(_aeabi_uldivmod.o)
                0x0000000008000204                __aeabi_uldivmod
 .text          0x0000000008000234      0x2d0 c:/st/stm32cubeide_1.9.0/stm32cubeide/plugins/com.st.stm32cube.ide.mcu.externaltools.gnu-tools-for-stm32.10.3-2021.10.win32_1.0.0.202111181127/tools/bin/../lib/gcc/arm-none-eabi/10.3.1/thumb/v7e-m+fp/hard\libgcc.a(_udivmoddi4.o)
                0x0000000008000234                __udivmoddi4
 .text          0x0000000008000504        0x4 c:/st/stm32cubeide_1.9.0/stm32cubeide/plugins/com.st.stm32cube.ide.mcu.externaltools.gnu-tools-for-stm32.10.3-2021.10.win32_1.0.0.202111181127/tools/bin/../lib/gcc/arm-none-eabi/10.3.1/thumb/v7e-m+fp/hard\libgcc.a(_dvmd_tls.o)
                0x0000000008000504                __aeabi_idiv0
                0x0000000008000504                __aeabi_ldiv0
 *(.text*)
 .text.MX_GPIO_Init
                0x0000000008000508      0x11c ./Core/Src/gpio.o
                0x0000000008000508                MX_GPIO_Init
 .text.Reset_all_outs
                0x0000000008000624      0x178 ./Core/Src/main.o
                0x0000000008000624                Reset_all_outs
 .text.main     0x000000000800079c      0x86c ./Core/Src/main.o
                0x000000000800079c                main
 .text.SystemClock_Config
                0x0000000008001008       0xd8 ./Core/Src/main.o
                0x0000000008001008                SystemClock_Config
 .text.Error_Handler
                0x00000000080010e0        0xa ./Core/Src/main.o
                0x00000000080010e0                Error_Handler
 *fill*         0x00000000080010ea        0x2 
 .text.HAL_MspInit
                0x00000000080010ec       0x50 ./Core/Src/stm32f4xx_hal_msp.o
                0x00000000080010ec                HAL_MspInit
 .text.NMI_Handler
                0x000000000800113c        0x6 ./Core/Src/stm32f4xx_it.o
                0x000000000800113c                NMI_Handler
 .text.HardFault_Handler
                0x0000000008001142        0x6 ./Core/Src/stm32f4xx_it.o
                0x0000000008001142                HardFault_Handler
 .text.MemManage_Handler
                0x0000000008001148        0x6 ./Core/Src/stm32f4xx_it.o
                0x0000000008001148                MemManage_Handler
 .text.BusFault_Handler
                0x000000000800114e        0x6 ./Core/Src/stm32f4xx_it.o
                0x000000000800114e                BusFault_Handler
 .text.UsageFault_Handler
                0x0000000008001154        0x6 ./Core/Src/stm32f4xx_it.o
                0x0000000008001154                UsageFault_Handler
 .text.SVC_Handler
                0x000000000800115a        0xe ./Core/Src/stm32f4xx_it.o
                0x000000000800115a                SVC_Handler
 .text.DebugMon_Handler
                0x0000000008001168        0xe ./Core/Src/stm32f4xx_it.o
                0x0000000008001168                DebugMon_Handler
 .text.PendSV_Handler
                0x0000000008001176        0xe ./Core/Src/stm32f4xx_it.o
                0x0000000008001176                PendSV_Handler
 .text.SysTick_Handler
                0x0000000008001184        0xc ./Core/Src/stm32f4xx_it.o
                0x0000000008001184                SysTick_Handler
 .text.OTG_FS_IRQHandler
                0x0000000008001190       0x14 ./Core/Src/stm32f4xx_it.o
                0x0000000008001190                OTG_FS_IRQHandler
 .text.SystemInit
                0x00000000080011a4       0x24 ./Core/Src/system_stm32f4xx.o
                0x00000000080011a4                SystemInit
 .text.Reset_Handler
                0x00000000080011c8       0x50 ./Core/Startup/startup_stm32f446retx.o
                0x00000000080011c8                Reset_Handler
 .text.Default_Handler
                0x0000000008001218        0x2 ./Core/Startup/startup_stm32f446retx.o
                0x0000000008001218                RTC_Alarm_IRQHandler
                0x0000000008001218                EXTI2_IRQHandler
                0x0000000008001218                TIM8_CC_IRQHandler
                0x0000000008001218                FMPI2C1_EV_IRQHandler
                0x0000000008001218                SPI4_IRQHandler
                0x0000000008001218                TIM1_CC_IRQHandler
                0x0000000008001218                DMA2_Stream5_IRQHandler
                0x0000000008001218                DMA1_Stream5_IRQHandler
                0x0000000008001218                PVD_IRQHandler
                0x0000000008001218                SDIO_IRQHandler
                0x0000000008001218                TAMP_STAMP_IRQHandler
                0x0000000008001218                CAN2_RX1_IRQHandler
                0x0000000008001218                EXTI3_IRQHandler
                0x0000000008001218                TIM8_TRG_COM_TIM14_IRQHandler
                0x0000000008001218                TIM1_UP_TIM10_IRQHandler
                0x0000000008001218                TIM8_UP_TIM13_IRQHandler
                0x0000000008001218                I2C3_ER_IRQHandler
                0x0000000008001218                EXTI0_IRQHandler
                0x0000000008001218                I2C2_EV_IRQHandler
                0x0000000008001218                DMA1_Stream2_IRQHandler
                0x0000000008001218                CAN1_RX0_IRQHandler
                0x0000000008001218                FPU_IRQHandler
                0x0000000008001218                OTG_HS_WKUP_IRQHandler
                0x0000000008001218                CAN2_SCE_IRQHandler
                0x0000000008001218                DMA2_Stream2_IRQHandler
                0x0000000008001218                SPI1_IRQHandler
                0x0000000008001218                TIM6_DAC_IRQHandler
                0x0000000008001218                TIM1_BRK_TIM9_IRQHandler
                0x0000000008001218                DCMI_IRQHandler
                0x0000000008001218                CAN2_RX0_IRQHandler
                0x0000000008001218                DMA2_Stream3_IRQHandler
                0x0000000008001218                SAI2_IRQHandler
                0x0000000008001218                USART6_IRQHandler
                0x0000000008001218                USART3_IRQHandler
                0x0000000008001218                CAN1_RX1_IRQHandler
                0x0000000008001218                UART5_IRQHandler
                0x0000000008001218                DMA2_Stream0_IRQHandler
                0x0000000008001218                TIM4_IRQHandler
                0x0000000008001218                QUADSPI_IRQHandler
                0x0000000008001218                I2C1_EV_IRQHandler
                0x0000000008001218                DMA1_Stream6_IRQHandler
                0x0000000008001218                DMA1_Stream1_IRQHandler
                0x0000000008001218                UART4_IRQHandler
                0x0000000008001218                TIM3_IRQHandler
                0x0000000008001218                RCC_IRQHandler
                0x0000000008001218                TIM8_BRK_TIM12_IRQHandler
                0x0000000008001218                Default_Handler
                0x0000000008001218                CEC_IRQHandler
                0x0000000008001218                EXTI15_10_IRQHandler
                0x0000000008001218                ADC_IRQHandler
                0x0000000008001218                DMA1_Stream7_IRQHandler
                0x0000000008001218                TIM7_IRQHandler
                0x0000000008001218                CAN2_TX_IRQHandler
                0x0000000008001218                TIM5_IRQHandler
                0x0000000008001218                DMA2_Stream7_IRQHandler
                0x0000000008001218                I2C3_EV_IRQHandler
                0x0000000008001218                EXTI9_5_IRQHandler
                0x0000000008001218                RTC_WKUP_IRQHandler
                0x0000000008001218                SPDIF_RX_IRQHandler
                0x0000000008001218                SPI2_IRQHandler
                0x0000000008001218                OTG_HS_EP1_IN_IRQHandler
                0x0000000008001218                DMA1_Stream0_IRQHandler
                0x0000000008001218                CAN1_TX_IRQHandler
                0x0000000008001218                FMPI2C1_ER_IRQHandler
                0x0000000008001218                EXTI4_IRQHandler
                0x0000000008001218                OTG_HS_EP1_OUT_IRQHandler
                0x0000000008001218                WWDG_IRQHandler
                0x0000000008001218                TIM2_IRQHandler
                0x0000000008001218                OTG_FS_WKUP_IRQHandler
                0x0000000008001218                TIM1_TRG_COM_TIM11_IRQHandler
                0x0000000008001218                OTG_HS_IRQHandler
                0x0000000008001218                EXTI1_IRQHandler
                0x0000000008001218                USART2_IRQHandler
                0x0000000008001218                I2C2_ER_IRQHandler
                0x0000000008001218                DMA2_Stream1_IRQHandler
                0x0000000008001218                CAN1_SCE_IRQHandler
                0x0000000008001218                FLASH_IRQHandler
                0x0000000008001218                DMA2_Stream4_IRQHandler
                0x0000000008001218                USART1_IRQHandler
                0x0000000008001218                SPI3_IRQHandler
                0x0000000008001218                DMA1_Stream4_IRQHandler
                0x0000000008001218                I2C1_ER_IRQHandler
                0x0000000008001218                FMC_IRQHandler
                0x0000000008001218                DMA2_Stream6_IRQHandler
                0x0000000008001218                SAI1_IRQHandler
                0x0000000008001218                DMA1_Stream3_IRQHandler
 *fill*         0x000000000800121a        0x2 
 .text.HAL_Init
                0x000000000800121c       0x44 ./Drivers/STM32F4xx_HAL_Driver/Src/stm32f4xx_hal.o
                0x000000000800121c                HAL_Init
 .text.HAL_InitTick
                0x0000000008001260       0x60 ./Drivers/STM32F4xx_HAL_Driver/Src/stm32f4xx_hal.o
                0x0000000008001260                HAL_InitTick
 .text.HAL_IncTick
                0x00000000080012c0       0x28 ./Drivers/STM32F4xx_HAL_Driver/Src/stm32f4xx_hal.o
                0x00000000080012c0                HAL_IncTick
 .text.HAL_GetTick
                0x00000000080012e8       0x18 ./Drivers/STM32F4xx_HAL_Driver/Src/stm32f4xx_hal.o
                0x00000000080012e8                HAL_GetTick
 .text.HAL_Delay
                0x0000000008001300       0x48 ./Drivers/STM32F4xx_HAL_Driver/Src/stm32f4xx_hal.o
                0x0000000008001300                HAL_Delay
 .text.__NVIC_SetPriorityGrouping
                0x0000000008001348       0x48 ./Drivers/STM32F4xx_HAL_Driver/Src/stm32f4xx_hal_cortex.o
 .text.__NVIC_GetPriorityGrouping
                0x0000000008001390       0x1c ./Drivers/STM32F4xx_HAL_Driver/Src/stm32f4xx_hal_cortex.o
 .text.__NVIC_EnableIRQ
                0x00000000080013ac       0x3c ./Drivers/STM32F4xx_HAL_Driver/Src/stm32f4xx_hal_cortex.o
 .text.__NVIC_SetPriority
                0x00000000080013e8       0x54 ./Drivers/STM32F4xx_HAL_Driver/Src/stm32f4xx_hal_cortex.o
 .text.NVIC_EncodePriority
                0x000000000800143c       0x66 ./Drivers/STM32F4xx_HAL_Driver/Src/stm32f4xx_hal_cortex.o
 *fill*         0x00000000080014a2        0x2 
 .text.SysTick_Config
                0x00000000080014a4       0x44 ./Drivers/STM32F4xx_HAL_Driver/Src/stm32f4xx_hal_cortex.o
 .text.HAL_NVIC_SetPriorityGrouping
                0x00000000080014e8       0x16 ./Drivers/STM32F4xx_HAL_Driver/Src/stm32f4xx_hal_cortex.o
                0x00000000080014e8                HAL_NVIC_SetPriorityGrouping
 .text.HAL_NVIC_SetPriority
                0x00000000080014fe       0x38 ./Drivers/STM32F4xx_HAL_Driver/Src/stm32f4xx_hal_cortex.o
                0x00000000080014fe                HAL_NVIC_SetPriority
 .text.HAL_NVIC_EnableIRQ
                0x0000000008001536       0x1c ./Drivers/STM32F4xx_HAL_Driver/Src/stm32f4xx_hal_cortex.o
                0x0000000008001536                HAL_NVIC_EnableIRQ
 .text.HAL_SYSTICK_Config
                0x0000000008001552       0x18 ./Drivers/STM32F4xx_HAL_Driver/Src/stm32f4xx_hal_cortex.o
                0x0000000008001552                HAL_SYSTICK_Config
 *fill*         0x000000000800156a        0x2 
 .text.HAL_GPIO_Init
                0x000000000800156c      0x328 ./Drivers/STM32F4xx_HAL_Driver/Src/stm32f4xx_hal_gpio.o
                0x000000000800156c                HAL_GPIO_Init
 .text.HAL_GPIO_WritePin
                0x0000000008001894       0x32 ./Drivers/STM32F4xx_HAL_Driver/Src/stm32f4xx_hal_gpio.o
                0x0000000008001894                HAL_GPIO_WritePin
 .text.HAL_PCD_Init
                0x00000000080018c6      0x248 ./Drivers/STM32F4xx_HAL_Driver/Src/stm32f4xx_hal_pcd.o
                0x00000000080018c6                HAL_PCD_Init
 .text.HAL_PCD_Start
                0x0000000008001b0e       0x66 ./Drivers/STM32F4xx_HAL_Driver/Src/stm32f4xx_hal_pcd.o
                0x0000000008001b0e                HAL_PCD_Start
 .text.HAL_PCD_IRQHandler
                0x0000000008001b74      0x998 ./Drivers/STM32F4xx_HAL_Driver/Src/stm32f4xx_hal_pcd.o
                0x0000000008001b74                HAL_PCD_IRQHandler
 .text.HAL_PCD_SetAddress
                0x000000000800250c       0x4a ./Drivers/STM32F4xx_HAL_Driver/Src/stm32f4xx_hal_pcd.o
                0x000000000800250c                HAL_PCD_SetAddress
 .text.HAL_PCD_EP_Open
                0x0000000008002556       0xd0 ./Drivers/STM32F4xx_HAL_Driver/Src/stm32f4xx_hal_pcd.o
                0x0000000008002556                HAL_PCD_EP_Open
 .text.HAL_PCD_EP_Close
                0x0000000008002626       0x94 ./Drivers/STM32F4xx_HAL_Driver/Src/stm32f4xx_hal_pcd.o
                0x0000000008002626                HAL_PCD_EP_Close
 .text.HAL_PCD_EP_Receive
                0x00000000080026ba       0x96 ./Drivers/STM32F4xx_HAL_Driver/Src/stm32f4xx_hal_pcd.o
                0x00000000080026ba                HAL_PCD_EP_Receive
 .text.HAL_PCD_EP_GetRxCount
                0x0000000008002750       0x30 ./Drivers/STM32F4xx_HAL_Driver/Src/stm32f4xx_hal_pcd.o
                0x0000000008002750                HAL_PCD_EP_GetRxCount
 .text.HAL_PCD_EP_Transmit
                0x0000000008002780       0x94 ./Drivers/STM32F4xx_HAL_Driver/Src/stm32f4xx_hal_pcd.o
                0x0000000008002780                HAL_PCD_EP_Transmit
 .text.HAL_PCD_EP_SetStall
                0x0000000008002814       0xc8 ./Drivers/STM32F4xx_HAL_Driver/Src/stm32f4xx_hal_pcd.o
                0x0000000008002814                HAL_PCD_EP_SetStall
 .text.HAL_PCD_EP_ClrStall
                0x00000000080028dc       0xac ./Drivers/STM32F4xx_HAL_Driver/Src/stm32f4xx_hal_pcd.o
                0x00000000080028dc                HAL_PCD_EP_ClrStall
 .text.HAL_PCD_EP_Abort
                0x0000000008002988       0x62 ./Drivers/STM32F4xx_HAL_Driver/Src/stm32f4xx_hal_pcd.o
                0x0000000008002988                HAL_PCD_EP_Abort
 .text.PCD_WriteEmptyTxFifo
                0x00000000080029ea      0x11a ./Drivers/STM32F4xx_HAL_Driver/Src/stm32f4xx_hal_pcd.o
 .text.PCD_EP_OutXfrComplete_int
                0x0000000008002b04      0x1d0 ./Drivers/STM32F4xx_HAL_Driver/Src/stm32f4xx_hal_pcd.o
 .text.PCD_EP_OutSetupPacket_int
                0x0000000008002cd4       0x8c ./Drivers/STM32F4xx_HAL_Driver/Src/stm32f4xx_hal_pcd.o
 .text.HAL_PCDEx_SetTxFiFo
                0x0000000008002d60       0x8e ./Drivers/STM32F4xx_HAL_Driver/Src/stm32f4xx_hal_pcd_ex.o
                0x0000000008002d60                HAL_PCDEx_SetTxFiFo
 .text.HAL_PCDEx_SetRxFiFo
                0x0000000008002dee       0x22 ./Drivers/STM32F4xx_HAL_Driver/Src/stm32f4xx_hal_pcd_ex.o
                0x0000000008002dee                HAL_PCDEx_SetRxFiFo
 .text.HAL_PCDEx_ActivateLPM
                0x0000000008002e10       0x48 ./Drivers/STM32F4xx_HAL_Driver/Src/stm32f4xx_hal_pcd_ex.o
                0x0000000008002e10                HAL_PCDEx_ActivateLPM
 .text.HAL_RCC_ClockConfig
                0x0000000008002e58      0x1cc ./Drivers/STM32F4xx_HAL_Driver/Src/stm32f4xx_hal_rcc.o
                0x0000000008002e58                HAL_RCC_ClockConfig
 .text.HAL_RCC_GetHCLKFreq
                0x0000000008003024       0x18 ./Drivers/STM32F4xx_HAL_Driver/Src/stm32f4xx_hal_rcc.o
                0x0000000008003024                HAL_RCC_GetHCLKFreq
 .text.HAL_RCCEx_PeriphCLKConfig
                0x000000000800303c      0x654 ./Drivers/STM32F4xx_HAL_Driver/Src/stm32f4xx_hal_rcc_ex.o
                0x000000000800303c                HAL_RCCEx_PeriphCLKConfig
 .text.HAL_RCC_GetSysClockFreq
                0x0000000008003690      0x354 ./Drivers/STM32F4xx_HAL_Driver/Src/stm32f4xx_hal_rcc_ex.o
                0x0000000008003690                HAL_RCC_GetSysClockFreq
 .text.HAL_RCC_OscConfig
                0x00000000080039e4      0x53c ./Drivers/STM32F4xx_HAL_Driver/Src/stm32f4xx_hal_rcc_ex.o
                0x00000000080039e4                HAL_RCC_OscConfig
 .text.USB_CoreInit
                0x0000000008003f20       0xc2 ./Drivers/STM32F4xx_HAL_Driver/Src/stm32f4xx_ll_usb.o
                0x0000000008003f20                USB_CoreInit
 *fill*         0x0000000008003fe2        0x2 
 .text.USB_SetTurnaroundTime
                0x0000000008003fe4      0x144 ./Drivers/STM32F4xx_HAL_Driver/Src/stm32f4xx_ll_usb.o
                0x0000000008003fe4                USB_SetTurnaroundTime
 .text.USB_EnableGlobalInt
                0x0000000008004128       0x22 ./Drivers/STM32F4xx_HAL_Driver/Src/stm32f4xx_ll_usb.o
                0x0000000008004128                USB_EnableGlobalInt
 .text.USB_DisableGlobalInt
                0x000000000800414a       0x22 ./Drivers/STM32F4xx_HAL_Driver/Src/stm32f4xx_ll_usb.o
                0x000000000800414a                USB_DisableGlobalInt
 .text.USB_SetCurrentMode
                0x000000000800416c       0x98 ./Drivers/STM32F4xx_HAL_Driver/Src/stm32f4xx_ll_usb.o
                0x000000000800416c                USB_SetCurrentMode
 .text.USB_DevInit
                0x0000000008004204      0x2bc ./Drivers/STM32F4xx_HAL_Driver/Src/stm32f4xx_ll_usb.o
                0x0000000008004204                USB_DevInit
 .text.USB_FlushTxFifo
                0x00000000080044c0       0x68 ./Drivers/STM32F4xx_HAL_Driver/Src/stm32f4xx_ll_usb.o
                0x00000000080044c0                USB_FlushTxFifo
 .text.USB_FlushRxFifo
                0x0000000008004528       0x60 ./Drivers/STM32F4xx_HAL_Driver/Src/stm32f4xx_ll_usb.o
                0x0000000008004528                USB_FlushRxFifo
 .text.USB_SetDevSpeed
                0x0000000008004588       0x32 ./Drivers/STM32F4xx_HAL_Driver/Src/stm32f4xx_ll_usb.o
                0x0000000008004588                USB_SetDevSpeed
 .text.USB_GetDevSpeed
                0x00000000080045ba       0x4a ./Drivers/STM32F4xx_HAL_Driver/Src/stm32f4xx_ll_usb.o
                0x00000000080045ba                USB_GetDevSpeed
 .text.USB_ActivateEndpoint
                0x0000000008004604      0x10e ./Drivers/STM32F4xx_HAL_Driver/Src/stm32f4xx_ll_usb.o
                0x0000000008004604                USB_ActivateEndpoint
 *fill*         0x0000000008004712        0x2 
 .text.USB_DeactivateEndpoint
                0x0000000008004714      0x1b8 ./Drivers/STM32F4xx_HAL_Driver/Src/stm32f4xx_ll_usb.o
                0x0000000008004714                USB_DeactivateEndpoint
 .text.USB_EPStartXfer
                0x00000000080048cc      0x490 ./Drivers/STM32F4xx_HAL_Driver/Src/stm32f4xx_ll_usb.o
                0x00000000080048cc                USB_EPStartXfer
 .text.USB_EP0StartXfer
                0x0000000008004d5c      0x2b0 ./Drivers/STM32F4xx_HAL_Driver/Src/stm32f4xx_ll_usb.o
                0x0000000008004d5c                USB_EP0StartXfer
 .text.USB_EPStopXfer
                0x000000000800500c      0x154 ./Drivers/STM32F4xx_HAL_Driver/Src/stm32f4xx_ll_usb.o
                0x000000000800500c                USB_EPStopXfer
 .text.USB_WritePacket
                0x0000000008005160       0x7c ./Drivers/STM32F4xx_HAL_Driver/Src/stm32f4xx_ll_usb.o
                0x0000000008005160                USB_WritePacket
 .text.USB_ReadPacket
                0x00000000080051dc       0xb0 ./Drivers/STM32F4xx_HAL_Driver/Src/stm32f4xx_ll_usb.o
                0x00000000080051dc                USB_ReadPacket
 .text.USB_EPSetStall
                0x000000000800528c       0xdc ./Drivers/STM32F4xx_HAL_Driver/Src/stm32f4xx_ll_usb.o
                0x000000000800528c                USB_EPSetStall
 .text.USB_EPClearStall
                0x0000000008005368       0xcc ./Drivers/STM32F4xx_HAL_Driver/Src/stm32f4xx_ll_usb.o
                0x0000000008005368                USB_EPClearStall
 .text.USB_SetDevAddress
                0x0000000008005434       0x4c ./Drivers/STM32F4xx_HAL_Driver/Src/stm32f4xx_ll_usb.o
                0x0000000008005434                USB_SetDevAddress
 .text.USB_DevConnect
                0x0000000008005480       0x42 ./Drivers/STM32F4xx_HAL_Driver/Src/stm32f4xx_ll_usb.o
                0x0000000008005480                USB_DevConnect
 .text.USB_DevDisconnect
                0x00000000080054c2       0x42 ./Drivers/STM32F4xx_HAL_Driver/Src/stm32f4xx_ll_usb.o
                0x00000000080054c2                USB_DevDisconnect
 .text.USB_ReadInterrupts
                0x0000000008005504       0x26 ./Drivers/STM32F4xx_HAL_Driver/Src/stm32f4xx_ll_usb.o
                0x0000000008005504                USB_ReadInterrupts
 .text.USB_ReadDevAllOutEpInterrupt
                0x000000000800552a       0x34 ./Drivers/STM32F4xx_HAL_Driver/Src/stm32f4xx_ll_usb.o
                0x000000000800552a                USB_ReadDevAllOutEpInterrupt
 .text.USB_ReadDevAllInEpInterrupt
                0x000000000800555e       0x34 ./Drivers/STM32F4xx_HAL_Driver/Src/stm32f4xx_ll_usb.o
                0x000000000800555e                USB_ReadDevAllInEpInterrupt
 .text.USB_ReadDevOutEPInterrupt
                0x0000000008005592       0x3c ./Drivers/STM32F4xx_HAL_Driver/Src/stm32f4xx_ll_usb.o
                0x0000000008005592                USB_ReadDevOutEPInterrupt
 .text.USB_ReadDevInEPInterrupt
                0x00000000080055ce       0x5c ./Drivers/STM32F4xx_HAL_Driver/Src/stm32f4xx_ll_usb.o
                0x00000000080055ce                USB_ReadDevInEPInterrupt
 .text.USB_GetMode
                0x000000000800562a       0x1c ./Drivers/STM32F4xx_HAL_Driver/Src/stm32f4xx_ll_usb.o
                0x000000000800562a                USB_GetMode
 .text.USB_ActivateSetup
                0x0000000008005646       0x46 ./Drivers/STM32F4xx_HAL_Driver/Src/stm32f4xx_ll_usb.o
                0x0000000008005646                USB_ActivateSetup
 .text.USB_EP0_OutStart
                0x000000000800568c       0xbc ./Drivers/STM32F4xx_HAL_Driver/Src/stm32f4xx_ll_usb.o
                0x000000000800568c                USB_EP0_OutStart
 .text.USB_CoreReset
                0x0000000008005748       0x68 ./Drivers/STM32F4xx_HAL_Driver/Src/stm32f4xx_ll_usb.o
 .text.USBD_CDC_Init
                0x00000000080057b0      0x1f0 ./Middlewares/ST/STM32_USB_Device_Library/Class/CDC/Src/usbd_cdc.o
 .text.USBD_CDC_DeInit
                0x00000000080059a0      0x104 ./Middlewares/ST/STM32_USB_Device_Library/Class/CDC/Src/usbd_cdc.o
 .text.USBD_CDC_Setup
                0x0000000008005aa4      0x1b8 ./Middlewares/ST/STM32_USB_Device_Library/Class/CDC/Src/usbd_cdc.o
 .text.USBD_CDC_DataIn
                0x0000000008005c5c       0xfe ./Middlewares/ST/STM32_USB_Device_Library/Class/CDC/Src/usbd_cdc.o
 .text.USBD_CDC_DataOut
                0x0000000008005d5a       0x70 ./Middlewares/ST/STM32_USB_Device_Library/Class/CDC/Src/usbd_cdc.o
 .text.USBD_CDC_EP0_RxReady
                0x0000000008005dca       0x76 ./Middlewares/ST/STM32_USB_Device_Library/Class/CDC/Src/usbd_cdc.o
 .text.USBD_CDC_GetFSCfgDesc
                0x0000000008005e40       0x70 ./Middlewares/ST/STM32_USB_Device_Library/Class/CDC/Src/usbd_cdc.o
 .text.USBD_CDC_GetHSCfgDesc
                0x0000000008005eb0       0x70 ./Middlewares/ST/STM32_USB_Device_Library/Class/CDC/Src/usbd_cdc.o
 .text.USBD_CDC_GetOtherSpeedCfgDesc
                0x0000000008005f20       0x70 ./Middlewares/ST/STM32_USB_Device_Library/Class/CDC/Src/usbd_cdc.o
 .text.USBD_CDC_GetDeviceQualifierDescriptor
                0x0000000008005f90       0x20 ./Middlewares/ST/STM32_USB_Device_Library/Class/CDC/Src/usbd_cdc.o
                0x0000000008005f90                USBD_CDC_GetDeviceQualifierDescriptor
 .text.USBD_CDC_RegisterInterface
                0x0000000008005fb0       0x34 ./Middlewares/ST/STM32_USB_Device_Library/Class/CDC/Src/usbd_cdc.o
                0x0000000008005fb0                USBD_CDC_RegisterInterface
 .text.USBD_CDC_SetTxBuffer
                0x0000000008005fe4       0x44 ./Middlewares/ST/STM32_USB_Device_Library/Class/CDC/Src/usbd_cdc.o
                0x0000000008005fe4                USBD_CDC_SetTxBuffer
 .text.USBD_CDC_SetRxBuffer
                0x0000000008006028       0x3a ./Middlewares/ST/STM32_USB_Device_Library/Class/CDC/Src/usbd_cdc.o
                0x0000000008006028                USBD_CDC_SetRxBuffer
 *fill*         0x0000000008006062        0x2 
 .text.USBD_CDC_TransmitPacket
                0x0000000008006064       0x8c ./Middlewares/ST/STM32_USB_Device_Library/Class/CDC/Src/usbd_cdc.o
                0x0000000008006064                USBD_CDC_TransmitPacket
 .text.USBD_CDC_ReceivePacket
                0x00000000080060f0       0x6c ./Middlewares/ST/STM32_USB_Device_Library/Class/CDC/Src/usbd_cdc.o
                0x00000000080060f0                USBD_CDC_ReceivePacket
 .text.USBD_Init
                0x000000000800615c       0x60 ./Middlewares/ST/STM32_USB_Device_Library/Core/Src/usbd_core.o
                0x000000000800615c                USBD_Init
 .text.USBD_RegisterClass
                0x00000000080061bc       0x6c ./Middlewares/ST/STM32_USB_Device_Library/Core/Src/usbd_core.o
                0x00000000080061bc                USBD_RegisterClass
 .text.USBD_Start
                0x0000000008006228       0x18 ./Middlewares/ST/STM32_USB_Device_Library/Core/Src/usbd_core.o
                0x0000000008006228                USBD_Start
 .text.USBD_RunTestMode
                0x0000000008006240       0x16 ./Middlewares/ST/STM32_USB_Device_Library/Core/Src/usbd_core.o
                0x0000000008006240                USBD_RunTestMode
 .text.USBD_SetClassConfig
                0x0000000008006256       0x38 ./Middlewares/ST/STM32_USB_Device_Library/Core/Src/usbd_core.o
                0x0000000008006256                USBD_SetClassConfig
 .text.USBD_ClrClassConfig
                0x000000000800628e       0x34 ./Middlewares/ST/STM32_USB_Device_Library/Core/Src/usbd_core.o
                0x000000000800628e                USBD_ClrClassConfig
 .text.USBD_LL_SetupStage
                0x00000000080062c2       0xaa ./Middlewares/ST/STM32_USB_Device_Library/Core/Src/usbd_core.o
                0x00000000080062c2                USBD_LL_SetupStage
 .text.USBD_LL_DataOutStage
                0x000000000800636c      0x166 ./Middlewares/ST/STM32_USB_Device_Library/Core/Src/usbd_core.o
                0x000000000800636c                USBD_LL_DataOutStage
 .text.USBD_LL_DataInStage
                0x00000000080064d2      0x164 ./Middlewares/ST/STM32_USB_Device_Library/Core/Src/usbd_core.o
                0x00000000080064d2                USBD_LL_DataInStage
 .text.USBD_LL_Reset
                0x0000000008006636       0xa4 ./Middlewares/ST/STM32_USB_Device_Library/Core/Src/usbd_core.o
                0x0000000008006636                USBD_LL_Reset
 .text.USBD_LL_SetSpeed
                0x00000000080066da       0x20 ./Middlewares/ST/STM32_USB_Device_Library/Core/Src/usbd_core.o
                0x00000000080066da                USBD_LL_SetSpeed
 .text.USBD_LL_Suspend
                0x00000000080066fa       0x2c ./Middlewares/ST/STM32_USB_Device_Library/Core/Src/usbd_core.o
                0x00000000080066fa                USBD_LL_Suspend
 .text.USBD_LL_Resume
                0x0000000008006726       0x30 ./Middlewares/ST/STM32_USB_Device_Library/Core/Src/usbd_core.o
                0x0000000008006726                USBD_LL_Resume
 .text.USBD_LL_SOF
                0x0000000008006756       0x40 ./Middlewares/ST/STM32_USB_Device_Library/Core/Src/usbd_core.o
                0x0000000008006756                USBD_LL_SOF
 .text.USBD_LL_IsoINIncomplete
                0x0000000008006796       0x64 ./Middlewares/ST/STM32_USB_Device_Library/Core/Src/usbd_core.o
                0x0000000008006796                USBD_LL_IsoINIncomplete
 .text.USBD_LL_IsoOUTIncomplete
                0x00000000080067fa       0x64 ./Middlewares/ST/STM32_USB_Device_Library/Core/Src/usbd_core.o
                0x00000000080067fa                USBD_LL_IsoOUTIncomplete
 .text.USBD_LL_DevConnected
                0x000000000800685e       0x16 ./Middlewares/ST/STM32_USB_Device_Library/Core/Src/usbd_core.o
                0x000000000800685e                USBD_LL_DevConnected
 .text.USBD_LL_DevDisconnected
                0x0000000008006874       0x46 ./Middlewares/ST/STM32_USB_Device_Library/Core/Src/usbd_core.o
                0x0000000008006874                USBD_LL_DevDisconnected
 .text.USBD_CoreFindIF
                0x00000000080068ba       0x1a ./Middlewares/ST/STM32_USB_Device_Library/Core/Src/usbd_core.o
                0x00000000080068ba                USBD_CoreFindIF
 .text.USBD_CoreFindEP
                0x00000000080068d4       0x1a ./Middlewares/ST/STM32_USB_Device_Library/Core/Src/usbd_core.o
                0x00000000080068d4                USBD_CoreFindEP
 .text.USBD_GetEpDesc
                0x00000000080068ee       0x74 ./Middlewares/ST/STM32_USB_Device_Library/Core/Src/usbd_core.o
                0x00000000080068ee                USBD_GetEpDesc
 .text.USBD_GetNextDesc
                0x0000000008006962       0x3a ./Middlewares/ST/STM32_USB_Device_Library/Core/Src/usbd_core.o
                0x0000000008006962                USBD_GetNextDesc
 .text.SWAPBYTE
                0x000000000800699c       0x3c ./Middlewares/ST/STM32_USB_Device_Library/Core/Src/usbd_ctlreq.o
 .text.USBD_StdDevReq
                0x00000000080069d8       0xe4 ./Middlewares/ST/STM32_USB_Device_Library/Core/Src/usbd_ctlreq.o
                0x00000000080069d8                USBD_StdDevReq
 .text.USBD_StdItfReq
                0x0000000008006abc       0xd8 ./Middlewares/ST/STM32_USB_Device_Library/Core/Src/usbd_ctlreq.o
                0x0000000008006abc                USBD_StdItfReq
 .text.USBD_StdEPReq
                0x0000000008006b94      0x33a ./Middlewares/ST/STM32_USB_Device_Library/Core/Src/usbd_ctlreq.o
                0x0000000008006b94                USBD_StdEPReq
 *fill*         0x0000000008006ece        0x2 
 .text.USBD_GetDescriptor
                0x0000000008006ed0      0x328 ./Middlewares/ST/STM32_USB_Device_Library/Core/Src/usbd_ctlreq.o
 .text.USBD_SetAddress
                0x00000000080071f8       0x88 ./Middlewares/ST/STM32_USB_Device_Library/Core/Src/usbd_ctlreq.o
 .text.USBD_SetConfig
                0x0000000008007280      0x154 ./Middlewares/ST/STM32_USB_Device_Library/Core/Src/usbd_ctlreq.o
 .text.USBD_GetConfig
                0x00000000080073d4       0x6c ./Middlewares/ST/STM32_USB_Device_Library/Core/Src/usbd_ctlreq.o
 .text.USBD_GetStatus
                0x0000000008007440       0x68 ./Middlewares/ST/STM32_USB_Device_Library/Core/Src/usbd_ctlreq.o
 .text.USBD_SetFeature
                0x00000000080074a8       0x52 ./Middlewares/ST/STM32_USB_Device_Library/Core/Src/usbd_ctlreq.o
 .text.USBD_ClrFeature
                0x00000000080074fa       0x44 ./Middlewares/ST/STM32_USB_Device_Library/Core/Src/usbd_ctlreq.o
 .text.USBD_ParseSetupRequest
                0x000000000800753e       0x74 ./Middlewares/ST/STM32_USB_Device_Library/Core/Src/usbd_ctlreq.o
                0x000000000800753e                USBD_ParseSetupRequest
 .text.USBD_CtlError
                0x00000000080075b2       0x22 ./Middlewares/ST/STM32_USB_Device_Library/Core/Src/usbd_ctlreq.o
                0x00000000080075b2                USBD_CtlError
 .text.USBD_GetString
                0x00000000080075d4       0x8c ./Middlewares/ST/STM32_USB_Device_Library/Core/Src/usbd_ctlreq.o
                0x00000000080075d4                USBD_GetString
 .text.USBD_GetLen
                0x0000000008007660       0x34 ./Middlewares/ST/STM32_USB_Device_Library/Core/Src/usbd_ctlreq.o
 .text.USBD_CtlSendData
                0x0000000008007694       0x36 ./Middlewares/ST/STM32_USB_Device_Library/Core/Src/usbd_ioreq.o
                0x0000000008007694                USBD_CtlSendData
 .text.USBD_CtlContinueSendData
                0x00000000080076ca       0x22 ./Middlewares/ST/STM32_USB_Device_Library/Core/Src/usbd_ioreq.o
                0x00000000080076ca                USBD_CtlContinueSendData
 .text.USBD_CtlPrepareRx
                0x00000000080076ec       0x3a ./Middlewares/ST/STM32_USB_Device_Library/Core/Src/usbd_ioreq.o
                0x00000000080076ec                USBD_CtlPrepareRx
 .text.USBD_CtlContinueRx
                0x0000000008007726       0x22 ./Middlewares/ST/STM32_USB_Device_Library/Core/Src/usbd_ioreq.o
                0x0000000008007726                USBD_CtlContinueRx
 .text.USBD_CtlSendStatus
                0x0000000008007748       0x26 ./Middlewares/ST/STM32_USB_Device_Library/Core/Src/usbd_ioreq.o
                0x0000000008007748                USBD_CtlSendStatus
 .text.USBD_CtlReceiveStatus
                0x000000000800776e       0x26 ./Middlewares/ST/STM32_USB_Device_Library/Core/Src/usbd_ioreq.o
                0x000000000800776e                USBD_CtlReceiveStatus
 .text.MX_USB_DEVICE_Init
                0x0000000008007794       0x60 ./USB_DEVICE/App/usb_device.o
                0x0000000008007794                MX_USB_DEVICE_Init
 .text.CDC_Init_FS
                0x00000000080077f4       0x28 ./USB_DEVICE/App/usbd_cdc_if.o
 .text.CDC_DeInit_FS
                0x000000000800781c       0x10 ./USB_DEVICE/App/usbd_cdc_if.o
 .text.CDC_Control_FS
                0x000000000800782c       0xbc ./USB_DEVICE/App/usbd_cdc_if.o
 .text.CDC_Receive_FS
                0x00000000080078e8       0x28 ./USB_DEVICE/App/usbd_cdc_if.o
                0x00000000080078e8                CDC_Receive_FS
 .text.CDC_Transmit_FS
                0x0000000008007910       0x4c ./USB_DEVICE/App/usbd_cdc_if.o
                0x0000000008007910                CDC_Transmit_FS
 .text.CDC_TransmitCplt_FS
                0x000000000800795c       0x22 ./USB_DEVICE/App/usbd_cdc_if.o
 *fill*         0x000000000800797e        0x2 
 .text.USBD_FS_DeviceDescriptor
                0x0000000008007980       0x24 ./USB_DEVICE/App/usbd_desc.o
                0x0000000008007980                USBD_FS_DeviceDescriptor
 .text.USBD_FS_LangIDStrDescriptor
                0x00000000080079a4       0x24 ./USB_DEVICE/App/usbd_desc.o
                0x00000000080079a4                USBD_FS_LangIDStrDescriptor
 .text.USBD_FS_ProductStrDescriptor
                0x00000000080079c8       0x3c ./USB_DEVICE/App/usbd_desc.o
                0x00000000080079c8                USBD_FS_ProductStrDescriptor
 .text.USBD_FS_ManufacturerStrDescriptor
                0x0000000008007a04       0x28 ./USB_DEVICE/App/usbd_desc.o
                0x0000000008007a04                USBD_FS_ManufacturerStrDescriptor
 .text.USBD_FS_SerialStrDescriptor
                0x0000000008007a2c       0x24 ./USB_DEVICE/App/usbd_desc.o
                0x0000000008007a2c                USBD_FS_SerialStrDescriptor
 .text.USBD_FS_ConfigStrDescriptor
                0x0000000008007a50       0x3c ./USB_DEVICE/App/usbd_desc.o
                0x0000000008007a50                USBD_FS_ConfigStrDescriptor
 .text.USBD_FS_InterfaceStrDescriptor
                0x0000000008007a8c       0x3c ./USB_DEVICE/App/usbd_desc.o
                0x0000000008007a8c                USBD_FS_InterfaceStrDescriptor
 .text.USBD_FS_USR_BOSDescriptor
                0x0000000008007ac8       0x24 ./USB_DEVICE/App/usbd_desc.o
                0x0000000008007ac8                USBD_FS_USR_BOSDescriptor
 .text.Get_SerialNum
                0x0000000008007aec       0x58 ./USB_DEVICE/App/usbd_desc.o
 .text.IntToUnicode
                0x0000000008007b44       0x7e ./USB_DEVICE/App/usbd_desc.o
 *fill*         0x0000000008007bc2        0x2 
 .text.HAL_PCD_MspInit
                0x0000000008007bc4       0xd4 ./USB_DEVICE/Target/usbd_conf.o
                0x0000000008007bc4                HAL_PCD_MspInit
 .text.HAL_PCD_SetupStageCallback
                0x0000000008007c98       0x24 ./USB_DEVICE/Target/usbd_conf.o
                0x0000000008007c98                HAL_PCD_SetupStageCallback
 .text.HAL_PCD_DataOutStageCallback
                0x0000000008007cbc       0x36 ./USB_DEVICE/Target/usbd_conf.o
                0x0000000008007cbc                HAL_PCD_DataOutStageCallback
 .text.HAL_PCD_DataInStageCallback
                0x0000000008007cf2       0x34 ./USB_DEVICE/Target/usbd_conf.o
                0x0000000008007cf2                HAL_PCD_DataInStageCallback
 .text.HAL_PCD_SOFCallback
                0x0000000008007d26       0x1c ./USB_DEVICE/Target/usbd_conf.o
                0x0000000008007d26                HAL_PCD_SOFCallback
 .text.HAL_PCD_ResetCallback
                0x0000000008007d42       0x50 ./USB_DEVICE/Target/usbd_conf.o
                0x0000000008007d42                HAL_PCD_ResetCallback
 *fill*         0x0000000008007d92        0x2 
 .text.HAL_PCD_SuspendCallback
                0x0000000008007d94       0x4c ./USB_DEVICE/Target/usbd_conf.o
                0x0000000008007d94                HAL_PCD_SuspendCallback
 .text.HAL_PCD_ResumeCallback
                0x0000000008007de0       0x1c ./USB_DEVICE/Target/usbd_conf.o
                0x0000000008007de0                HAL_PCD_ResumeCallback
 .text.HAL_PCD_ISOOUTIncompleteCallback
                0x0000000008007dfc       0x24 ./USB_DEVICE/Target/usbd_conf.o
                0x0000000008007dfc                HAL_PCD_ISOOUTIncompleteCallback
 .text.HAL_PCD_ISOINIncompleteCallback
                0x0000000008007e20       0x24 ./USB_DEVICE/Target/usbd_conf.o
                0x0000000008007e20                HAL_PCD_ISOINIncompleteCallback
 .text.HAL_PCD_ConnectCallback
                0x0000000008007e44       0x1c ./USB_DEVICE/Target/usbd_conf.o
                0x0000000008007e44                HAL_PCD_ConnectCallback
 .text.HAL_PCD_DisconnectCallback
                0x0000000008007e60       0x1c ./USB_DEVICE/Target/usbd_conf.o
                0x0000000008007e60                HAL_PCD_DisconnectCallback
 .text.USBD_LL_Init
                0x0000000008007e7c       0x98 ./USB_DEVICE/Target/usbd_conf.o
                0x0000000008007e7c                USBD_LL_Init
 .text.USBD_LL_Start
                0x0000000008007f14       0x36 ./USB_DEVICE/Target/usbd_conf.o
                0x0000000008007f14                USBD_LL_Start
 .text.USBD_LL_OpenEP
                0x0000000008007f4a       0x4c ./USB_DEVICE/Target/usbd_conf.o
                0x0000000008007f4a                USBD_LL_OpenEP
 .text.USBD_LL_CloseEP
                0x0000000008007f96       0x3e ./USB_DEVICE/Target/usbd_conf.o
                0x0000000008007f96                USBD_LL_CloseEP
 .text.USBD_LL_StallEP
                0x0000000008007fd4       0x3e ./USB_DEVICE/Target/usbd_conf.o
                0x0000000008007fd4                USBD_LL_StallEP
 .text.USBD_LL_ClearStallEP
                0x0000000008008012       0x3e ./USB_DEVICE/Target/usbd_conf.o
                0x0000000008008012                USBD_LL_ClearStallEP
 .text.USBD_LL_IsStallEP
                0x0000000008008050       0x58 ./USB_DEVICE/Target/usbd_conf.o
                0x0000000008008050                USBD_LL_IsStallEP
 .text.USBD_LL_SetUSBAddress
                0x00000000080080a8       0x3e ./USB_DEVICE/Target/usbd_conf.o
                0x00000000080080a8                USBD_LL_SetUSBAddress
 .text.USBD_LL_Transmit
                0x00000000080080e6       0x42 ./USB_DEVICE/Target/usbd_conf.o
                0x00000000080080e6                USBD_LL_Transmit
 .text.USBD_LL_PrepareReceive
                0x0000000008008128       0x42 ./USB_DEVICE/Target/usbd_conf.o
                0x0000000008008128                USBD_LL_PrepareReceive
 .text.USBD_LL_GetRxDataSize
                0x000000000800816a       0x26 ./USB_DEVICE/Target/usbd_conf.o
                0x000000000800816a                USBD_LL_GetRxDataSize
 .text.HAL_PCDEx_LPM_Callback
                0x0000000008008190       0x9c ./USB_DEVICE/Target/usbd_conf.o
                0x0000000008008190                HAL_PCDEx_LPM_Callback
 .text.USBD_static_malloc
                0x000000000800822c       0x1c ./USB_DEVICE/Target/usbd_conf.o
                0x000000000800822c                USBD_static_malloc
 .text.USBD_static_free
                0x0000000008008248       0x14 ./USB_DEVICE/Target/usbd_conf.o
                0x0000000008008248                USBD_static_free
 .text.USBD_Get_USB_Status
                0x000000000800825c       0x58 ./USB_DEVICE/Target/usbd_conf.o
                0x000000000800825c                USBD_Get_USB_Status
 .text.__libc_init_array
                0x00000000080082b4       0x48 c:/st/stm32cubeide_1.9.0/stm32cubeide/plugins/com.st.stm32cube.ide.mcu.externaltools.gnu-tools-for-stm32.10.3-2021.10.win32_1.0.0.202111181127/tools/bin/../lib/gcc/arm-none-eabi/10.3.1/../../../../arm-none-eabi/lib/thumb/v7e-m+fp/hard\libc_nano.a(lib_a-init.o)
                0x00000000080082b4                __libc_init_array
 .text.memset   0x00000000080082fc       0x10 c:/st/stm32cubeide_1.9.0/stm32cubeide/plugins/com.st.stm32cube.ide.mcu.externaltools.gnu-tools-for-stm32.10.3-2021.10.win32_1.0.0.202111181127/tools/bin/../lib/gcc/arm-none-eabi/10.3.1/../../../../arm-none-eabi/lib/thumb/v7e-m+fp/hard\libc_nano.a(lib_a-memset.o)
                0x00000000080082fc                memset
 *(.glue_7)
 .glue_7        0x000000000800830c        0x0 linker stubs
 *(.glue_7t)
 .glue_7t       0x000000000800830c        0x0 linker stubs
 *(.eh_frame)
 .eh_frame      0x000000000800830c        0x0 c:/st/stm32cubeide_1.9.0/stm32cubeide/plugins/com.st.stm32cube.ide.mcu.externaltools.gnu-tools-for-stm32.10.3-2021.10.win32_1.0.0.202111181127/tools/bin/../lib/gcc/arm-none-eabi/10.3.1/thumb/v7e-m+fp/hard/crtbegin.o
 *(.init)
 .init          0x000000000800830c        0x4 c:/st/stm32cubeide_1.9.0/stm32cubeide/plugins/com.st.stm32cube.ide.mcu.externaltools.gnu-tools-for-stm32.10.3-2021.10.win32_1.0.0.202111181127/tools/bin/../lib/gcc/arm-none-eabi/10.3.1/thumb/v7e-m+fp/hard/crti.o
                0x000000000800830c                _init
 .init          0x0000000008008310        0x8 c:/st/stm32cubeide_1.9.0/stm32cubeide/plugins/com.st.stm32cube.ide.mcu.externaltools.gnu-tools-for-stm32.10.3-2021.10.win32_1.0.0.202111181127/tools/bin/../lib/gcc/arm-none-eabi/10.3.1/thumb/v7e-m+fp/hard/crtn.o
 *(.fini)
 .fini          0x0000000008008318        0x4 c:/st/stm32cubeide_1.9.0/stm32cubeide/plugins/com.st.stm32cube.ide.mcu.externaltools.gnu-tools-for-stm32.10.3-2021.10.win32_1.0.0.202111181127/tools/bin/../lib/gcc/arm-none-eabi/10.3.1/thumb/v7e-m+fp/hard/crti.o
                0x0000000008008318                _fini
 .fini          0x000000000800831c        0x8 c:/st/stm32cubeide_1.9.0/stm32cubeide/plugins/com.st.stm32cube.ide.mcu.externaltools.gnu-tools-for-stm32.10.3-2021.10.win32_1.0.0.202111181127/tools/bin/../lib/gcc/arm-none-eabi/10.3.1/thumb/v7e-m+fp/hard/crtn.o
                0x0000000008008324                . = ALIGN (0x4)
                0x0000000008008324                _etext = .

.vfp11_veneer   0x0000000008008324        0x0
 .vfp11_veneer  0x0000000008008324        0x0 linker stubs

.v4_bx          0x0000000008008324        0x0
 .v4_bx         0x0000000008008324        0x0 linker stubs

.iplt           0x0000000008008324        0x0
 .iplt          0x0000000008008324        0x0 c:/st/stm32cubeide_1.9.0/stm32cubeide/plugins/com.st.stm32cube.ide.mcu.externaltools.gnu-tools-for-stm32.10.3-2021.10.win32_1.0.0.202111181127/tools/bin/../lib/gcc/arm-none-eabi/10.3.1/thumb/v7e-m+fp/hard/crtbegin.o

.rodata         0x0000000008008324       0x58
                0x0000000008008324                . = ALIGN (0x4)
 *(.rodata)
 .rodata        0x0000000008008324       0x46 ./USB_DEVICE/App/usbd_desc.o
 *(.rodata*)
 *fill*         0x000000000800836a        0x2 
 .rodata.AHBPrescTable
                0x000000000800836c       0x10 ./Core/Src/system_stm32f4xx.o
                0x000000000800836c                AHBPrescTable
                0x000000000800837c                . = ALIGN (0x4)

.ARM.extab      0x000000000800837c        0x0
                0x000000000800837c                . = ALIGN (0x4)
 *(.ARM.extab* .gnu.linkonce.armextab.*)
                0x000000000800837c                . = ALIGN (0x4)

.ARM            0x000000000800837c        0x8
                0x000000000800837c                . = ALIGN (0x4)
                0x000000000800837c                __exidx_start = .
 *(.ARM.exidx*)
 .ARM.exidx     0x000000000800837c        0x8 c:/st/stm32cubeide_1.9.0/stm32cubeide/plugins/com.st.stm32cube.ide.mcu.externaltools.gnu-tools-for-stm32.10.3-2021.10.win32_1.0.0.202111181127/tools/bin/../lib/gcc/arm-none-eabi/10.3.1/thumb/v7e-m+fp/hard\libgcc.a(_udivmoddi4.o)
                0x0000000008008384                __exidx_end = .
                0x0000000008008384                . = ALIGN (0x4)

.rel.dyn        0x0000000008008384        0x0
 .rel.iplt      0x0000000008008384        0x0 c:/st/stm32cubeide_1.9.0/stm32cubeide/plugins/com.st.stm32cube.ide.mcu.externaltools.gnu-tools-for-stm32.10.3-2021.10.win32_1.0.0.202111181127/tools/bin/../lib/gcc/arm-none-eabi/10.3.1/thumb/v7e-m+fp/hard/crtbegin.o

.preinit_array  0x0000000008008384        0x0
                0x0000000008008384                . = ALIGN (0x4)
                0x0000000008008384                PROVIDE (__preinit_array_start = .)
 *(.preinit_array*)
                0x0000000008008384                PROVIDE (__preinit_array_end = .)
                0x0000000008008384                . = ALIGN (0x4)

.init_array     0x0000000008008384        0x4
                0x0000000008008384                . = ALIGN (0x4)
                0x0000000008008384                PROVIDE (__init_array_start = .)
 *(SORT_BY_NAME(.init_array.*))
 *(.init_array*)
 .init_array    0x0000000008008384        0x4 c:/st/stm32cubeide_1.9.0/stm32cubeide/plugins/com.st.stm32cube.ide.mcu.externaltools.gnu-tools-for-stm32.10.3-2021.10.win32_1.0.0.202111181127/tools/bin/../lib/gcc/arm-none-eabi/10.3.1/thumb/v7e-m+fp/hard/crtbegin.o
                0x0000000008008388                PROVIDE (__init_array_end = .)
                0x0000000008008388                . = ALIGN (0x4)

.fini_array     0x0000000008008388        0x4
                0x0000000008008388                . = ALIGN (0x4)
                [!provide]                        PROVIDE (__fini_array_start = .)
 *(SORT_BY_NAME(.fini_array.*))
 *(.fini_array*)
 .fini_array    0x0000000008008388        0x4 c:/st/stm32cubeide_1.9.0/stm32cubeide/plugins/com.st.stm32cube.ide.mcu.externaltools.gnu-tools-for-stm32.10.3-2021.10.win32_1.0.0.202111181127/tools/bin/../lib/gcc/arm-none-eabi/10.3.1/thumb/v7e-m+fp/hard/crtbegin.o
                [!provide]                        PROVIDE (__fini_array_end = .)
                0x000000000800838c                . = ALIGN (0x4)
                0x000000000800838c                _sidata = LOADADDR (.data)

.data           0x0000000020000000      0x118 load address 0x000000000800838c
                0x0000000020000000                . = ALIGN (0x4)
                0x0000000020000000                _sdata = .
 *(.data)
 *(.data*)
 .data.ID       0x0000000020000000        0x2 ./Core/Src/main.o
                0x0000000020000000                ID
 *fill*         0x0000000020000002        0x2 
 .data.ANTWORT  0x0000000020000004        0x2 ./Core/Src/main.o
                0x0000000020000004                ANTWORT
 *fill*         0x0000000020000006        0x2 
 .data.ANTWORT_DT
                0x0000000020000008        0x2 ./Core/Src/main.o
                0x0000000020000008                ANTWORT_DT
 *fill*         0x000000002000000a        0x2 
 .data.SystemCoreClock
                0x000000002000000c        0x4 ./Core/Src/system_stm32f4xx.o
                0x000000002000000c                SystemCoreClock
 .data.uwTickPrio
                0x0000000020000010        0x4 ./Drivers/STM32F4xx_HAL_Driver/Src/stm32f4xx_hal.o
                0x0000000020000010                uwTickPrio
 .data.uwTickFreq
                0x0000000020000014        0x1 ./Drivers/STM32F4xx_HAL_Driver/Src/stm32f4xx_hal.o
                0x0000000020000014                uwTickFreq
 *fill*         0x0000000020000015        0x3 
 .data.USBD_CDC_DeviceQualifierDesc
                0x0000000020000018        0xa ./Middlewares/ST/STM32_USB_Device_Library/Class/CDC/Src/usbd_cdc.o
 *fill*         0x0000000020000022        0x2 
 .data.USBD_CDC
                0x0000000020000024       0x38 ./Middlewares/ST/STM32_USB_Device_Library/Class/CDC/Src/usbd_cdc.o
                0x0000000020000024                USBD_CDC
 .data.USBD_CDC_CfgDesc
                0x000000002000005c       0x43 ./Middlewares/ST/STM32_USB_Device_Library/Class/CDC/Src/usbd_cdc.o
 .data.CDCInEpAdd
                0x000000002000009f        0x1 ./Middlewares/ST/STM32_USB_Device_Library/Class/CDC/Src/usbd_cdc.o
 .data.CDCOutEpAdd
                0x00000000200000a0        0x1 ./Middlewares/ST/STM32_USB_Device_Library/Class/CDC/Src/usbd_cdc.o
 .data.CDCCmdEpAdd
                0x00000000200000a1        0x1 ./Middlewares/ST/STM32_USB_Device_Library/Class/CDC/Src/usbd_cdc.o
 *fill*         0x00000000200000a2        0x2 
 .data.USBD_Interface_fops_FS
                0x00000000200000a4       0x14 ./USB_DEVICE/App/usbd_cdc_if.o
                0x00000000200000a4                USBD_Interface_fops_FS
 .data.FS_Desc  0x00000000200000b8       0x20 ./USB_DEVICE/App/usbd_desc.o
                0x00000000200000b8                FS_Desc
 .data.USBD_FS_DeviceDesc
                0x00000000200000d8       0x12 ./USB_DEVICE/App/usbd_desc.o
                0x00000000200000d8                USBD_FS_DeviceDesc
 *fill*         0x00000000200000ea        0x2 
 .data.USBD_FS_BOSDesc
                0x00000000200000ec        0xc ./USB_DEVICE/App/usbd_desc.o
                0x00000000200000ec                USBD_FS_BOSDesc
 .data.USBD_LangIDDesc
                0x00000000200000f8        0x4 ./USB_DEVICE/App/usbd_desc.o
                0x00000000200000f8                USBD_LangIDDesc
 .data.USBD_StringSerial
                0x00000000200000fc       0x1a ./USB_DEVICE/App/usbd_desc.o
                0x00000000200000fc                USBD_StringSerial
 *(.RamFunc)
 *(.RamFunc*)
                0x0000000020000118                . = ALIGN (0x4)
 *fill*         0x0000000020000116        0x2 
                0x0000000020000118                _edata = .

.igot.plt       0x0000000020000118        0x0 load address 0x00000000080084a4
 .igot.plt      0x0000000020000118        0x0 c:/st/stm32cubeide_1.9.0/stm32cubeide/plugins/com.st.stm32cube.ide.mcu.externaltools.gnu-tools-for-stm32.10.3-2021.10.win32_1.0.0.202111181127/tools/bin/../lib/gcc/arm-none-eabi/10.3.1/thumb/v7e-m+fp/hard/crtbegin.o
                0x0000000020000118                . = ALIGN (0x4)

.bss            0x0000000020000118     0x1c30 load address 0x00000000080084a4
                0x0000000020000118                _sbss = .
                0x0000000020000118                __bss_start__ = _sbss
 *(.bss)
 .bss           0x0000000020000118       0x1c c:/st/stm32cubeide_1.9.0/stm32cubeide/plugins/com.st.stm32cube.ide.mcu.externaltools.gnu-tools-for-stm32.10.3-2021.10.win32_1.0.0.202111181127/tools/bin/../lib/gcc/arm-none-eabi/10.3.1/thumb/v7e-m+fp/hard/crtbegin.o
 *(.bss*)
 .bss.RxData    0x0000000020000134        0x1 ./Core/Src/main.o
                0x0000000020000134                RxData
 *fill*         0x0000000020000135        0x3 
 .bss.uwTick    0x0000000020000138        0x4 ./Drivers/STM32F4xx_HAL_Driver/Src/stm32f4xx_hal.o
                0x0000000020000138                uwTick
 .bss.cfgidx.0  0x000000002000013c        0x1 ./Middlewares/ST/STM32_USB_Device_Library/Core/Src/usbd_ctlreq.o
 *fill*         0x000000002000013d        0x3 
 .bss.hUsbDeviceFS
                0x0000000020000140      0x2dc ./USB_DEVICE/App/usb_device.o
                0x0000000020000140                hUsbDeviceFS
 .bss.UserRxBufferFS
                0x000000002000041c      0x800 ./USB_DEVICE/App/usbd_cdc_if.o
                0x000000002000041c                UserRxBufferFS
 .bss.UserTxBufferFS
                0x0000000020000c1c      0x800 ./USB_DEVICE/App/usbd_cdc_if.o
                0x0000000020000c1c                UserTxBufferFS
 .bss.USBD_StrDesc
                0x000000002000141c      0x200 ./USB_DEVICE/App/usbd_desc.o
                0x000000002000141c                USBD_StrDesc
 .bss.hpcd_USB_OTG_FS
                0x000000002000161c      0x50c ./USB_DEVICE/Target/usbd_conf.o
                0x000000002000161c                hpcd_USB_OTG_FS
 .bss.mem.0     0x0000000020001b28      0x220 ./USB_DEVICE/Target/usbd_conf.o
 *(COMMON)
                0x0000000020001d48                . = ALIGN (0x4)
                0x0000000020001d48                _ebss = .
                0x0000000020001d48                __bss_end__ = _ebss

._user_heap_stack
                0x0000000020001d48      0x600 load address 0x00000000080084a4
                0x0000000020001d48                . = ALIGN (0x8)
                [!provide]                        PROVIDE (end = .)
                0x0000000020001d48                PROVIDE (_end = .)
                0x0000000020001f48                . = (. + _Min_Heap_Size)
 *fill*         0x0000000020001d48      0x200 
                0x0000000020002348                . = (. + _Min_Stack_Size)
 *fill*         0x0000000020001f48      0x400 
                0x0000000020002348                . = ALIGN (0x8)

/DISCARD/
 libc.a(*)
 libm.a(*)
 libgcc.a(*)

.ARM.attributes
                0x0000000000000000       0x30
 *(.ARM.attributes)
 .ARM.attributes
                0x0000000000000000       0x1e c:/st/stm32cubeide_1.9.0/stm32cubeide/plugins/com.st.stm32cube.ide.mcu.externaltools.gnu-tools-for-stm32.10.3-2021.10.win32_1.0.0.202111181127/tools/bin/../lib/gcc/arm-none-eabi/10.3.1/thumb/v7e-m+fp/hard/crti.o
 .ARM.attributes
                0x000000000000001e       0x34 c:/st/stm32cubeide_1.9.0/stm32cubeide/plugins/com.st.stm32cube.ide.mcu.externaltools.gnu-tools-for-stm32.10.3-2021.10.win32_1.0.0.202111181127/tools/bin/../lib/gcc/arm-none-eabi/10.3.1/thumb/v7e-m+fp/hard/crtbegin.o
 .ARM.attributes
                0x0000000000000052       0x34 ./Core/Src/gpio.o
 .ARM.attributes
                0x0000000000000086       0x34 ./Core/Src/main.o
 .ARM.attributes
                0x00000000000000ba       0x34 ./Core/Src/stm32f4xx_hal_msp.o
 .ARM.attributes
                0x00000000000000ee       0x34 ./Core/Src/stm32f4xx_it.o
 .ARM.attributes
                0x0000000000000122       0x34 ./Core/Src/system_stm32f4xx.o
 .ARM.attributes
                0x0000000000000156       0x21 ./Core/Startup/startup_stm32f446retx.o
 .ARM.attributes
                0x0000000000000177       0x34 ./Drivers/STM32F4xx_HAL_Driver/Src/stm32f4xx_hal.o
 .ARM.attributes
                0x00000000000001ab       0x34 ./Drivers/STM32F4xx_HAL_Driver/Src/stm32f4xx_hal_cortex.o
 .ARM.attributes
                0x00000000000001df       0x34 ./Drivers/STM32F4xx_HAL_Driver/Src/stm32f4xx_hal_gpio.o
 .ARM.attributes
                0x0000000000000213       0x34 ./Drivers/STM32F4xx_HAL_Driver/Src/stm32f4xx_hal_pcd.o
 .ARM.attributes
                0x0000000000000247       0x34 ./Drivers/STM32F4xx_HAL_Driver/Src/stm32f4xx_hal_pcd_ex.o
 .ARM.attributes
                0x000000000000027b       0x34 ./Drivers/STM32F4xx_HAL_Driver/Src/stm32f4xx_hal_rcc.o
 .ARM.attributes
                0x00000000000002af       0x34 ./Drivers/STM32F4xx_HAL_Driver/Src/stm32f4xx_hal_rcc_ex.o
 .ARM.attributes
                0x00000000000002e3       0x34 ./Drivers/STM32F4xx_HAL_Driver/Src/stm32f4xx_ll_usb.o
 .ARM.attributes
                0x0000000000000317       0x34 ./Middlewares/ST/STM32_USB_Device_Library/Class/CDC/Src/usbd_cdc.o
 .ARM.attributes
                0x000000000000034b       0x34 ./Middlewares/ST/STM32_USB_Device_Library/Core/Src/usbd_core.o
 .ARM.attributes
                0x000000000000037f       0x34 ./Middlewares/ST/STM32_USB_Device_Library/Core/Src/usbd_ctlreq.o
 .ARM.attributes
                0x00000000000003b3       0x34 ./Middlewares/ST/STM32_USB_Device_Library/Core/Src/usbd_ioreq.o
 .ARM.attributes
                0x00000000000003e7       0x34 ./USB_DEVICE/App/usb_device.o
 .ARM.attributes
                0x000000000000041b       0x34 ./USB_DEVICE/App/usbd_cdc_if.o
 .ARM.attributes
                0x000000000000044f       0x34 ./USB_DEVICE/App/usbd_desc.o
 .ARM.attributes
                0x0000000000000483       0x34 ./USB_DEVICE/Target/usbd_conf.o
 .ARM.attributes
                0x00000000000004b7       0x34 c:/st/stm32cubeide_1.9.0/stm32cubeide/plugins/com.st.stm32cube.ide.mcu.externaltools.gnu-tools-for-stm32.10.3-2021.10.win32_1.0.0.202111181127/tools/bin/../lib/gcc/arm-none-eabi/10.3.1/../../../../arm-none-eabi/lib/thumb/v7e-m+fp/hard\libc_nano.a(lib_a-init.o)
 .ARM.attributes
                0x00000000000004eb       0x34 c:/st/stm32cubeide_1.9.0/stm32cubeide/plugins/com.st.stm32cube.ide.mcu.externaltools.gnu-tools-for-stm32.10.3-2021.10.win32_1.0.0.202111181127/tools/bin/../lib/gcc/arm-none-eabi/10.3.1/../../../../arm-none-eabi/lib/thumb/v7e-m+fp/hard\libc_nano.a(lib_a-memset.o)
 .ARM.attributes
                0x000000000000051f       0x1e c:/st/stm32cubeide_1.9.0/stm32cubeide/plugins/com.st.stm32cube.ide.mcu.externaltools.gnu-tools-for-stm32.10.3-2021.10.win32_1.0.0.202111181127/tools/bin/../lib/gcc/arm-none-eabi/10.3.1/thumb/v7e-m+fp/hard\libgcc.a(_aeabi_uldivmod.o)
 .ARM.attributes
                0x000000000000053d       0x34 c:/st/stm32cubeide_1.9.0/stm32cubeide/plugins/com.st.stm32cube.ide.mcu.externaltools.gnu-tools-for-stm32.10.3-2021.10.win32_1.0.0.202111181127/tools/bin/../lib/gcc/arm-none-eabi/10.3.1/thumb/v7e-m+fp/hard\libgcc.a(_udivmoddi4.o)
 .ARM.attributes
                0x0000000000000571       0x1e c:/st/stm32cubeide_1.9.0/stm32cubeide/plugins/com.st.stm32cube.ide.mcu.externaltools.gnu-tools-for-stm32.10.3-2021.10.win32_1.0.0.202111181127/tools/bin/../lib/gcc/arm-none-eabi/10.3.1/thumb/v7e-m+fp/hard\libgcc.a(_dvmd_tls.o)
 .ARM.attributes
                0x000000000000058f       0x1e c:/st/stm32cubeide_1.9.0/stm32cubeide/plugins/com.st.stm32cube.ide.mcu.externaltools.gnu-tools-for-stm32.10.3-2021.10.win32_1.0.0.202111181127/tools/bin/../lib/gcc/arm-none-eabi/10.3.1/thumb/v7e-m+fp/hard/crtn.o
OUTPUT(stand_DT.elf elf32-littlearm)
LOAD linker stubs
LOAD c:/st/stm32cubeide_1.9.0/stm32cubeide/plugins/com.st.stm32cube.ide.mcu.externaltools.gnu-tools-for-stm32.10.3-2021.10.win32_1.0.0.202111181127/tools/bin/../lib/gcc/arm-none-eabi/10.3.1/../../../../arm-none-eabi/lib/thumb/v7e-m+fp/hard\libc.a
LOAD c:/st/stm32cubeide_1.9.0/stm32cubeide/plugins/com.st.stm32cube.ide.mcu.externaltools.gnu-tools-for-stm32.10.3-2021.10.win32_1.0.0.202111181127/tools/bin/../lib/gcc/arm-none-eabi/10.3.1/../../../../arm-none-eabi/lib/thumb/v7e-m+fp/hard\libm.a
LOAD c:/st/stm32cubeide_1.9.0/stm32cubeide/plugins/com.st.stm32cube.ide.mcu.externaltools.gnu-tools-for-stm32.10.3-2021.10.win32_1.0.0.202111181127/tools/bin/../lib/gcc/arm-none-eabi/10.3.1/thumb/v7e-m+fp/hard\libgcc.a

.debug_info     0x0000000000000000     0xf478
 .debug_info    0x0000000000000000      0x4a9 ./Core/Src/gpio.o
 .debug_info    0x00000000000004a9      0x778 ./Core/Src/main.o
 .debug_info    0x0000000000000c21      0x2e0 ./Core/Src/stm32f4xx_hal_msp.o
 .debug_info    0x0000000000000f01      0x6b4 ./Core/Src/stm32f4xx_it.o
 .debug_info    0x00000000000015b5      0x55b ./Core/Src/system_stm32f4xx.o
 .debug_info    0x0000000000001b10       0x22 ./Core/Startup/startup_stm32f446retx.o
 .debug_info    0x0000000000001b32      0x9d2 ./Drivers/STM32F4xx_HAL_Driver/Src/stm32f4xx_hal.o
 .debug_info    0x0000000000002504      0xe39 ./Drivers/STM32F4xx_HAL_Driver/Src/stm32f4xx_hal_cortex.o
 .debug_info    0x000000000000333d      0x7be ./Drivers/STM32F4xx_HAL_Driver/Src/stm32f4xx_hal_gpio.o
 .debug_info    0x0000000000003afb     0x170f ./Drivers/STM32F4xx_HAL_Driver/Src/stm32f4xx_hal_pcd.o
 .debug_info    0x000000000000520a      0x7f3 ./Drivers/STM32F4xx_HAL_Driver/Src/stm32f4xx_hal_pcd_ex.o
 .debug_info    0x00000000000059fd      0x9ab ./Drivers/STM32F4xx_HAL_Driver/Src/stm32f4xx_hal_rcc.o
 .debug_info    0x00000000000063a8      0x9ec ./Drivers/STM32F4xx_HAL_Driver/Src/stm32f4xx_hal_rcc_ex.o
 .debug_info    0x0000000000006d94     0x1afb ./Drivers/STM32F4xx_HAL_Driver/Src/stm32f4xx_ll_usb.o
 .debug_info    0x000000000000888f     0x137e ./Middlewares/ST/STM32_USB_Device_Library/Class/CDC/Src/usbd_cdc.o
 .debug_info    0x0000000000009c0d      0xef5 ./Middlewares/ST/STM32_USB_Device_Library/Core/Src/usbd_core.o
 .debug_info    0x000000000000ab02      0xb8d ./Middlewares/ST/STM32_USB_Device_Library/Core/Src/usbd_ctlreq.o
 .debug_info    0x000000000000b68f      0x7e8 ./Middlewares/ST/STM32_USB_Device_Library/Core/Src/usbd_ioreq.o
 .debug_info    0x000000000000be77      0x778 ./USB_DEVICE/App/usb_device.o
 .debug_info    0x000000000000c5ef      0x97d ./USB_DEVICE/App/usbd_cdc_if.o
 .debug_info    0x000000000000cf6c      0x505 ./USB_DEVICE/App/usbd_desc.o
 .debug_info    0x000000000000d471     0x2007 ./USB_DEVICE/Target/usbd_conf.o

.debug_abbrev   0x0000000000000000     0x2bdf
 .debug_abbrev  0x0000000000000000      0x146 ./Core/Src/gpio.o
 .debug_abbrev  0x0000000000000146      0x238 ./Core/Src/main.o
 .debug_abbrev  0x000000000000037e       0xd4 ./Core/Src/stm32f4xx_hal_msp.o
 .debug_abbrev  0x0000000000000452      0x199 ./Core/Src/stm32f4xx_it.o
 .debug_abbrev  0x00000000000005eb      0x116 ./Core/Src/system_stm32f4xx.o
 .debug_abbrev  0x0000000000000701       0x12 ./Core/Startup/startup_stm32f446retx.o
 .debug_abbrev  0x0000000000000713      0x20d ./Drivers/STM32F4xx_HAL_Driver/Src/stm32f4xx_hal.o
 .debug_abbrev  0x0000000000000920      0x316 ./Drivers/STM32F4xx_HAL_Driver/Src/stm32f4xx_hal_cortex.o
 .debug_abbrev  0x0000000000000c36      0x1c4 ./Drivers/STM32F4xx_HAL_Driver/Src/stm32f4xx_hal_gpio.o
 .debug_abbrev  0x0000000000000dfa      0x2d2 ./Drivers/STM32F4xx_HAL_Driver/Src/stm32f4xx_hal_pcd.o
 .debug_abbrev  0x00000000000010cc      0x1ce ./Drivers/STM32F4xx_HAL_Driver/Src/stm32f4xx_hal_pcd_ex.o
 .debug_abbrev  0x000000000000129a      0x2aa ./Drivers/STM32F4xx_HAL_Driver/Src/stm32f4xx_hal_rcc.o
 .debug_abbrev  0x0000000000001544      0x1fb ./Drivers/STM32F4xx_HAL_Driver/Src/stm32f4xx_hal_rcc_ex.o
 .debug_abbrev  0x000000000000173f      0x296 ./Drivers/STM32F4xx_HAL_Driver/Src/stm32f4xx_ll_usb.o
 .debug_abbrev  0x00000000000019d5      0x2be ./Middlewares/ST/STM32_USB_Device_Library/Class/CDC/Src/usbd_cdc.o
 .debug_abbrev  0x0000000000001c93      0x263 ./Middlewares/ST/STM32_USB_Device_Library/Core/Src/usbd_core.o
 .debug_abbrev  0x0000000000001ef6      0x25c ./Middlewares/ST/STM32_USB_Device_Library/Core/Src/usbd_ctlreq.o
 .debug_abbrev  0x0000000000002152      0x18a ./Middlewares/ST/STM32_USB_Device_Library/Core/Src/usbd_ioreq.o
 .debug_abbrev  0x00000000000022dc      0x18a ./USB_DEVICE/App/usb_device.o
 .debug_abbrev  0x0000000000002466      0x274 ./USB_DEVICE/App/usbd_cdc_if.o
 .debug_abbrev  0x00000000000026da      0x1da ./USB_DEVICE/App/usbd_desc.o
 .debug_abbrev  0x00000000000028b4      0x32b ./USB_DEVICE/Target/usbd_conf.o

.debug_aranges  0x0000000000000000      0xbf0
 .debug_aranges
                0x0000000000000000       0x20 ./Core/Src/gpio.o
 .debug_aranges
                0x0000000000000020       0x38 ./Core/Src/main.o
 .debug_aranges
                0x0000000000000058       0x20 ./Core/Src/stm32f4xx_hal_msp.o
 .debug_aranges
                0x0000000000000078       0x68 ./Core/Src/stm32f4xx_it.o
 .debug_aranges
                0x00000000000000e0       0x28 ./Core/Src/system_stm32f4xx.o
 .debug_aranges
                0x0000000000000108       0x28 ./Core/Startup/startup_stm32f446retx.o
 .debug_aranges
                0x0000000000000130       0xf0 ./Drivers/STM32F4xx_HAL_Driver/Src/stm32f4xx_hal.o
 .debug_aranges
                0x0000000000000220      0x118 ./Drivers/STM32F4xx_HAL_Driver/Src/stm32f4xx_hal_cortex.o
 .debug_aranges
                0x0000000000000338       0x58 ./Drivers/STM32F4xx_HAL_Driver/Src/stm32f4xx_hal_gpio.o
 .debug_aranges
                0x0000000000000390      0x148 ./Drivers/STM32F4xx_HAL_Driver/Src/stm32f4xx_hal_pcd.o
 .debug_aranges
                0x00000000000004d8       0x48 ./Drivers/STM32F4xx_HAL_Driver/Src/stm32f4xx_hal_pcd_ex.o
 .debug_aranges
                0x0000000000000520       0x88 ./Drivers/STM32F4xx_HAL_Driver/Src/stm32f4xx_hal_rcc.o
 .debug_aranges
                0x00000000000005a8       0x78 ./Drivers/STM32F4xx_HAL_Driver/Src/stm32f4xx_hal_rcc_ex.o
 .debug_aranges
                0x0000000000000620      0x1a0 ./Drivers/STM32F4xx_HAL_Driver/Src/stm32f4xx_ll_usb.o
 .debug_aranges
                0x00000000000007c0       0x90 ./Middlewares/ST/STM32_USB_Device_Library/Class/CDC/Src/usbd_cdc.o
 .debug_aranges
                0x0000000000000850       0xd8 ./Middlewares/ST/STM32_USB_Device_Library/Core/Src/usbd_core.o
 .debug_aranges
                0x0000000000000928       0x90 ./Middlewares/ST/STM32_USB_Device_Library/Core/Src/usbd_ctlreq.o
 .debug_aranges
                0x00000000000009b8       0x50 ./Middlewares/ST/STM32_USB_Device_Library/Core/Src/usbd_ioreq.o
 .debug_aranges
                0x0000000000000a08       0x20 ./USB_DEVICE/App/usb_device.o
 .debug_aranges
                0x0000000000000a28       0x48 ./USB_DEVICE/App/usbd_cdc_if.o
 .debug_aranges
                0x0000000000000a70       0x68 ./USB_DEVICE/App/usbd_desc.o
 .debug_aranges
                0x0000000000000ad8      0x118 ./USB_DEVICE/Target/usbd_conf.o

.debug_ranges   0x0000000000000000      0xa98
 .debug_ranges  0x0000000000000000       0x10 ./Core/Src/gpio.o
 .debug_ranges  0x0000000000000010       0x28 ./Core/Src/main.o
 .debug_ranges  0x0000000000000038       0x10 ./Core/Src/stm32f4xx_hal_msp.o
 .debug_ranges  0x0000000000000048       0x58 ./Core/Src/stm32f4xx_it.o
 .debug_ranges  0x00000000000000a0       0x18 ./Core/Src/system_stm32f4xx.o
 .debug_ranges  0x00000000000000b8       0x20 ./Core/Startup/startup_stm32f446retx.o
 .debug_ranges  0x00000000000000d8       0xe0 ./Drivers/STM32F4xx_HAL_Driver/Src/stm32f4xx_hal.o
 .debug_ranges  0x00000000000001b8      0x108 ./Drivers/STM32F4xx_HAL_Driver/Src/stm32f4xx_hal_cortex.o
 .debug_ranges  0x00000000000002c0       0x48 ./Drivers/STM32F4xx_HAL_Driver/Src/stm32f4xx_hal_gpio.o
 .debug_ranges  0x0000000000000308      0x138 ./Drivers/STM32F4xx_HAL_Driver/Src/stm32f4xx_hal_pcd.o
 .debug_ranges  0x0000000000000440       0x38 ./Drivers/STM32F4xx_HAL_Driver/Src/stm32f4xx_hal_pcd_ex.o
 .debug_ranges  0x0000000000000478       0x78 ./Drivers/STM32F4xx_HAL_Driver/Src/stm32f4xx_hal_rcc.o
 .debug_ranges  0x00000000000004f0       0x68 ./Drivers/STM32F4xx_HAL_Driver/Src/stm32f4xx_hal_rcc_ex.o
 .debug_ranges  0x0000000000000558      0x190 ./Drivers/STM32F4xx_HAL_Driver/Src/stm32f4xx_ll_usb.o
 .debug_ranges  0x00000000000006e8       0x80 ./Middlewares/ST/STM32_USB_Device_Library/Class/CDC/Src/usbd_cdc.o
 .debug_ranges  0x0000000000000768       0xc8 ./Middlewares/ST/STM32_USB_Device_Library/Core/Src/usbd_core.o
 .debug_ranges  0x0000000000000830       0x80 ./Middlewares/ST/STM32_USB_Device_Library/Core/Src/usbd_ctlreq.o
 .debug_ranges  0x00000000000008b0       0x40 ./Middlewares/ST/STM32_USB_Device_Library/Core/Src/usbd_ioreq.o
 .debug_ranges  0x00000000000008f0       0x10 ./USB_DEVICE/App/usb_device.o
 .debug_ranges  0x0000000000000900       0x38 ./USB_DEVICE/App/usbd_cdc_if.o
 .debug_ranges  0x0000000000000938       0x58 ./USB_DEVICE/App/usbd_desc.o
 .debug_ranges  0x0000000000000990      0x108 ./USB_DEVICE/Target/usbd_conf.o

.debug_macro    0x0000000000000000    0x23fc2
 .debug_macro   0x0000000000000000      0x1ed ./Core/Src/gpio.o
 .debug_macro   0x00000000000001ed      0xa78 ./Core/Src/gpio.o
 .debug_macro   0x0000000000000c65      0x295 ./Core/Src/gpio.o
 .debug_macro   0x0000000000000efa       0x2e ./Core/Src/gpio.o
 .debug_macro   0x0000000000000f28       0x28 ./Core/Src/gpio.o
 .debug_macro   0x0000000000000f50       0x22 ./Core/Src/gpio.o
 .debug_macro   0x0000000000000f72       0x8e ./Core/Src/gpio.o
 .debug_macro   0x0000000000001000       0x51 ./Core/Src/gpio.o
 .debug_macro   0x0000000000001051      0x103 ./Core/Src/gpio.o
 .debug_macro   0x0000000000001154       0x6a ./Core/Src/gpio.o
 .debug_macro   0x00000000000011be      0x1df ./Core/Src/gpio.o
 .debug_macro   0x000000000000139d       0x1c ./Core/Src/gpio.o
 .debug_macro   0x00000000000013b9       0x22 ./Core/Src/gpio.o
 .debug_macro   0x00000000000013db       0xd9 ./Core/Src/gpio.o
 .debug_macro   0x00000000000014b4     0x102d ./Core/Src/gpio.o
 .debug_macro   0x00000000000024e1      0x11f ./Core/Src/gpio.o
 .debug_macro   0x0000000000002600    0x16749 ./Core/Src/gpio.o
 .debug_macro   0x0000000000018d49       0x6d ./Core/Src/gpio.o
 .debug_macro   0x0000000000018db6     0x367e ./Core/Src/gpio.o
 .debug_macro   0x000000000001c434      0x174 ./Core/Src/gpio.o
 .debug_macro   0x000000000001c5a8       0x5c ./Core/Src/gpio.o
 .debug_macro   0x000000000001c604      0xc90 ./Core/Src/gpio.o
 .debug_macro   0x000000000001d294      0x9fe ./Core/Src/gpio.o
 .debug_macro   0x000000000001dc92      0x115 ./Core/Src/gpio.o
 .debug_macro   0x000000000001dda7      0x1a0 ./Core/Src/gpio.o
 .debug_macro   0x000000000001df47       0xa5 ./Core/Src/gpio.o
 .debug_macro   0x000000000001dfec      0x16d ./Core/Src/gpio.o
 .debug_macro   0x000000000001e159      0x287 ./Core/Src/gpio.o
 .debug_macro   0x000000000001e3e0       0x5f ./Core/Src/gpio.o
 .debug_macro   0x000000000001e43f      0x236 ./Core/Src/gpio.o
 .debug_macro   0x000000000001e675      0x132 ./Core/Src/gpio.o
 .debug_macro   0x000000000001e7a7      0x29c ./Core/Src/gpio.o
 .debug_macro   0x000000000001ea43       0x2e ./Core/Src/gpio.o
 .debug_macro   0x000000000001ea71      0x11a ./Core/Src/gpio.o
 .debug_macro   0x000000000001eb8b       0xe8 ./Core/Src/gpio.o
 .debug_macro   0x000000000001ec73       0x89 ./Core/Src/gpio.o
 .debug_macro   0x000000000001ecfc      0x248 ./Core/Src/gpio.o
 .debug_macro   0x000000000001ef44       0xba ./Core/Src/gpio.o
 .debug_macro   0x000000000001effe      0x126 ./Core/Src/gpio.o
 .debug_macro   0x000000000001f124      0x184 ./Core/Src/gpio.o
 .debug_macro   0x000000000001f2a8      0x426 ./Core/Src/main.o
 .debug_macro   0x000000000001f6ce       0x52 ./Core/Src/main.o
 .debug_macro   0x000000000001f720       0x1e ./Core/Src/main.o
 .debug_macro   0x000000000001f73e       0x3c ./Core/Src/main.o
 .debug_macro   0x000000000001f77a       0x34 ./Core/Src/main.o
 .debug_macro   0x000000000001f7ae       0x16 ./Core/Src/main.o
 .debug_macro   0x000000000001f7c4       0x35 ./Core/Src/main.o
 .debug_macro   0x000000000001f7f9      0x341 ./Core/Src/main.o
 .debug_macro   0x000000000001fb3a       0x10 ./Core/Src/main.o
 .debug_macro   0x000000000001fb4a       0x16 ./Core/Src/main.o
 .debug_macro   0x000000000001fb60       0x43 ./Core/Src/main.o
 .debug_macro   0x000000000001fba3       0x34 ./Core/Src/main.o
 .debug_macro   0x000000000001fbd7       0x10 ./Core/Src/main.o
 .debug_macro   0x000000000001fbe7       0x58 ./Core/Src/main.o
 .debug_macro   0x000000000001fc3f       0x71 ./Core/Src/main.o
 .debug_macro   0x000000000001fcb0       0x1c ./Core/Src/main.o
 .debug_macro   0x000000000001fccc      0x12a ./Core/Src/main.o
 .debug_macro   0x000000000001fdf6       0x10 ./Core/Src/main.o
 .debug_macro   0x000000000001fe06       0x1c ./Core/Src/main.o
 .debug_macro   0x000000000001fe22       0x52 ./Core/Src/main.o
 .debug_macro   0x000000000001fe74       0x22 ./Core/Src/main.o
 .debug_macro   0x000000000001fe96       0x10 ./Core/Src/main.o
 .debug_macro   0x000000000001fea6       0x52 ./Core/Src/main.o
 .debug_macro   0x000000000001fef8       0xd5 ./Core/Src/main.o
 .debug_macro   0x000000000001ffcd       0x1c ./Core/Src/main.o
 .debug_macro   0x000000000001ffe9       0x3d ./Core/Src/main.o
 .debug_macro   0x0000000000020026       0x16 ./Core/Src/main.o
 .debug_macro   0x000000000002003c      0x145 ./Core/Src/main.o
 .debug_macro   0x0000000000020181       0x16 ./Core/Src/main.o
 .debug_macro   0x0000000000020197       0x16 ./Core/Src/main.o
 .debug_macro   0x00000000000201ad       0x29 ./Core/Src/main.o
 .debug_macro   0x00000000000201d6       0x16 ./Core/Src/main.o
 .debug_macro   0x00000000000201ec       0x20 ./Core/Src/main.o
 .debug_macro   0x000000000002020c       0x65 ./Core/Src/main.o
 .debug_macro   0x0000000000020271      0x20f ./Core/Src/main.o
 .debug_macro   0x0000000000020480       0x95 ./Core/Src/main.o
 .debug_macro   0x0000000000020515       0x10 ./Core/Src/main.o
 .debug_macro   0x0000000000020525      0x1e3 ./Core/Src/stm32f4xx_hal_msp.o
 .debug_macro   0x0000000000020708      0x1ed ./Core/Src/stm32f4xx_it.o
 .debug_macro   0x00000000000208f5      0x1d4 ./Core/Src/system_stm32f4xx.o
 .debug_macro   0x0000000000020ac9      0x234 ./Drivers/STM32F4xx_HAL_Driver/Src/stm32f4xx_hal.o
 .debug_macro   0x0000000000020cfd      0x1d4 ./Drivers/STM32F4xx_HAL_Driver/Src/stm32f4xx_hal_cortex.o
 .debug_macro   0x0000000000020ed1      0x1da ./Drivers/STM32F4xx_HAL_Driver/Src/stm32f4xx_hal_gpio.o
 .debug_macro   0x00000000000210ab      0x1e0 ./Drivers/STM32F4xx_HAL_Driver/Src/stm32f4xx_hal_pcd.o
 .debug_macro   0x000000000002128b      0x1d4 ./Drivers/STM32F4xx_HAL_Driver/Src/stm32f4xx_hal_pcd_ex.o
 .debug_macro   0x000000000002145f      0x1f8 ./Drivers/STM32F4xx_HAL_Driver/Src/stm32f4xx_hal_rcc.o
 .debug_macro   0x0000000000021657      0x1d4 ./Drivers/STM32F4xx_HAL_Driver/Src/stm32f4xx_hal_rcc_ex.o
 .debug_macro   0x000000000002182b      0x1d4 ./Drivers/STM32F4xx_HAL_Driver/Src/stm32f4xx_ll_usb.o
 .debug_macro   0x00000000000219ff      0x3f9 ./Middlewares/ST/STM32_USB_Device_Library/Class/CDC/Src/usbd_cdc.o
 .debug_macro   0x0000000000021df8       0x97 ./Middlewares/ST/STM32_USB_Device_Library/Class/CDC/Src/usbd_cdc.o
 .debug_macro   0x0000000000021e8f       0xfd ./Middlewares/ST/STM32_USB_Device_Library/Class/CDC/Src/usbd_cdc.o
 .debug_macro   0x0000000000021f8c       0x56 ./Middlewares/ST/STM32_USB_Device_Library/Class/CDC/Src/usbd_cdc.o
 .debug_macro   0x0000000000021fe2      0x3e0 ./Middlewares/ST/STM32_USB_Device_Library/Core/Src/usbd_core.o
 .debug_macro   0x00000000000223c2      0x215 ./Middlewares/ST/STM32_USB_Device_Library/Core/Src/usbd_core.o
 .debug_macro   0x00000000000225d7      0x3ea ./Middlewares/ST/STM32_USB_Device_Library/Core/Src/usbd_ctlreq.o
 .debug_macro   0x00000000000229c1      0x3e6 ./Middlewares/ST/STM32_USB_Device_Library/Core/Src/usbd_ioreq.o
 .debug_macro   0x0000000000022da7      0x419 ./USB_DEVICE/App/usb_device.o
 .debug_macro   0x00000000000231c0      0x18a ./USB_DEVICE/App/usb_device.o
 .debug_macro   0x000000000002334a       0x22 ./USB_DEVICE/App/usb_device.o
 .debug_macro   0x000000000002336c       0x16 ./USB_DEVICE/App/usb_device.o
 .debug_macro   0x0000000000023382      0x404 ./USB_DEVICE/App/usbd_cdc_if.o
 .debug_macro   0x0000000000023786      0x423 ./USB_DEVICE/App/usbd_desc.o
 .debug_macro   0x0000000000023ba9       0x1c ./USB_DEVICE/App/usbd_desc.o
 .debug_macro   0x0000000000023bc5      0x3fd ./USB_DEVICE/Target/usbd_conf.o

.debug_line     0x0000000000000000    0x108fc
 .debug_line    0x0000000000000000      0x6e1 ./Core/Src/gpio.o
 .debug_line    0x00000000000006e1      0xc6b ./Core/Src/main.o
 .debug_line    0x000000000000134c      0x6b5 ./Core/Src/stm32f4xx_hal_msp.o
 .debug_line    0x0000000000001a01      0x790 ./Core/Src/stm32f4xx_it.o
 .debug_line    0x0000000000002191      0x737 ./Core/Src/system_stm32f4xx.o
 .debug_line    0x00000000000028c8       0x88 ./Core/Startup/startup_stm32f446retx.o
 .debug_line    0x0000000000002950      0x99d ./Drivers/STM32F4xx_HAL_Driver/Src/stm32f4xx_hal.o
 .debug_line    0x00000000000032ed      0xc4c ./Drivers/STM32F4xx_HAL_Driver/Src/stm32f4xx_hal_cortex.o
 .debug_line    0x0000000000003f39      0xafd ./Drivers/STM32F4xx_HAL_Driver/Src/stm32f4xx_hal_gpio.o
 .debug_line    0x0000000000004a36     0x1467 ./Drivers/STM32F4xx_HAL_Driver/Src/stm32f4xx_hal_pcd.o
 .debug_line    0x0000000000005e9d      0x7c7 ./Drivers/STM32F4xx_HAL_Driver/Src/stm32f4xx_hal_pcd_ex.o
 .debug_line    0x0000000000006664      0xd23 ./Drivers/STM32F4xx_HAL_Driver/Src/stm32f4xx_hal_rcc.o
 .debug_line    0x0000000000007387     0x13ad ./Drivers/STM32F4xx_HAL_Driver/Src/stm32f4xx_hal_rcc_ex.o
 .debug_line    0x0000000000008734     0x1a5b ./Drivers/STM32F4xx_HAL_Driver/Src/stm32f4xx_ll_usb.o
 .debug_line    0x000000000000a18f      0xec7 ./Middlewares/ST/STM32_USB_Device_Library/Class/CDC/Src/usbd_cdc.o
 .debug_line    0x000000000000b056      0xf41 ./Middlewares/ST/STM32_USB_Device_Library/Core/Src/usbd_core.o
 .debug_line    0x000000000000bf97     0x112f ./Middlewares/ST/STM32_USB_Device_Library/Core/Src/usbd_ctlreq.o
 .debug_line    0x000000000000d0c6      0xa59 ./Middlewares/ST/STM32_USB_Device_Library/Core/Src/usbd_ioreq.o
 .debug_line    0x000000000000db1f      0xa15 ./USB_DEVICE/App/usb_device.o
 .debug_line    0x000000000000e534      0xa78 ./USB_DEVICE/App/usbd_cdc_if.o
 .debug_line    0x000000000000efac      0xaf9 ./USB_DEVICE/App/usbd_desc.o
 .debug_line    0x000000000000faa5      0xe57 ./USB_DEVICE/Target/usbd_conf.o

.debug_str      0x0000000000000000    0xca024
 .debug_str     0x0000000000000000    0xc18cd ./Core/Src/gpio.o
                                      0xc1b6b (size before relaxing)
 .debug_str     0x00000000000c18cd     0x4e53 ./Core/Src/main.o
                                      0xc69d8 (size before relaxing)
 .debug_str     0x00000000000c6720       0x2c ./Core/Src/stm32f4xx_hal_msp.o
                                      0xc1aa0 (size before relaxing)
 .debug_str     0x00000000000c674c      0x4b5 ./Core/Src/stm32f4xx_it.o
                                      0xc1e4e (size before relaxing)
 .debug_str     0x00000000000c6c01       0xdb ./Core/Src/system_stm32f4xx.o
                                      0xc15b9 (size before relaxing)
 .debug_str     0x00000000000c6cdc       0x36 ./Core/Startup/startup_stm32f446retx.o
                                         0x73 (size before relaxing)
 .debug_str     0x00000000000c6d12      0xb2e ./Drivers/STM32F4xx_HAL_Driver/Src/stm32f4xx_hal.o
                                      0xc217e (size before relaxing)
 .debug_str     0x00000000000c7840      0x359 ./Drivers/STM32F4xx_HAL_Driver/Src/stm32f4xx_hal_cortex.o
                                      0xc1e8c (size before relaxing)
 .debug_str     0x00000000000c7b99      0x131 ./Drivers/STM32F4xx_HAL_Driver/Src/stm32f4xx_hal_gpio.o
                                      0xc1734 (size before relaxing)
 .debug_str     0x00000000000c7cca      0x853 ./Drivers/STM32F4xx_HAL_Driver/Src/stm32f4xx_hal_pcd.o
                                      0xc20ae (size before relaxing)
 .debug_str     0x00000000000c851d      0x12d ./Drivers/STM32F4xx_HAL_Driver/Src/stm32f4xx_hal_pcd_ex.o
                                      0xc19af (size before relaxing)
 .debug_str     0x00000000000c864a      0x21f ./Drivers/STM32F4xx_HAL_Driver/Src/stm32f4xx_hal_rcc.o
                                      0xc19f2 (size before relaxing)
 .debug_str     0x00000000000c8869      0x324 ./Drivers/STM32F4xx_HAL_Driver/Src/stm32f4xx_hal_rcc_ex.o
                                      0xc1a25 (size before relaxing)
 .debug_str     0x00000000000c8b8d      0x444 ./Drivers/STM32F4xx_HAL_Driver/Src/stm32f4xx_ll_usb.o
                                      0xc1ef7 (size before relaxing)
 .debug_str     0x00000000000c8fd1      0x706 ./Middlewares/ST/STM32_USB_Device_Library/Class/CDC/Src/usbd_cdc.o
                                      0xc7185 (size before relaxing)
 .debug_str     0x00000000000c96d7      0x35c ./Middlewares/ST/STM32_USB_Device_Library/Core/Src/usbd_core.o
                                      0xc6ac4 (size before relaxing)
 .debug_str     0x00000000000c9a33      0x139 ./Middlewares/ST/STM32_USB_Device_Library/Core/Src/usbd_ctlreq.o
                                      0xc68ef (size before relaxing)
 .debug_str     0x00000000000c9b6c       0x51 ./Middlewares/ST/STM32_USB_Device_Library/Core/Src/usbd_ioreq.o
                                      0xc67c4 (size before relaxing)
 .debug_str     0x00000000000c9bbd       0xc6 ./USB_DEVICE/App/usb_device.o
                                      0xc6b77 (size before relaxing)
 .debug_str     0x00000000000c9c83       0x82 ./USB_DEVICE/App/usbd_cdc_if.o
                                      0xc6bb7 (size before relaxing)
 .debug_str     0x00000000000c9d05      0x298 ./USB_DEVICE/App/usbd_desc.o
                                      0xc66ee (size before relaxing)
 .debug_str     0x00000000000c9f9d       0x87 ./USB_DEVICE/Target/usbd_conf.o
                                      0xc7c66 (size before relaxing)

.comment        0x0000000000000000       0x50
 .comment       0x0000000000000000       0x50 ./Core/Src/gpio.o
                                         0x51 (size before relaxing)
 .comment       0x0000000000000050       0x51 ./Core/Src/main.o
 .comment       0x0000000000000050       0x51 ./Core/Src/stm32f4xx_hal_msp.o
 .comment       0x0000000000000050       0x51 ./Core/Src/stm32f4xx_it.o
 .comment       0x0000000000000050       0x51 ./Core/Src/system_stm32f4xx.o
 .comment       0x0000000000000050       0x51 ./Drivers/STM32F4xx_HAL_Driver/Src/stm32f4xx_hal.o
 .comment       0x0000000000000050       0x51 ./Drivers/STM32F4xx_HAL_Driver/Src/stm32f4xx_hal_cortex.o
 .comment       0x0000000000000050       0x51 ./Drivers/STM32F4xx_HAL_Driver/Src/stm32f4xx_hal_gpio.o
 .comment       0x0000000000000050       0x51 ./Drivers/STM32F4xx_HAL_Driver/Src/stm32f4xx_hal_pcd.o
 .comment       0x0000000000000050       0x51 ./Drivers/STM32F4xx_HAL_Driver/Src/stm32f4xx_hal_pcd_ex.o
 .comment       0x0000000000000050       0x51 ./Drivers/STM32F4xx_HAL_Driver/Src/stm32f4xx_hal_rcc.o
 .comment       0x0000000000000050       0x51 ./Drivers/STM32F4xx_HAL_Driver/Src/stm32f4xx_hal_rcc_ex.o
 .comment       0x0000000000000050       0x51 ./Drivers/STM32F4xx_HAL_Driver/Src/stm32f4xx_ll_usb.o
 .comment       0x0000000000000050       0x51 ./Middlewares/ST/STM32_USB_Device_Library/Class/CDC/Src/usbd_cdc.o
 .comment       0x0000000000000050       0x51 ./Middlewares/ST/STM32_USB_Device_Library/Core/Src/usbd_core.o
 .comment       0x0000000000000050       0x51 ./Middlewares/ST/STM32_USB_Device_Library/Core/Src/usbd_ctlreq.o
 .comment       0x0000000000000050       0x51 ./Middlewares/ST/STM32_USB_Device_Library/Core/Src/usbd_ioreq.o
 .comment       0x0000000000000050       0x51 ./USB_DEVICE/App/usb_device.o
 .comment       0x0000000000000050       0x51 ./USB_DEVICE/App/usbd_cdc_if.o
 .comment       0x0000000000000050       0x51 ./USB_DEVICE/App/usbd_desc.o
 .comment       0x0000000000000050       0x51 ./USB_DEVICE/Target/usbd_conf.o

.debug_frame    0x0000000000000000     0x2f14
 .debug_frame   0x0000000000000000       0x34 ./Core/Src/gpio.o
 .debug_frame   0x0000000000000034       0x84 ./Core/Src/main.o
 .debug_frame   0x00000000000000b8       0x38 ./Core/Src/stm32f4xx_hal_msp.o
 .debug_frame   0x00000000000000f0      0x120 ./Core/Src/stm32f4xx_it.o
 .debug_frame   0x0000000000000210       0x58 ./Core/Src/system_stm32f4xx.o
 .debug_frame   0x0000000000000268      0x374 ./Drivers/STM32F4xx_HAL_Driver/Src/stm32f4xx_hal.o
 .debug_frame   0x00000000000005dc      0x498 ./Drivers/STM32F4xx_HAL_Driver/Src/stm32f4xx_hal_cortex.o
 .debug_frame   0x0000000000000a74      0x14c ./Drivers/STM32F4xx_HAL_Driver/Src/stm32f4xx_hal_gpio.o
 .debug_frame   0x0000000000000bc0      0x5bc ./Drivers/STM32F4xx_HAL_Driver/Src/stm32f4xx_hal_pcd.o
 .debug_frame   0x000000000000117c      0x100 ./Drivers/STM32F4xx_HAL_Driver/Src/stm32f4xx_hal_pcd_ex.o
 .debug_frame   0x000000000000127c      0x1f4 ./Drivers/STM32F4xx_HAL_Driver/Src/stm32f4xx_hal_rcc.o
 .debug_frame   0x0000000000001470      0x1e8 ./Drivers/STM32F4xx_HAL_Driver/Src/stm32f4xx_hal_rcc_ex.o
 .debug_frame   0x0000000000001658      0x7c0 ./Drivers/STM32F4xx_HAL_Driver/Src/stm32f4xx_ll_usb.o
 .debug_frame   0x0000000000001e18      0x23c ./Middlewares/ST/STM32_USB_Device_Library/Class/CDC/Src/usbd_cdc.o
 .debug_frame   0x0000000000002054      0x390 ./Middlewares/ST/STM32_USB_Device_Library/Core/Src/usbd_core.o
 .debug_frame   0x00000000000023e4      0x23c ./Middlewares/ST/STM32_USB_Device_Library/Core/Src/usbd_ctlreq.o
 .debug_frame   0x0000000000002620      0x10c ./Middlewares/ST/STM32_USB_Device_Library/Core/Src/usbd_ioreq.o
 .debug_frame   0x000000000000272c       0x2c ./USB_DEVICE/App/usb_device.o
 .debug_frame   0x0000000000002758       0xe4 ./USB_DEVICE/App/usbd_cdc_if.o
 .debug_frame   0x000000000000283c      0x188 ./USB_DEVICE/App/usbd_desc.o
 .debug_frame   0x00000000000029c4      0x4a4 ./USB_DEVICE/Target/usbd_conf.o
 .debug_frame   0x0000000000002e68       0x2c c:/st/stm32cubeide_1.9.0/stm32cubeide/plugins/com.st.stm32cube.ide.mcu.externaltools.gnu-tools-for-stm32.10.3-2021.10.win32_1.0.0.202111181127/tools/bin/../lib/gcc/arm-none-eabi/10.3.1/../../../../arm-none-eabi/lib/thumb/v7e-m+fp/hard\libc_nano.a(lib_a-init.o)
 .debug_frame   0x0000000000002e94       0x20 c:/st/stm32cubeide_1.9.0/stm32cubeide/plugins/com.st.stm32cube.ide.mcu.externaltools.gnu-tools-for-stm32.10.3-2021.10.win32_1.0.0.202111181127/tools/bin/../lib/gcc/arm-none-eabi/10.3.1/../../../../arm-none-eabi/lib/thumb/v7e-m+fp/hard\libc_nano.a(lib_a-memset.o)
 .debug_frame   0x0000000000002eb4       0x2c c:/st/stm32cubeide_1.9.0/stm32cubeide/plugins/com.st.stm32cube.ide.mcu.externaltools.gnu-tools-for-stm32.10.3-2021.10.win32_1.0.0.202111181127/tools/bin/../lib/gcc/arm-none-eabi/10.3.1/thumb/v7e-m+fp/hard\libgcc.a(_aeabi_uldivmod.o)
 .debug_frame   0x0000000000002ee0       0x34 c:/st/stm32cubeide_1.9.0/stm32cubeide/plugins/com.st.stm32cube.ide.mcu.externaltools.gnu-tools-for-stm32.10.3-2021.10.win32_1.0.0.202111181127/tools/bin/../lib/gcc/arm-none-eabi/10.3.1/thumb/v7e-m+fp/hard\libgcc.a(_udivmoddi4.o)