Archive member included to satisfy reference by file (symbol)

c:/st/stm32cubeide_1.9.0/stm32cubeide/plugins/com.st.stm32cube.ide.mcu.externaltools.gnu-tools-for-stm32.10.3-2021.10.win32_1.0.0.202111181127/tools/bin/../lib/gcc/arm-none-eabi/10.3.1/../../../../arm-none-eabi/lib/thumb/v7e-m+fp/hard\libc_nano.a(lib_a-errno.o)
                              ./Core/Src/syscalls.o (__errno)
c:/st/stm32cubeide_1.9.0/stm32cubeide/plugins/com.st.stm32cube.ide.mcu.externaltools.gnu-tools-for-stm32.10.3-2021.10.win32_1.0.0.202111181127/tools/bin/../lib/gcc/arm-none-eabi/10.3.1/../../../../arm-none-eabi/lib/thumb/v7e-m+fp/hard\libc_nano.a(lib_a-exit.o)
                              c:/st/stm32cubeide_1.9.0/stm32cubeide/plugins/com.st.stm32cube.ide.mcu.externaltools.gnu-tools-for-stm32.10.3-2021.10.win32_1.0.0.202111181127/tools/bin/../lib/gcc/arm-none-eabi/10.3.1/../../../../arm-none-eabi/lib/thumb/v7e-m+fp/hard/crt0.o (exit)
c:/st/stm32cubeide_1.9.0/stm32cubeide/plugins/com.st.stm32cube.ide.mcu.externaltools.gnu-tools-for-stm32.10.3-2021.10.win32_1.0.0.202111181127/tools/bin/../lib/gcc/arm-none-eabi/10.3.1/../../../../arm-none-eabi/lib/thumb/v7e-m+fp/hard\libc_nano.a(lib_a-impure.o)
                              c:/st/stm32cubeide_1.9.0/stm32cubeide/plugins/com.st.stm32cube.ide.mcu.externaltools.gnu-tools-for-stm32.10.3-2021.10.win32_1.0.0.202111181127/tools/bin/../lib/gcc/arm-none-eabi/10.3.1/../../../../arm-none-eabi/lib/thumb/v7e-m+fp/hard\libc_nano.a(lib_a-exit.o) (_global_impure_ptr)
c:/st/stm32cubeide_1.9.0/stm32cubeide/plugins/com.st.stm32cube.ide.mcu.externaltools.gnu-tools-for-stm32.10.3-2021.10.win32_1.0.0.202111181127/tools/bin/../lib/gcc/arm-none-eabi/10.3.1/../../../../arm-none-eabi/lib/thumb/v7e-m+fp/hard\libc_nano.a(lib_a-init.o)
                              c:/st/stm32cubeide_1.9.0/stm32cubeide/plugins/com.st.stm32cube.ide.mcu.externaltools.gnu-tools-for-stm32.10.3-2021.10.win32_1.0.0.202111181127/tools/bin/../lib/gcc/arm-none-eabi/10.3.1/../../../../arm-none-eabi/lib/thumb/v7e-m+fp/hard/crt0.o (__libc_init_array)
c:/st/stm32cubeide_1.9.0/stm32cubeide/plugins/com.st.stm32cube.ide.mcu.externaltools.gnu-tools-for-stm32.10.3-2021.10.win32_1.0.0.202111181127/tools/bin/../lib/gcc/arm-none-eabi/10.3.1/../../../../arm-none-eabi/lib/thumb/v7e-m+fp/hard\libc_nano.a(lib_a-memset.o)
                              c:/st/stm32cubeide_1.9.0/stm32cubeide/plugins/com.st.stm32cube.ide.mcu.externaltools.gnu-tools-for-stm32.10.3-2021.10.win32_1.0.0.202111181127/tools/bin/../lib/gcc/arm-none-eabi/10.3.1/../../../../arm-none-eabi/lib/thumb/v7e-m+fp/hard/crt0.o (memset)
c:/st/stm32cubeide_1.9.0/stm32cubeide/plugins/com.st.stm32cube.ide.mcu.externaltools.gnu-tools-for-stm32.10.3-2021.10.win32_1.0.0.202111181127/tools/bin/../lib/gcc/arm-none-eabi/10.3.1/thumb/v7e-m+fp/hard\libgcc.a(_aeabi_ldivmod.o)
                              ./Drivers/STM32F4xx_HAL_Driver/Src/stm32f4xx_hal_rcc.o (__aeabi_ldivmod)
c:/st/stm32cubeide_1.9.0/stm32cubeide/plugins/com.st.stm32cube.ide.mcu.externaltools.gnu-tools-for-stm32.10.3-2021.10.win32_1.0.0.202111181127/tools/bin/../lib/gcc/arm-none-eabi/10.3.1/thumb/v7e-m+fp/hard\libgcc.a(_aeabi_uldivmod.o)
                              ./Drivers/STM32F4xx_HAL_Driver/Src/stm32f4xx_hal_rcc.o (__aeabi_uldivmod)
c:/st/stm32cubeide_1.9.0/stm32cubeide/plugins/com.st.stm32cube.ide.mcu.externaltools.gnu-tools-for-stm32.10.3-2021.10.win32_1.0.0.202111181127/tools/bin/../lib/gcc/arm-none-eabi/10.3.1/thumb/v7e-m+fp/hard\libgcc.a(_udivmoddi4.o)
                              c:/st/stm32cubeide_1.9.0/stm32cubeide/plugins/com.st.stm32cube.ide.mcu.externaltools.gnu-tools-for-stm32.10.3-2021.10.win32_1.0.0.202111181127/tools/bin/../lib/gcc/arm-none-eabi/10.3.1/thumb/v7e-m+fp/hard\libgcc.a(_aeabi_ldivmod.o) (__udivmoddi4)
c:/st/stm32cubeide_1.9.0/stm32cubeide/plugins/com.st.stm32cube.ide.mcu.externaltools.gnu-tools-for-stm32.10.3-2021.10.win32_1.0.0.202111181127/tools/bin/../lib/gcc/arm-none-eabi/10.3.1/thumb/v7e-m+fp/hard\libgcc.a(_dvmd_tls.o)
                              c:/st/stm32cubeide_1.9.0/stm32cubeide/plugins/com.st.stm32cube.ide.mcu.externaltools.gnu-tools-for-stm32.10.3-2021.10.win32_1.0.0.202111181127/tools/bin/../lib/gcc/arm-none-eabi/10.3.1/thumb/v7e-m+fp/hard\libgcc.a(_aeabi_ldivmod.o) (__aeabi_ldiv0)

Discarded input sections

 .text          0x0000000000000000        0x0 c:/st/stm32cubeide_1.9.0/stm32cubeide/plugins/com.st.stm32cube.ide.mcu.externaltools.gnu-tools-for-stm32.10.3-2021.10.win32_1.0.0.202111181127/tools/bin/../lib/gcc/arm-none-eabi/10.3.1/thumb/v7e-m+fp/hard/crti.o
 .data          0x0000000000000000        0x0 c:/st/stm32cubeide_1.9.0/stm32cubeide/plugins/com.st.stm32cube.ide.mcu.externaltools.gnu-tools-for-stm32.10.3-2021.10.win32_1.0.0.202111181127/tools/bin/../lib/gcc/arm-none-eabi/10.3.1/thumb/v7e-m+fp/hard/crti.o
[...]
Memory Configuration

Name             Origin             Length             Attributes
CCMRAM           0x0000000010000000 0x0000000000010000 xrw
RAM              0x0000000020000000 0x0000000000020000 xrw
FLASH            0x0000000008000000 0x0000000000100000 xr
*default*        0x0000000000000000 0xffffffffffffffff

Linker script and memory map

LOAD c:/st/stm32cubeide_1.9.0/stm32cubeide/plugins/com.st.stm32cube.ide.mcu.externaltools.gnu-tools-for-stm32.10.3-2021.10.win32_1.0.0.202111181127/tools/bin/../lib/gcc/arm-none-eabi/10.3.1/thumb/v7e-m+fp/hard/crti.o
LOAD c:/st/stm32cubeide_1.9.0/stm32cubeide/plugins/com.st.stm32cube.ide.mcu.externaltools.gnu-tools-for-stm32.10.3-2021.10.win32_1.0.0.202111181127/tools/bin/../lib/gcc/arm-none-eabi/10.3.1/thumb/v7e-m+fp/hard/crtbegin.o
LOAD c:/st/stm32cubeide_1.9.0/stm32cubeide/plugins/com.st.stm32cube.ide.mcu.externaltools.gnu-tools-for-stm32.10.3-2021.10.win32_1.0.0.202111181127/tools/bin/../lib/gcc/arm-none-eabi/10.3.1/../../../../arm-none-eabi/lib/thumb/v7e-m+fp/hard/crt0.o
LOAD ./Core/Src/gpio.o
LOAD ./Core/Src/i2c.o
LOAD ./Core/Src/i2s.o
LOAD ./Core/Src/main.o
LOAD ./Core/Src/spi.o
LOAD ./Core/Src/stm32f4xx_hal_msp.o
LOAD ./Core/Src/stm32f4xx_it.o
LOAD ./Core/Src/syscalls.o
LOAD ./Core/Src/sysmem.o
LOAD ./Core/Src/system_stm32f4xx.o
LOAD ./Core/Startup/startup_stm32f407vgtx.o
LOAD ./Drivers/STM32F4xx_HAL_Driver/Src/stm32f4xx_hal.o
LOAD ./Drivers/STM32F4xx_HAL_Driver/Src/stm32f4xx_hal_cortex.o
LOAD ./Drivers/STM32F4xx_HAL_Driver/Src/stm32f4xx_hal_dma.o
LOAD ./Drivers/STM32F4xx_HAL_Driver/Src/stm32f4xx_hal_dma_ex.o
LOAD ./Drivers/STM32F4xx_HAL_Driver/Src/stm32f4xx_hal_exti.o
LOAD ./Drivers/STM32F4xx_HAL_Driver/Src/stm32f4xx_hal_flash.o
LOAD ./Drivers/STM32F4xx_HAL_Driver/Src/stm32f4xx_hal_flash_ex.o
LOAD ./Drivers/STM32F4xx_HAL_Driver/Src/stm32f4xx_hal_flash_ramfunc.o
LOAD ./Drivers/STM32F4xx_HAL_Driver/Src/stm32f4xx_hal_gpio.o
LOAD ./Drivers/STM32F4xx_HAL_Driver/Src/stm32f4xx_hal_i2c.o
LOAD ./Drivers/STM32F4xx_HAL_Driver/Src/stm32f4xx_hal_i2c_ex.o
LOAD ./Drivers/STM32F4xx_HAL_Driver/Src/stm32f4xx_hal_i2s.o
LOAD ./Drivers/STM32F4xx_HAL_Driver/Src/stm32f4xx_hal_i2s_ex.o
LOAD ./Drivers/STM32F4xx_HAL_Driver/Src/stm32f4xx_hal_pcd.o
LOAD ./Drivers/STM32F4xx_HAL_Driver/Src/stm32f4xx_hal_pcd_ex.o
LOAD ./Drivers/STM32F4xx_HAL_Driver/Src/stm32f4xx_hal_pwr.o
LOAD ./Drivers/STM32F4xx_HAL_Driver/Src/stm32f4xx_hal_pwr_ex.o
LOAD ./Drivers/STM32F4xx_HAL_Driver/Src/stm32f4xx_hal_rcc.o
LOAD ./Drivers/STM32F4xx_HAL_Driver/Src/stm32f4xx_hal_rcc_ex.o
LOAD ./Drivers/STM32F4xx_HAL_Driver/Src/stm32f4xx_hal_spi.o
LOAD ./Drivers/STM32F4xx_HAL_Driver/Src/stm32f4xx_hal_tim.o
LOAD ./Drivers/STM32F4xx_HAL_Driver/Src/stm32f4xx_hal_tim_ex.o
LOAD ./Drivers/STM32F4xx_HAL_Driver/Src/stm32f4xx_ll_usb.o
LOAD ./Middlewares/ST/STM32_USB_Device_Library/Class/CDC/Src/usbd_cdc.o
LOAD ./Middlewares/ST/STM32_USB_Device_Library/Core/Src/usbd_core.o
LOAD ./Middlewares/ST/STM32_USB_Device_Library/Core/Src/usbd_ctlreq.o
LOAD ./Middlewares/ST/STM32_USB_Device_Library/Core/Src/usbd_ioreq.o
LOAD ./USB_DEVICE/App/usb_device.o
LOAD ./USB_DEVICE/App/usbd_cdc_if.o
LOAD ./USB_DEVICE/App/usbd_desc.o
LOAD ./USB_DEVICE/Target/usbd_conf.o
START GROUP
LOAD c:/st/stm32cubeide_1.9.0/stm32cubeide/plugins/com.st.stm32cube.ide.mcu.externaltools.gnu-tools-for-stm32.10.3-2021.10.win32_1.0.0.202111181127/tools/bin/../lib/gcc/arm-none-eabi/10.3.1/../../../../arm-none-eabi/lib/thumb/v7e-m+fp/hard\libc_nano.a
LOAD c:/st/stm32cubeide_1.9.0/stm32cubeide/plugins/com.st.stm32cube.ide.mcu.externaltools.gnu-tools-for-stm32.10.3-2021.10.win32_1.0.0.202111181127/tools/bin/../lib/gcc/arm-none-eabi/10.3.1/../../../../arm-none-eabi/lib/thumb/v7e-m+fp/hard\libm.a
END GROUP
START GROUP
LOAD c:/st/stm32cubeide_1.9.0/stm32cubeide/plugins/com.st.stm32cube.ide.mcu.externaltools.gnu-tools-for-stm32.10.3-2021.10.win32_1.0.0.202111181127/tools/bin/../lib/gcc/arm-none-eabi/10.3.1/thumb/v7e-m+fp/hard\libgcc.a
LOAD c:/st/stm32cubeide_1.9.0/stm32cubeide/plugins/com.st.stm32cube.ide.mcu.externaltools.gnu-tools-for-stm32.10.3-2021.10.win32_1.0.0.202111181127/tools/bin/../lib/gcc/arm-none-eabi/10.3.1/../../../../arm-none-eabi/lib/thumb/v7e-m+fp/hard\libc_nano.a
END GROUP
START GROUP
LOAD c:/st/stm32cubeide_1.9.0/stm32cubeide/plugins/com.st.stm32cube.ide.mcu.externaltools.gnu-tools-for-stm32.10.3-2021.10.win32_1.0.0.202111181127/tools/bin/../lib/gcc/arm-none-eabi/10.3.1/thumb/v7e-m+fp/hard\libgcc.a
LOAD c:/st/stm32cubeide_1.9.0/stm32cubeide/plugins/com.st.stm32cube.ide.mcu.externaltools.gnu-tools-for-stm32.10.3-2021.10.win32_1.0.0.202111181127/tools/bin/../lib/gcc/arm-none-eabi/10.3.1/../../../../arm-none-eabi/lib/thumb/v7e-m+fp/hard\libc_nano.a
LOAD c:/st/stm32cubeide_1.9.0/stm32cubeide/plugins/com.st.stm32cube.ide.mcu.externaltools.gnu-tools-for-stm32.10.3-2021.10.win32_1.0.0.202111181127/tools/bin/../lib/gcc/arm-none-eabi/10.3.1/../../../../arm-none-eabi/lib/thumb/v7e-m+fp/hard\libnosys.a
END GROUP
START GROUP
LOAD c:/st/stm32cubeide_1.9.0/stm32cubeide/plugins/com.st.stm32cube.ide.mcu.externaltools.gnu-tools-for-stm32.10.3-2021.10.win32_1.0.0.202111181127/tools/bin/../lib/gcc/arm-none-eabi/10.3.1/thumb/v7e-m+fp/hard\libgcc.a
LOAD c:/st/stm32cubeide_1.9.0/stm32cubeide/plugins/com.st.stm32cube.ide.mcu.externaltools.gnu-tools-for-stm32.10.3-2021.10.win32_1.0.0.202111181127/tools/bin/../lib/gcc/arm-none-eabi/10.3.1/../../../../arm-none-eabi/lib/thumb/v7e-m+fp/hard\libc_nano.a
LOAD c:/st/stm32cubeide_1.9.0/stm32cubeide/plugins/com.st.stm32cube.ide.mcu.externaltools.gnu-tools-for-stm32.10.3-2021.10.win32_1.0.0.202111181127/tools/bin/../lib/gcc/arm-none-eabi/10.3.1/../../../../arm-none-eabi/lib/thumb/v7e-m+fp/hard\libnosys.a
END GROUP
LOAD c:/st/stm32cubeide_1.9.0/stm32cubeide/plugins/com.st.stm32cube.ide.mcu.externaltools.gnu-tools-for-stm32.10.3-2021.10.win32_1.0.0.202111181127/tools/bin/../lib/gcc/arm-none-eabi/10.3.1/thumb/v7e-m+fp/hard/crtend.o
LOAD c:/st/stm32cubeide_1.9.0/stm32cubeide/plugins/com.st.stm32cube.ide.mcu.externaltools.gnu-tools-for-stm32.10.3-2021.10.win32_1.0.0.202111181127/tools/bin/../lib/gcc/arm-none-eabi/10.3.1/thumb/v7e-m+fp/hard/crtn.o
                0x0000000020020000                _estack = (ORIGIN (RAM) + LENGTH (RAM))
                0x0000000000000200                _Min_Heap_Size = 0x200
                0x0000000000000400                _Min_Stack_Size = 0x400

.isr_vector     0x0000000008000000      0x188
                0x0000000008000000                . = ALIGN (0x4)
 *(.isr_vector)
 .isr_vector    0x0000000008000000      0x188 ./Core/Startup/startup_stm32f407vgtx.o
                0x0000000008000000                g_pfnVectors
                0x0000000008000188                . = ALIGN (0x4)

.text           0x0000000008000188     0x4134
                0x0000000008000188                . = ALIGN (0x4)
 *(.text)
 .text          0x0000000008000188       0x40 c:/st/stm32cubeide_1.9.0/stm32cubeide/plugins/com.st.stm32cube.ide.mcu.externaltools.gnu-tools-for-stm32.10.3-2021.10.win32_1.0.0.202111181127/tools/bin/../lib/gcc/arm-none-eabi/10.3.1/thumb/v7e-m+fp/hard/crtbegin.o
 .text          0x00000000080001c8       0x30 c:/st/stm32cubeide_1.9.0/stm32cubeide/plugins/com.st.stm32cube.ide.mcu.externaltools.gnu-tools-for-stm32.10.3-2021.10.win32_1.0.0.202111181127/tools/bin/../lib/gcc/arm-none-eabi/10.3.1/thumb/v7e-m+fp/hard\libgcc.a(_aeabi_uldivmod.o)
                0x00000000080001c8                __aeabi_uldivmod
 .text          0x00000000080001f8      0x2d0 c:/st/stm32cubeide_1.9.0/stm32cubeide/plugins/com.st.stm32cube.ide.mcu.externaltools.gnu-tools-for-stm32.10.3-2021.10.win32_1.0.0.202111181127/tools/bin/../lib/gcc/arm-none-eabi/10.3.1/thumb/v7e-m+fp/hard\libgcc.a(_udivmoddi4.o)
                0x00000000080001f8                __udivmoddi4
 .text          0x00000000080004c8        0x4 c:/st/stm32cubeide_1.9.0/stm32cubeide/plugins/com.st.stm32cube.ide.mcu.externaltools.gnu-tools-for-stm32.10.3-2021.10.win32_1.0.0.202111181127/tools/bin/../lib/gcc/arm-none-eabi/10.3.1/thumb/v7e-m+fp/hard\libgcc.a(_dvmd_tls.o)
                0x00000000080004c8                __aeabi_idiv0
                0x00000000080004c8                __aeabi_ldiv0
 *(.text*)
 .text.MX_GPIO_Init
                0x00000000080004cc      0x180 ./Core/Src/gpio.o
                0x00000000080004cc                MX_GPIO_Init
 .text.MX_I2C1_Init
                0x000000000800064c       0x3c ./Core/Src/i2c.o
                0x000000000800064c                MX_I2C1_Init
 .text.HAL_I2C_MspInit
                0x0000000008000688       0x70 ./Core/Src/i2c.o
                0x0000000008000688                HAL_I2C_MspInit
 .text.MX_I2S3_Init
                0x00000000080006f8       0x3c ./Core/Src/i2s.o
                0x00000000080006f8                MX_I2S3_Init
 .text.HAL_I2S_MspInit
                0x0000000008000734       0xbc ./Core/Src/i2s.o
                0x0000000008000734                HAL_I2S_MspInit
 .text.Reset_all_MUX_out
                0x00000000080007f0       0x28 ./Core/Src/main.o
                0x00000000080007f0                Reset_all_MUX_out
 .text.Enable_CS
                0x0000000008000818       0x28 ./Core/Src/main.o
                0x0000000008000818                Enable_CS
 .text.SystemClock_Config
                0x0000000008000840       0xa4 ./Core/Src/main.o
                0x0000000008000840                SystemClock_Config
 .text.startup.main
                0x00000000080008e4       0xa4 ./Core/Src/main.o
                0x00000000080008e4                main
 .text.Error_Handler
                0x0000000008000988        0x4 ./Core/Src/main.o
                0x0000000008000988                Error_Handler
 .text.MX_SPI1_Init
                0x000000000800098c       0x44 ./Core/Src/spi.o
                0x000000000800098c                MX_SPI1_Init
 .text.HAL_SPI_MspInit
                0x00000000080009d0       0x68 ./Core/Src/spi.o
                0x00000000080009d0                HAL_SPI_MspInit
 .text.HAL_MspInit
                0x0000000008000a38       0x3c ./Core/Src/stm32f4xx_hal_msp.o
                0x0000000008000a38                HAL_MspInit
 .text.NMI_Handler
                0x0000000008000a74        0x2 ./Core/Src/stm32f4xx_it.o
                0x0000000008000a74                NMI_Handler
 .text.HardFault_Handler
                0x0000000008000a76        0x2 ./Core/Src/stm32f4xx_it.o
                0x0000000008000a76                HardFault_Handler
 .text.MemManage_Handler
                0x0000000008000a78        0x2 ./Core/Src/stm32f4xx_it.o
                0x0000000008000a78                MemManage_Handler
 .text.BusFault_Handler
                0x0000000008000a7a        0x2 ./Core/Src/stm32f4xx_it.o
                0x0000000008000a7a                BusFault_Handler
 .text.UsageFault_Handler
                0x0000000008000a7c        0x2 ./Core/Src/stm32f4xx_it.o
                0x0000000008000a7c                UsageFault_Handler
 .text.SVC_Handler
                0x0000000008000a7e        0x2 ./Core/Src/stm32f4xx_it.o
                0x0000000008000a7e                SVC_Handler
 .text.DebugMon_Handler
                0x0000000008000a80        0x2 ./Core/Src/stm32f4xx_it.o
                0x0000000008000a80                DebugMon_Handler
 .text.PendSV_Handler
                0x0000000008000a82        0x2 ./Core/Src/stm32f4xx_it.o
                0x0000000008000a82                PendSV_Handler
 .text.SysTick_Handler
                0x0000000008000a84        0x4 ./Core/Src/stm32f4xx_it.o
                0x0000000008000a84                SysTick_Handler
 .text.OTG_FS_IRQHandler
                0x0000000008000a88        0xc ./Core/Src/stm32f4xx_it.o
                0x0000000008000a88                OTG_FS_IRQHandler
 .text.SystemInit
                0x0000000008000a94       0x14 ./Core/Src/system_stm32f4xx.o
                0x0000000008000a94                SystemInit
 .text.Reset_Handler
                0x0000000008000aa8       0x50 ./Core/Startup/startup_stm32f407vgtx.o
                0x0000000008000aa8                Reset_Handler
 .text.Default_Handler
                0x0000000008000af8        0x2 ./Core/Startup/startup_stm32f407vgtx.o
                0x0000000008000af8                RTC_Alarm_IRQHandler
                0x0000000008000af8                HASH_RNG_IRQHandler
                0x0000000008000af8                EXTI2_IRQHandler
                0x0000000008000af8                TIM8_CC_IRQHandler
                0x0000000008000af8                TIM1_CC_IRQHandler
                0x0000000008000af8                DMA2_Stream5_IRQHandler
                0x0000000008000af8                DMA1_Stream5_IRQHandler
                0x0000000008000af8                PVD_IRQHandler
                0x0000000008000af8                SDIO_IRQHandler
                0x0000000008000af8                TAMP_STAMP_IRQHandler
                0x0000000008000af8                CAN2_RX1_IRQHandler
                0x0000000008000af8                EXTI3_IRQHandler
                0x0000000008000af8                TIM8_TRG_COM_TIM14_IRQHandler
                0x0000000008000af8                TIM1_UP_TIM10_IRQHandler
                0x0000000008000af8                TIM8_UP_TIM13_IRQHandler
                0x0000000008000af8                I2C3_ER_IRQHandler
                0x0000000008000af8                EXTI0_IRQHandler
                0x0000000008000af8                I2C2_EV_IRQHandler
                0x0000000008000af8                DMA1_Stream2_IRQHandler
                0x0000000008000af8                CAN1_RX0_IRQHandler
                0x0000000008000af8                FPU_IRQHandler
                0x0000000008000af8                OTG_HS_WKUP_IRQHandler
                0x0000000008000af8                CAN2_SCE_IRQHandler
                0x0000000008000af8                DMA2_Stream2_IRQHandler
                0x0000000008000af8                SPI1_IRQHandler
                0x0000000008000af8                TIM6_DAC_IRQHandler
                0x0000000008000af8                TIM1_BRK_TIM9_IRQHandler
                0x0000000008000af8                DCMI_IRQHandler
                0x0000000008000af8                CAN2_RX0_IRQHandler
                0x0000000008000af8                DMA2_Stream3_IRQHandler
                0x0000000008000af8                USART6_IRQHandler
                0x0000000008000af8                USART3_IRQHandler
                0x0000000008000af8                CAN1_RX1_IRQHandler
                0x0000000008000af8                UART5_IRQHandler
                0x0000000008000af8                DMA2_Stream0_IRQHandler
                0x0000000008000af8                TIM4_IRQHandler
                0x0000000008000af8                I2C1_EV_IRQHandler
                0x0000000008000af8                DMA1_Stream6_IRQHandler
                0x0000000008000af8                DMA1_Stream1_IRQHandler
                0x0000000008000af8                UART4_IRQHandler
                0x0000000008000af8                TIM3_IRQHandler
                0x0000000008000af8                RCC_IRQHandler
                0x0000000008000af8                TIM8_BRK_TIM12_IRQHandler
                0x0000000008000af8                Default_Handler
                0x0000000008000af8                EXTI15_10_IRQHandler
                0x0000000008000af8                ADC_IRQHandler
                0x0000000008000af8                DMA1_Stream7_IRQHandler
                0x0000000008000af8                TIM7_IRQHandler
                0x0000000008000af8                CAN2_TX_IRQHandler
                0x0000000008000af8                TIM5_IRQHandler
                0x0000000008000af8                DMA2_Stream7_IRQHandler
                0x0000000008000af8                I2C3_EV_IRQHandler
                0x0000000008000af8                EXTI9_5_IRQHandler
                0x0000000008000af8                RTC_WKUP_IRQHandler
                0x0000000008000af8                ETH_WKUP_IRQHandler
                0x0000000008000af8                SPI2_IRQHandler
                0x0000000008000af8                OTG_HS_EP1_IN_IRQHandler
                0x0000000008000af8                DMA1_Stream0_IRQHandler
                0x0000000008000af8                CAN1_TX_IRQHandler
                0x0000000008000af8                EXTI4_IRQHandler
                0x0000000008000af8                FSMC_IRQHandler
                0x0000000008000af8                ETH_IRQHandler
                0x0000000008000af8                OTG_HS_EP1_OUT_IRQHandler
                0x0000000008000af8                WWDG_IRQHandler
                0x0000000008000af8                TIM2_IRQHandler
                0x0000000008000af8                OTG_FS_WKUP_IRQHandler
                0x0000000008000af8                TIM1_TRG_COM_TIM11_IRQHandler
                0x0000000008000af8                OTG_HS_IRQHandler
                0x0000000008000af8                EXTI1_IRQHandler
                0x0000000008000af8                USART2_IRQHandler
                0x0000000008000af8                I2C2_ER_IRQHandler
                0x0000000008000af8                DMA2_Stream1_IRQHandler
                0x0000000008000af8                CAN1_SCE_IRQHandler
                0x0000000008000af8                FLASH_IRQHandler
                0x0000000008000af8                DMA2_Stream4_IRQHandler
                0x0000000008000af8                USART1_IRQHandler
                0x0000000008000af8                SPI3_IRQHandler
                0x0000000008000af8                DMA1_Stream4_IRQHandler
                0x0000000008000af8                I2C1_ER_IRQHandler
                0x0000000008000af8                DMA2_Stream6_IRQHandler
                0x0000000008000af8                DMA1_Stream3_IRQHandler
 *fill*         0x0000000008000afa        0x2 
 .text.HAL_InitTick
                0x0000000008000afc       0x48 ./Drivers/STM32F4xx_HAL_Driver/Src/stm32f4xx_hal.o
                0x0000000008000afc                HAL_InitTick
 .text.HAL_Init
                0x0000000008000b44       0x34 ./Drivers/STM32F4xx_HAL_Driver/Src/stm32f4xx_hal.o
                0x0000000008000b44                HAL_Init
 .text.HAL_IncTick
                0x0000000008000b78       0x18 ./Drivers/STM32F4xx_HAL_Driver/Src/stm32f4xx_hal.o
                0x0000000008000b78                HAL_IncTick
 .text.HAL_GetTick
                0x0000000008000b90        0xc ./Drivers/STM32F4xx_HAL_Driver/Src/stm32f4xx_hal.o
                0x0000000008000b90                HAL_GetTick
 .text.HAL_Delay
                0x0000000008000b9c       0x28 ./Drivers/STM32F4xx_HAL_Driver/Src/stm32f4xx_hal.o
                0x0000000008000b9c                HAL_Delay
 .text.HAL_NVIC_SetPriorityGrouping
                0x0000000008000bc4       0x24 ./Drivers/STM32F4xx_HAL_Driver/Src/stm32f4xx_hal_cortex.o
                0x0000000008000bc4                HAL_NVIC_SetPriorityGrouping
 .text.HAL_NVIC_SetPriority
                0x0000000008000be8       0x64 ./Drivers/STM32F4xx_HAL_Driver/Src/stm32f4xx_hal_cortex.o
                0x0000000008000be8                HAL_NVIC_SetPriority
 .text.HAL_NVIC_EnableIRQ
                0x0000000008000c4c       0x1c ./Drivers/STM32F4xx_HAL_Driver/Src/stm32f4xx_hal_cortex.o
                0x0000000008000c4c                HAL_NVIC_EnableIRQ
 .text.HAL_SYSTICK_Config
                0x0000000008000c68       0x28 ./Drivers/STM32F4xx_HAL_Driver/Src/stm32f4xx_hal_cortex.o
                0x0000000008000c68                HAL_SYSTICK_Config
 .text.HAL_GPIO_Init
                0x0000000008000c90      0x1b4 ./Drivers/STM32F4xx_HAL_Driver/Src/stm32f4xx_hal_gpio.o
                0x0000000008000c90                HAL_GPIO_Init
 .text.HAL_GPIO_WritePin
                0x0000000008000e44        0xa ./Drivers/STM32F4xx_HAL_Driver/Src/stm32f4xx_hal_gpio.o
                0x0000000008000e44                HAL_GPIO_WritePin
 *fill*         0x0000000008000e4e        0x2 
 .text.HAL_I2C_Init
                0x0000000008000e50      0x150 ./Drivers/STM32F4xx_HAL_Driver/Src/stm32f4xx_hal_i2c.o
                0x0000000008000e50                HAL_I2C_Init
 .text.HAL_I2S_Init
                0x0000000008000fa0      0x134 ./Drivers/STM32F4xx_HAL_Driver/Src/stm32f4xx_hal_i2s.o
                0x0000000008000fa0                HAL_I2S_Init
 .text.HAL_I2S_TxCpltCallback
                0x00000000080010d4        0x2 ./Drivers/STM32F4xx_HAL_Driver/Src/stm32f4xx_hal_i2s.o
                0x00000000080010d4                HAL_I2S_TxCpltCallback
 .text.HAL_I2S_RxCpltCallback
                0x00000000080010d6        0x2 ./Drivers/STM32F4xx_HAL_Driver/Src/stm32f4xx_hal_i2s.o
                0x00000000080010d6                HAL_I2S_RxCpltCallback
 .text.HAL_I2S_ErrorCallback
                0x00000000080010d8        0x2 ./Drivers/STM32F4xx_HAL_Driver/Src/stm32f4xx_hal_i2s.o
                0x00000000080010d8                HAL_I2S_ErrorCallback
 .text.I2S_IRQHandler
                0x00000000080010da       0xfa ./Drivers/STM32F4xx_HAL_Driver/Src/stm32f4xx_hal_i2s.o
 .text.HAL_I2SEx_TxRxCpltCallback
                0x00000000080011d4        0x2 ./Drivers/STM32F4xx_HAL_Driver/Src/stm32f4xx_hal_i2s_ex.o
                0x00000000080011d4                HAL_I2SEx_TxRxCpltCallback
 *fill*         0x00000000080011d6        0x2 
 .text.HAL_I2SEx_FullDuplex_IRQHandler
                0x00000000080011d8      0x248 ./Drivers/STM32F4xx_HAL_Driver/Src/stm32f4xx_hal_i2s_ex.o
                0x00000000080011d8                HAL_I2SEx_FullDuplex_IRQHandler
 .text.HAL_PCD_Init
                0x0000000008001420      0x10a ./Drivers/STM32F4xx_HAL_Driver/Src/stm32f4xx_hal_pcd.o
                0x0000000008001420                HAL_PCD_Init
 .text.HAL_PCD_Start
                0x000000000800152a       0x3e ./Drivers/STM32F4xx_HAL_Driver/Src/stm32f4xx_hal_pcd.o
                0x000000000800152a                HAL_PCD_Start
 .text.HAL_PCD_SetAddress
                0x0000000008001568       0x28 ./Drivers/STM32F4xx_HAL_Driver/Src/stm32f4xx_hal_pcd.o
                0x0000000008001568                HAL_PCD_SetAddress
 .text.HAL_PCD_EP_Open
                0x0000000008001590       0x70 ./Drivers/STM32F4xx_HAL_Driver/Src/stm32f4xx_hal_pcd.o
                0x0000000008001590                HAL_PCD_EP_Open
 .text.HAL_PCD_EP_Close
                0x0000000008001600       0x5e ./Drivers/STM32F4xx_HAL_Driver/Src/stm32f4xx_hal_pcd.o
                0x0000000008001600                HAL_PCD_EP_Close
 .text.HAL_PCD_EP_Receive
                0x000000000800165e       0x48 ./Drivers/STM32F4xx_HAL_Driver/Src/stm32f4xx_hal_pcd.o
                0x000000000800165e                HAL_PCD_EP_Receive
 .text.HAL_PCD_EP_GetRxCount
                0x00000000080016a6       0x10 ./Drivers/STM32F4xx_HAL_Driver/Src/stm32f4xx_hal_pcd.o
                0x00000000080016a6                HAL_PCD_EP_GetRxCount
 .text.HAL_PCD_EP_Transmit
                0x00000000080016b6       0x40 ./Drivers/STM32F4xx_HAL_Driver/Src/stm32f4xx_hal_pcd.o
                0x00000000080016b6                HAL_PCD_EP_Transmit
 .text.HAL_PCD_EP_SetStall
                0x00000000080016f6       0x70 ./Drivers/STM32F4xx_HAL_Driver/Src/stm32f4xx_hal_pcd.o
                0x00000000080016f6                HAL_PCD_EP_SetStall
 .text.HAL_PCD_EP_ClrStall
                0x0000000008001766       0x6c ./Drivers/STM32F4xx_HAL_Driver/Src/stm32f4xx_hal_pcd.o
                0x0000000008001766                HAL_PCD_EP_ClrStall
 .text.HAL_PCD_EP_Abort
                0x00000000080017d2       0x20 ./Drivers/STM32F4xx_HAL_Driver/Src/stm32f4xx_hal_pcd.o
                0x00000000080017d2                HAL_PCD_EP_Abort
 *fill*         0x00000000080017f2        0x2 
 .text.HAL_PCD_IRQHandler
                0x00000000080017f4      0x68c ./Drivers/STM32F4xx_HAL_Driver/Src/stm32f4xx_hal_pcd.o
                0x00000000080017f4                HAL_PCD_IRQHandler
 .text.HAL_PCDEx_SetTxFiFo
                0x0000000008001e80       0x40 ./Drivers/STM32F4xx_HAL_Driver/Src/stm32f4xx_hal_pcd_ex.o
                0x0000000008001e80                HAL_PCDEx_SetTxFiFo
 .text.HAL_PCDEx_SetRxFiFo
                0x0000000008001ec0        0x8 ./Drivers/STM32F4xx_HAL_Driver/Src/stm32f4xx_hal_pcd_ex.o
                0x0000000008001ec0                HAL_PCDEx_SetRxFiFo
 .text.HAL_PCDEx_LPM_Callback
                0x0000000008001ec8        0x2 ./Drivers/STM32F4xx_HAL_Driver/Src/stm32f4xx_hal_pcd_ex.o
                0x0000000008001ec8                HAL_PCDEx_LPM_Callback
 *fill*         0x0000000008001eca        0x2 
 .text.HAL_RCC_OscConfig
                0x0000000008001ecc      0x360 ./Drivers/STM32F4xx_HAL_Driver/Src/stm32f4xx_hal_rcc.o
                0x0000000008001ecc                HAL_RCC_OscConfig
 .text.HAL_RCC_GetSysClockFreq
                0x000000000800222c       0x5c ./Drivers/STM32F4xx_HAL_Driver/Src/stm32f4xx_hal_rcc.o
                0x000000000800222c                HAL_RCC_GetSysClockFreq
 .text.HAL_RCC_ClockConfig
                0x0000000008002288      0x138 ./Drivers/STM32F4xx_HAL_Driver/Src/stm32f4xx_hal_rcc.o
                0x0000000008002288                HAL_RCC_ClockConfig
 .text.HAL_RCC_GetHCLKFreq
                0x00000000080023c0        0xc ./Drivers/STM32F4xx_HAL_Driver/Src/stm32f4xx_hal_rcc.o
                0x00000000080023c0                HAL_RCC_GetHCLKFreq
 .text.HAL_RCC_GetPCLK1Freq
                0x00000000080023cc       0x20 ./Drivers/STM32F4xx_HAL_Driver/Src/stm32f4xx_hal_rcc.o
                0x00000000080023cc                HAL_RCC_GetPCLK1Freq
 .text.HAL_RCCEx_PeriphCLKConfig
                0x00000000080023ec      0x130 ./Drivers/STM32F4xx_HAL_Driver/Src/stm32f4xx_hal_rcc_ex.o
                0x00000000080023ec                HAL_RCCEx_PeriphCLKConfig
 .text.HAL_RCCEx_GetPeriphCLKFreq
                0x000000000800251c       0x4c ./Drivers/STM32F4xx_HAL_Driver/Src/stm32f4xx_hal_rcc_ex.o
                0x000000000800251c                HAL_RCCEx_GetPeriphCLKFreq
 .text.HAL_SPI_Init
                0x0000000008002568       0xb8 ./Drivers/STM32F4xx_HAL_Driver/Src/stm32f4xx_hal_spi.o
                0x0000000008002568                HAL_SPI_Init
 .text.USB_CoreReset
                0x0000000008002620       0x4c ./Drivers/STM32F4xx_HAL_Driver/Src/stm32f4xx_ll_usb.o
 .text.USB_CoreInit
                0x000000000800266c       0x80 ./Drivers/STM32F4xx_HAL_Driver/Src/stm32f4xx_ll_usb.o
                0x000000000800266c                USB_CoreInit
 .text.USB_SetTurnaroundTime
                0x00000000080026ec       0xe0 ./Drivers/STM32F4xx_HAL_Driver/Src/stm32f4xx_ll_usb.o
                0x00000000080026ec                USB_SetTurnaroundTime
 .text.USB_EnableGlobalInt
                0x00000000080027cc        0xc ./Drivers/STM32F4xx_HAL_Driver/Src/stm32f4xx_ll_usb.o
                0x00000000080027cc                USB_EnableGlobalInt
 .text.USB_DisableGlobalInt
                0x00000000080027d8        0xc ./Drivers/STM32F4xx_HAL_Driver/Src/stm32f4xx_ll_usb.o
                0x00000000080027d8                USB_DisableGlobalInt
 .text.USB_SetCurrentMode
                0x00000000080027e4       0x60 ./Drivers/STM32F4xx_HAL_Driver/Src/stm32f4xx_ll_usb.o
                0x00000000080027e4                USB_SetCurrentMode
 .text.USB_FlushTxFifo
                0x0000000008002844       0x4c ./Drivers/STM32F4xx_HAL_Driver/Src/stm32f4xx_ll_usb.o
                0x0000000008002844                USB_FlushTxFifo
 .text.USB_FlushRxFifo
                0x0000000008002890       0x48 ./Drivers/STM32F4xx_HAL_Driver/Src/stm32f4xx_ll_usb.o
                0x0000000008002890                USB_FlushRxFifo
 .text.USB_SetDevSpeed
                0x00000000080028d8        0xe ./Drivers/STM32F4xx_HAL_Driver/Src/stm32f4xx_ll_usb.o
                0x00000000080028d8                USB_SetDevSpeed
 *fill*         0x00000000080028e6        0x2 
 .text.USB_DevInit
                0x00000000080028e8      0x170 ./Drivers/STM32F4xx_HAL_Driver/Src/stm32f4xx_ll_usb.o
                0x00000000080028e8                USB_DevInit
 .text.USB_GetDevSpeed
                0x0000000008002a58       0x16 ./Drivers/STM32F4xx_HAL_Driver/Src/stm32f4xx_ll_usb.o
                0x0000000008002a58                USB_GetDevSpeed
 .text.USB_ActivateEndpoint
                0x0000000008002a6e       0x7c ./Drivers/STM32F4xx_HAL_Driver/Src/stm32f4xx_ll_usb.o
                0x0000000008002a6e                USB_ActivateEndpoint
 *fill*         0x0000000008002aea        0x2 
 .text.USB_DeactivateEndpoint
                0x0000000008002aec       0xac ./Drivers/STM32F4xx_HAL_Driver/Src/stm32f4xx_ll_usb.o
                0x0000000008002aec                USB_DeactivateEndpoint
 .text.USB_EP0StartXfer
                0x0000000008002b98       0xf8 ./Drivers/STM32F4xx_HAL_Driver/Src/stm32f4xx_ll_usb.o
                0x0000000008002b98                USB_EP0StartXfer
 .text.USB_EPStopXfer
                0x0000000008002c90       0x84 ./Drivers/STM32F4xx_HAL_Driver/Src/stm32f4xx_ll_usb.o
                0x0000000008002c90                USB_EPStopXfer
 .text.USB_WritePacket
                0x0000000008002d14       0x26 ./Drivers/STM32F4xx_HAL_Driver/Src/stm32f4xx_ll_usb.o
                0x0000000008002d14                USB_WritePacket
 *fill*         0x0000000008002d3a        0x2 
 .text.USB_EPStartXfer
                0x0000000008002d3c      0x1d8 ./Drivers/STM32F4xx_HAL_Driver/Src/stm32f4xx_ll_usb.o
                0x0000000008002d3c                USB_EPStartXfer
 .text.USB_ReadPacket
                0x0000000008002f14       0x40 ./Drivers/STM32F4xx_HAL_Driver/Src/stm32f4xx_ll_usb.o
                0x0000000008002f14                USB_ReadPacket
 .text.USB_EPSetStall
                0x0000000008002f54       0x56 ./Drivers/STM32F4xx_HAL_Driver/Src/stm32f4xx_ll_usb.o
                0x0000000008002f54                USB_EPSetStall
 .text.USB_EPClearStall
                0x0000000008002faa       0x52 ./Drivers/STM32F4xx_HAL_Driver/Src/stm32f4xx_ll_usb.o
                0x0000000008002faa                USB_EPClearStall
 .text.USB_SetDevAddress
                0x0000000008002ffc       0x20 ./Drivers/STM32F4xx_HAL_Driver/Src/stm32f4xx_ll_usb.o
                0x0000000008002ffc                USB_SetDevAddress
 .text.USB_DevConnect
                0x000000000800301c       0x1c ./Drivers/STM32F4xx_HAL_Driver/Src/stm32f4xx_ll_usb.o
                0x000000000800301c                USB_DevConnect
 .text.USB_DevDisconnect
                0x0000000008003038       0x1c ./Drivers/STM32F4xx_HAL_Driver/Src/stm32f4xx_ll_usb.o
                0x0000000008003038                USB_DevDisconnect
 .text.USB_ReadInterrupts
                0x0000000008003054        0x8 ./Drivers/STM32F4xx_HAL_Driver/Src/stm32f4xx_ll_usb.o
                0x0000000008003054                USB_ReadInterrupts
 .text.USB_ReadDevAllOutEpInterrupt
                0x000000000800305c       0x10 ./Drivers/STM32F4xx_HAL_Driver/Src/stm32f4xx_ll_usb.o
                0x000000000800305c                USB_ReadDevAllOutEpInterrupt
 .text.USB_ReadDevAllInEpInterrupt
                0x000000000800306c       0x10 ./Drivers/STM32F4xx_HAL_Driver/Src/stm32f4xx_ll_usb.o
                0x000000000800306c                USB_ReadDevAllInEpInterrupt
 .text.USB_ReadDevOutEPInterrupt
                0x000000000800307c       0x12 ./Drivers/STM32F4xx_HAL_Driver/Src/stm32f4xx_ll_usb.o
                0x000000000800307c                USB_ReadDevOutEPInterrupt
 .text.USB_ReadDevInEPInterrupt
                0x000000000800308e       0x24 ./Drivers/STM32F4xx_HAL_Driver/Src/stm32f4xx_ll_usb.o
                0x000000000800308e                USB_ReadDevInEPInterrupt
 .text.USB_GetMode
                0x00000000080030b2        0x8 ./Drivers/STM32F4xx_HAL_Driver/Src/stm32f4xx_ll_usb.o
                0x00000000080030b2                USB_GetMode
 .text.USB_ActivateSetup
                0x00000000080030ba       0x20 ./Drivers/STM32F4xx_HAL_Driver/Src/stm32f4xx_ll_usb.o
                0x00000000080030ba                USB_ActivateSetup
 *fill*         0x00000000080030da        0x2 
 .text.USB_EP0_OutStart
                0x00000000080030dc       0x4c ./Drivers/STM32F4xx_HAL_Driver/Src/stm32f4xx_ll_usb.o
                0x00000000080030dc                USB_EP0_OutStart
 .text.USBD_CDC_EP0_RxReady
                0x0000000008003128       0x36 ./Middlewares/ST/STM32_USB_Device_Library/Class/CDC/Src/usbd_cdc.o
 *fill*         0x000000000800315e        0x2 
 .text.USBD_CDC_GetDeviceQualifierDescriptor
                0x0000000008003160        0xc ./Middlewares/ST/STM32_USB_Device_Library/Class/CDC/Src/usbd_cdc.o
                0x0000000008003160                USBD_CDC_GetDeviceQualifierDescriptor
 .text.USBD_CDC_GetFSCfgDesc
                0x000000000800316c       0x48 ./Middlewares/ST/STM32_USB_Device_Library/Class/CDC/Src/usbd_cdc.o
 .text.USBD_CDC_GetOtherSpeedCfgDesc
                0x00000000080031b4        0x4 ./Middlewares/ST/STM32_USB_Device_Library/Class/CDC/Src/usbd_cdc.o
 .text.USBD_CDC_GetHSCfgDesc
                0x00000000080031b8       0x48 ./Middlewares/ST/STM32_USB_Device_Library/Class/CDC/Src/usbd_cdc.o
 .text.USBD_CDC_DataOut
                0x0000000008003200       0x38 ./Middlewares/ST/STM32_USB_Device_Library/Class/CDC/Src/usbd_cdc.o
 .text.USBD_CDC_DataIn
                0x0000000008003238       0x68 ./Middlewares/ST/STM32_USB_Device_Library/Class/CDC/Src/usbd_cdc.o
 .text.USBD_CDC_Setup
                0x00000000080032a0      0x108 ./Middlewares/ST/STM32_USB_Device_Library/Class/CDC/Src/usbd_cdc.o
 .text.USBD_CDC_DeInit
                0x00000000080033a8       0x5a ./Middlewares/ST/STM32_USB_Device_Library/Class/CDC/Src/usbd_cdc.o
 .text.USBD_CDC_Init
                0x0000000008003402       0xd2 ./Middlewares/ST/STM32_USB_Device_Library/Class/CDC/Src/usbd_cdc.o
 .text.USBD_CDC_RegisterInterface
                0x00000000080034d4       0x16 ./Middlewares/ST/STM32_USB_Device_Library/Class/CDC/Src/usbd_cdc.o
                0x00000000080034d4                USBD_CDC_RegisterInterface
 .text.USBD_CDC_SetTxBuffer
                0x00000000080034ea       0x1c ./Middlewares/ST/STM32_USB_Device_Library/Class/CDC/Src/usbd_cdc.o
                0x00000000080034ea                USBD_CDC_SetTxBuffer
 .text.USBD_CDC_SetRxBuffer
                0x0000000008003506       0x18 ./Middlewares/ST/STM32_USB_Device_Library/Class/CDC/Src/usbd_cdc.o
                0x0000000008003506                USBD_CDC_SetRxBuffer
 .text.USBD_CDC_TransmitPacket
                0x000000000800351e       0x36 ./Middlewares/ST/STM32_USB_Device_Library/Class/CDC/Src/usbd_cdc.o
                0x000000000800351e                USBD_CDC_TransmitPacket
 .text.USBD_CDC_ReceivePacket
                0x0000000008003554       0x34 ./Middlewares/ST/STM32_USB_Device_Library/Class/CDC/Src/usbd_cdc.o
                0x0000000008003554                USBD_CDC_ReceivePacket
 .text.USBD_Init
                0x0000000008003588       0x26 ./Middlewares/ST/STM32_USB_Device_Library/Core/Src/usbd_core.o
                0x0000000008003588                USBD_Init
 .text.USBD_RegisterClass
                0x00000000080035ae       0x32 ./Middlewares/ST/STM32_USB_Device_Library/Core/Src/usbd_core.o
                0x00000000080035ae                USBD_RegisterClass
 .text.USBD_Start
                0x00000000080035e0        0x4 ./Middlewares/ST/STM32_USB_Device_Library/Core/Src/usbd_core.o
                0x00000000080035e0                USBD_Start
 .text.USBD_SetClassConfig
                0x00000000080035e4        0xe ./Middlewares/ST/STM32_USB_Device_Library/Core/Src/usbd_core.o
                0x00000000080035e4                USBD_SetClassConfig
 .text.USBD_ClrClassConfig
                0x00000000080035f2       0x12 ./Middlewares/ST/STM32_USB_Device_Library/Core/Src/usbd_core.o
                0x00000000080035f2                USBD_ClrClassConfig
 .text.USBD_LL_SetupStage
                0x0000000008003604       0x60 ./Middlewares/ST/STM32_USB_Device_Library/Core/Src/usbd_core.o
                0x0000000008003604                USBD_LL_SetupStage
 .text.USBD_LL_DataOutStage
                0x0000000008003664       0x6a ./Middlewares/ST/STM32_USB_Device_Library/Core/Src/usbd_core.o
                0x0000000008003664                USBD_LL_DataOutStage
 .text.USBD_LL_DataInStage
                0x00000000080036ce       0xae ./Middlewares/ST/STM32_USB_Device_Library/Core/Src/usbd_core.o
                0x00000000080036ce                USBD_LL_DataInStage
 .text.USBD_LL_Reset
                0x000000000800377c       0x5e ./Middlewares/ST/STM32_USB_Device_Library/Core/Src/usbd_core.o
                0x000000000800377c                USBD_LL_Reset
 .text.USBD_LL_SetSpeed
                0x00000000080037da        0x6 ./Middlewares/ST/STM32_USB_Device_Library/Core/Src/usbd_core.o
                0x00000000080037da                USBD_LL_SetSpeed
 .text.USBD_LL_Suspend
                0x00000000080037e0       0x14 ./Middlewares/ST/STM32_USB_Device_Library/Core/Src/usbd_core.o
                0x00000000080037e0                USBD_LL_Suspend
 .text.USBD_LL_Resume
                0x00000000080037f4       0x16 ./Middlewares/ST/STM32_USB_Device_Library/Core/Src/usbd_core.o
                0x00000000080037f4                USBD_LL_Resume
 .text.USBD_LL_SOF
                0x000000000800380a       0x1a ./Middlewares/ST/STM32_USB_Device_Library/Core/Src/usbd_core.o
                0x000000000800380a                USBD_LL_SOF
 .text.USBD_LL_IsoINIncomplete
                0x0000000008003824       0x28 ./Middlewares/ST/STM32_USB_Device_Library/Core/Src/usbd_core.o
                0x0000000008003824                USBD_LL_IsoINIncomplete
 .text.USBD_LL_IsoOUTIncomplete
                0x000000000800384c       0x28 ./Middlewares/ST/STM32_USB_Device_Library/Core/Src/usbd_core.o
                0x000000000800384c                USBD_LL_IsoOUTIncomplete
 .text.USBD_LL_DevConnected
                0x0000000008003874        0x4 ./Middlewares/ST/STM32_USB_Device_Library/Core/Src/usbd_core.o
                0x0000000008003874                USBD_LL_DevConnected
 .text.USBD_LL_DevDisconnected
                0x0000000008003878       0x20 ./Middlewares/ST/STM32_USB_Device_Library/Core/Src/usbd_core.o
                0x0000000008003878                USBD_LL_DevDisconnected
 .text.USBD_CoreFindIF
                0x0000000008003898        0x4 ./Middlewares/ST/STM32_USB_Device_Library/Core/Src/usbd_core.o
                0x0000000008003898                USBD_CoreFindIF
 .text.USBD_CoreFindEP
                0x000000000800389c        0x4 ./Middlewares/ST/STM32_USB_Device_Library/Core/Src/usbd_core.o
                0x000000000800389c                USBD_CoreFindEP
 .text.USBD_GetEpDesc
                0x00000000080038a0       0x24 ./Middlewares/ST/STM32_USB_Device_Library/Core/Src/usbd_core.o
                0x00000000080038a0                USBD_GetEpDesc
 .text.USBD_CtlError.constprop.0
                0x00000000080038c4       0x16 ./Middlewares/ST/STM32_USB_Device_Library/Core/Src/usbd_ctlreq.o
 *fill*         0x00000000080038da        0x2 
 .text.USBD_StdDevReq
                0x00000000080038dc      0x2ac ./Middlewares/ST/STM32_USB_Device_Library/Core/Src/usbd_ctlreq.o
                0x00000000080038dc                USBD_StdDevReq
 .text.USBD_StdItfReq
                0x0000000008003b88       0x5e ./Middlewares/ST/STM32_USB_Device_Library/Core/Src/usbd_ctlreq.o
                0x0000000008003b88                USBD_StdItfReq
 .text.USBD_StdEPReq
                0x0000000008003be6      0x13c ./Middlewares/ST/STM32_USB_Device_Library/Core/Src/usbd_ctlreq.o
                0x0000000008003be6                USBD_StdEPReq
 .text.USBD_ParseSetupRequest
                0x0000000008003d22       0x16 ./Middlewares/ST/STM32_USB_Device_Library/Core/Src/usbd_ctlreq.o
                0x0000000008003d22                USBD_ParseSetupRequest
 .text.USBD_CtlError
                0x0000000008003d38       0x16 ./Middlewares/ST/STM32_USB_Device_Library/Core/Src/usbd_ctlreq.o
                0x0000000008003d38                USBD_CtlError
 .text.USBD_GetString
                0x0000000008003d4e       0x38 ./Middlewares/ST/STM32_USB_Device_Library/Core/Src/usbd_ctlreq.o
                0x0000000008003d4e                USBD_GetString
 .text.USBD_CtlSendData
                0x0000000008003d86       0x1a ./Middlewares/ST/STM32_USB_Device_Library/Core/Src/usbd_ioreq.o
                0x0000000008003d86                USBD_CtlSendData
 .text.USBD_CtlContinueSendData
                0x0000000008003da0       0x10 ./Middlewares/ST/STM32_USB_Device_Library/Core/Src/usbd_ioreq.o
                0x0000000008003da0                USBD_CtlContinueSendData
 .text.USBD_CtlPrepareRx
                0x0000000008003db0       0x1a ./Middlewares/ST/STM32_USB_Device_Library/Core/Src/usbd_ioreq.o
                0x0000000008003db0                USBD_CtlPrepareRx
 .text.USBD_CtlContinueRx
                0x0000000008003dca       0x10 ./Middlewares/ST/STM32_USB_Device_Library/Core/Src/usbd_ioreq.o
                0x0000000008003dca                USBD_CtlContinueRx
 .text.USBD_CtlSendStatus
                0x0000000008003dda       0x16 ./Middlewares/ST/STM32_USB_Device_Library/Core/Src/usbd_ioreq.o
                0x0000000008003dda                USBD_CtlSendStatus
 .text.USBD_CtlReceiveStatus
                0x0000000008003df0       0x16 ./Middlewares/ST/STM32_USB_Device_Library/Core/Src/usbd_ioreq.o
                0x0000000008003df0                USBD_CtlReceiveStatus
 *fill*         0x0000000008003e06        0x2 
 .text.MX_USB_DEVICE_Init
                0x0000000008003e08       0x50 ./USB_DEVICE/App/usb_device.o
                0x0000000008003e08                MX_USB_DEVICE_Init
 .text.CDC_DeInit_FS
                0x0000000008003e58        0x4 ./USB_DEVICE/App/usbd_cdc_if.o
 .text.CDC_Control_FS
                0x0000000008003e5c        0x4 ./USB_DEVICE/App/usbd_cdc_if.o
 .text.CDC_TransmitCplt_FS
                0x0000000008003e60        0x4 ./USB_DEVICE/App/usbd_cdc_if.o
 .text.CDC_Init_FS
                0x0000000008003e64       0x28 ./USB_DEVICE/App/usbd_cdc_if.o
 .text.CDC_Receive_FS
                0x0000000008003e8c       0x1c ./USB_DEVICE/App/usbd_cdc_if.o
                0x0000000008003e8c                CDC_Receive_FS
 .text.CDC_Transmit_FS
                0x0000000008003ea8       0x2c ./USB_DEVICE/App/usbd_cdc_if.o
                0x0000000008003ea8                CDC_Transmit_FS
 .text.USBD_FS_DeviceDescriptor
                0x0000000008003ed4        0xc ./USB_DEVICE/App/usbd_desc.o
                0x0000000008003ed4                USBD_FS_DeviceDescriptor
 .text.USBD_FS_LangIDStrDescriptor
                0x0000000008003ee0        0xc ./USB_DEVICE/App/usbd_desc.o
                0x0000000008003ee0                USBD_FS_LangIDStrDescriptor
 .text.IntToUnicode
                0x0000000008003eec       0x2a ./USB_DEVICE/App/usbd_desc.o
 *fill*         0x0000000008003f16        0x2 
 .text.USBD_FS_SerialStrDescriptor
                0x0000000008003f18       0x3c ./USB_DEVICE/App/usbd_desc.o
                0x0000000008003f18                USBD_FS_SerialStrDescriptor
 .text.USBD_FS_ManufacturerStrDescriptor
                0x0000000008003f54       0x1c ./USB_DEVICE/App/usbd_desc.o
                0x0000000008003f54                USBD_FS_ManufacturerStrDescriptor
 .text.USBD_FS_ProductStrDescriptor
                0x0000000008003f70       0x1c ./USB_DEVICE/App/usbd_desc.o
                0x0000000008003f70                USBD_FS_ProductStrDescriptor
 .text.USBD_FS_ConfigStrDescriptor
                0x0000000008003f8c       0x1c ./USB_DEVICE/App/usbd_desc.o
                0x0000000008003f8c                USBD_FS_ConfigStrDescriptor
 .text.USBD_FS_InterfaceStrDescriptor
                0x0000000008003fa8       0x1c ./USB_DEVICE/App/usbd_desc.o
                0x0000000008003fa8                USBD_FS_InterfaceStrDescriptor
 .text.HAL_PCD_MspInit
                0x0000000008003fc4       0x90 ./USB_DEVICE/Target/usbd_conf.o
                0x0000000008003fc4                HAL_PCD_MspInit
 .text.HAL_PCD_SetupStageCallback
                0x0000000008004054        0xc ./USB_DEVICE/Target/usbd_conf.o
                0x0000000008004054                HAL_PCD_SetupStageCallback
 .text.HAL_PCD_DataOutStageCallback
                0x0000000008004060       0x12 ./USB_DEVICE/Target/usbd_conf.o
                0x0000000008004060                HAL_PCD_DataOutStageCallback
 .text.HAL_PCD_DataInStageCallback
                0x0000000008004072       0x10 ./USB_DEVICE/Target/usbd_conf.o
                0x0000000008004072                HAL_PCD_DataInStageCallback
 .text.HAL_PCD_SOFCallback
                0x0000000008004082        0x8 ./USB_DEVICE/Target/usbd_conf.o
                0x0000000008004082                HAL_PCD_SOFCallback
 .text.HAL_PCD_ResetCallback
                0x000000000800408a       0x26 ./USB_DEVICE/Target/usbd_conf.o
                0x000000000800408a                HAL_PCD_ResetCallback
 .text.HAL_PCD_SuspendCallback
                0x00000000080040b0       0x30 ./USB_DEVICE/Target/usbd_conf.o
                0x00000000080040b0                HAL_PCD_SuspendCallback
 .text.HAL_PCD_ResumeCallback
                0x00000000080040e0        0x8 ./USB_DEVICE/Target/usbd_conf.o
                0x00000000080040e0                HAL_PCD_ResumeCallback
 .text.HAL_PCD_ISOOUTIncompleteCallback
                0x00000000080040e8        0x8 ./USB_DEVICE/Target/usbd_conf.o
                0x00000000080040e8                HAL_PCD_ISOOUTIncompleteCallback
 .text.HAL_PCD_ISOINIncompleteCallback
                0x00000000080040f0        0x8 ./USB_DEVICE/Target/usbd_conf.o
                0x00000000080040f0                HAL_PCD_ISOINIncompleteCallback
 .text.HAL_PCD_ConnectCallback
                0x00000000080040f8        0x8 ./USB_DEVICE/Target/usbd_conf.o
                0x00000000080040f8                HAL_PCD_ConnectCallback
 .text.HAL_PCD_DisconnectCallback
                0x0000000008004100        0x8 ./USB_DEVICE/Target/usbd_conf.o
                0x0000000008004100                HAL_PCD_DisconnectCallback
 .text.USBD_LL_Init
                0x0000000008004108       0x60 ./USB_DEVICE/Target/usbd_conf.o
                0x0000000008004108                USBD_LL_Init
 .text.USBD_LL_IsStallEP
                0x0000000008004168       0x26 ./USB_DEVICE/Target/usbd_conf.o
                0x0000000008004168                USBD_LL_IsStallEP
 .text.USBD_LL_GetRxDataSize
                0x000000000800418e        0x8 ./USB_DEVICE/Target/usbd_conf.o
                0x000000000800418e                USBD_LL_GetRxDataSize
 *fill*         0x0000000008004196        0x2 
 .text.USBD_static_malloc
                0x0000000008004198        0x8 ./USB_DEVICE/Target/usbd_conf.o
                0x0000000008004198                USBD_static_malloc
 .text.USBD_static_free
                0x00000000080041a0        0x2 ./USB_DEVICE/Target/usbd_conf.o
                0x00000000080041a0                USBD_static_free
 *fill*         0x00000000080041a2        0x2 
 .text.USBD_Get_USB_Status
                0x00000000080041a4       0x10 ./USB_DEVICE/Target/usbd_conf.o
                0x00000000080041a4                USBD_Get_USB_Status
 .text.USBD_LL_Start
                0x00000000080041b4       0x12 ./USB_DEVICE/Target/usbd_conf.o
                0x00000000080041b4                USBD_LL_Start
 .text.USBD_LL_OpenEP
                0x00000000080041c6       0x18 ./USB_DEVICE/Target/usbd_conf.o
                0x00000000080041c6                USBD_LL_OpenEP
 .text.USBD_LL_CloseEP
                0x00000000080041de       0x12 ./USB_DEVICE/Target/usbd_conf.o
                0x00000000080041de                USBD_LL_CloseEP
 .text.USBD_LL_StallEP
                0x00000000080041f0       0x12 ./USB_DEVICE/Target/usbd_conf.o
                0x00000000080041f0                USBD_LL_StallEP
 .text.USBD_LL_ClearStallEP
                0x0000000008004202       0x12 ./USB_DEVICE/Target/usbd_conf.o
                0x0000000008004202                USBD_LL_ClearStallEP
 .text.USBD_LL_SetUSBAddress
                0x0000000008004214       0x12 ./USB_DEVICE/Target/usbd_conf.o
                0x0000000008004214                USBD_LL_SetUSBAddress
 .text.USBD_LL_Transmit
                0x0000000008004226       0x12 ./USB_DEVICE/Target/usbd_conf.o
                0x0000000008004226                USBD_LL_Transmit
 .text.USBD_LL_PrepareReceive
                0x0000000008004238       0x12 ./USB_DEVICE/Target/usbd_conf.o
                0x0000000008004238                USBD_LL_PrepareReceive
 *fill*         0x000000000800424a        0x2 
 .text.__libc_init_array
                0x000000000800424c       0x48 c:/st/stm32cubeide_1.9.0/stm32cubeide/plugins/com.st.stm32cube.ide.mcu.externaltools.gnu-tools-for-stm32.10.3-2021.10.win32_1.0.0.202111181127/tools/bin/../lib/gcc/arm-none-eabi/10.3.1/../../../../arm-none-eabi/lib/thumb/v7e-m+fp/hard\libc_nano.a(lib_a-init.o)
                0x000000000800424c                __libc_init_array
 .text.memset   0x0000000008004294       0x10 c:/st/stm32cubeide_1.9.0/stm32cubeide/plugins/com.st.stm32cube.ide.mcu.externaltools.gnu-tools-for-stm32.10.3-2021.10.win32_1.0.0.202111181127/tools/bin/../lib/gcc/arm-none-eabi/10.3.1/../../../../arm-none-eabi/lib/thumb/v7e-m+fp/hard\libc_nano.a(lib_a-memset.o)
                0x0000000008004294                memset
 *(.glue_7)
 .glue_7        0x00000000080042a4        0x0 linker stubs
 *(.glue_7t)
 .glue_7t       0x00000000080042a4        0x0 linker stubs
 *(.eh_frame)
 .eh_frame      0x00000000080042a4        0x0 c:/st/stm32cubeide_1.9.0/stm32cubeide/plugins/com.st.stm32cube.ide.mcu.externaltools.gnu-tools-for-stm32.10.3-2021.10.win32_1.0.0.202111181127/tools/bin/../lib/gcc/arm-none-eabi/10.3.1/thumb/v7e-m+fp/hard/crtbegin.o
 *(.init)
 .init          0x00000000080042a4        0x4 c:/st/stm32cubeide_1.9.0/stm32cubeide/plugins/com.st.stm32cube.ide.mcu.externaltools.gnu-tools-for-stm32.10.3-2021.10.win32_1.0.0.202111181127/tools/bin/../lib/gcc/arm-none-eabi/10.3.1/thumb/v7e-m+fp/hard/crti.o
                0x00000000080042a4                _init
 .init          0x00000000080042a8        0x8 c:/st/stm32cubeide_1.9.0/stm32cubeide/plugins/com.st.stm32cube.ide.mcu.externaltools.gnu-tools-for-stm32.10.3-2021.10.win32_1.0.0.202111181127/tools/bin/../lib/gcc/arm-none-eabi/10.3.1/thumb/v7e-m+fp/hard/crtn.o
 *(.fini)
 .fini          0x00000000080042b0        0x4 c:/st/stm32cubeide_1.9.0/stm32cubeide/plugins/com.st.stm32cube.ide.mcu.externaltools.gnu-tools-for-stm32.10.3-2021.10.win32_1.0.0.202111181127/tools/bin/../lib/gcc/arm-none-eabi/10.3.1/thumb/v7e-m+fp/hard/crti.o
                0x00000000080042b0                _fini
 .fini          0x00000000080042b4        0x8 c:/st/stm32cubeide_1.9.0/stm32cubeide/plugins/com.st.stm32cube.ide.mcu.externaltools.gnu-tools-for-stm32.10.3-2021.10.win32_1.0.0.202111181127/tools/bin/../lib/gcc/arm-none-eabi/10.3.1/thumb/v7e-m+fp/hard/crtn.o
                0x00000000080042bc                . = ALIGN (0x4)
                0x00000000080042bc                _etext = .

.vfp11_veneer   0x00000000080042bc        0x0
 .vfp11_veneer  0x00000000080042bc        0x0 linker stubs

.v4_bx          0x00000000080042bc        0x0
 .v4_bx         0x00000000080042bc        0x0 linker stubs

.iplt           0x00000000080042bc        0x0
 .iplt          0x00000000080042bc        0x0 c:/st/stm32cubeide_1.9.0/stm32cubeide/plugins/com.st.stm32cube.ide.mcu.externaltools.gnu-tools-for-stm32.10.3-2021.10.win32_1.0.0.202111181127/tools/bin/../lib/gcc/arm-none-eabi/10.3.1/thumb/v7e-m+fp/hard/crtbegin.o

.rodata         0x00000000080042bc       0x60
                0x00000000080042bc                . = ALIGN (0x4)
 *(.rodata)
 *(.rodata*)
 .rodata.AHBPrescTable
                0x00000000080042bc       0x10 ./Core/Src/system_stm32f4xx.o
                0x00000000080042bc                AHBPrescTable
 .rodata.APBPrescTable
                0x00000000080042cc        0x8 ./Core/Src/system_stm32f4xx.o
                0x00000000080042cc                APBPrescTable
 .rodata.USBD_FS_ManufacturerStrDescriptor.str1.1
                0x00000000080042d4       0x13 ./USB_DEVICE/App/usbd_desc.o
 .rodata.USBD_FS_ProductStrDescriptor.str1.1
                0x00000000080042e7       0x16 ./USB_DEVICE/App/usbd_desc.o
 .rodata.USBD_FS_ConfigStrDescriptor.str1.1
                0x00000000080042fd        0xb ./USB_DEVICE/App/usbd_desc.o
 .rodata.USBD_FS_InterfaceStrDescriptor.str1.1
                0x0000000008004308        0xe ./USB_DEVICE/App/usbd_desc.o
 .rodata.CSWTCH.23
                0x0000000008004316        0x4 ./USB_DEVICE/Target/usbd_conf.o
                0x000000000800431c                . = ALIGN (0x4)
 *fill*         0x000000000800431a        0x2 

.ARM.extab      0x000000000800431c        0x0
                0x000000000800431c                . = ALIGN (0x4)
 *(.ARM.extab* .gnu.linkonce.armextab.*)
                0x000000000800431c                . = ALIGN (0x4)

.ARM            0x000000000800431c        0x8
                0x000000000800431c                . = ALIGN (0x4)
                0x000000000800431c                __exidx_start = .
 *(.ARM.exidx*)
 .ARM.exidx     0x000000000800431c        0x8 c:/st/stm32cubeide_1.9.0/stm32cubeide/plugins/com.st.stm32cube.ide.mcu.externaltools.gnu-tools-for-stm32.10.3-2021.10.win32_1.0.0.202111181127/tools/bin/../lib/gcc/arm-none-eabi/10.3.1/thumb/v7e-m+fp/hard\libgcc.a(_udivmoddi4.o)
                0x0000000008004324                __exidx_end = .
                0x0000000008004324                . = ALIGN (0x4)

.rel.dyn        0x0000000008004324        0x0
 .rel.iplt      0x0000000008004324        0x0 c:/st/stm32cubeide_1.9.0/stm32cubeide/plugins/com.st.stm32cube.ide.mcu.externaltools.gnu-tools-for-stm32.10.3-2021.10.win32_1.0.0.202111181127/tools/bin/../lib/gcc/arm-none-eabi/10.3.1/thumb/v7e-m+fp/hard/crtbegin.o

.preinit_array  0x0000000008004324        0x0
                0x0000000008004324                . = ALIGN (0x4)
                0x0000000008004324                PROVIDE (__preinit_array_start = .)
 *(.preinit_array*)
                0x0000000008004324                PROVIDE (__preinit_array_end = .)
                0x0000000008004324                . = ALIGN (0x4)

.init_array     0x0000000008004324        0x4
                0x0000000008004324                . = ALIGN (0x4)
                0x0000000008004324                PROVIDE (__init_array_start = .)
 *(SORT_BY_NAME(.init_array.*))
 *(.init_array*)
 .init_array    0x0000000008004324        0x4 c:/st/stm32cubeide_1.9.0/stm32cubeide/plugins/com.st.stm32cube.ide.mcu.externaltools.gnu-tools-for-stm32.10.3-2021.10.win32_1.0.0.202111181127/tools/bin/../lib/gcc/arm-none-eabi/10.3.1/thumb/v7e-m+fp/hard/crtbegin.o
                0x0000000008004328                PROVIDE (__init_array_end = .)
                0x0000000008004328                . = ALIGN (0x4)

.fini_array     0x0000000008004328        0x4
                0x0000000008004328                . = ALIGN (0x4)
                [!provide]                        PROVIDE (__fini_array_start = .)
 *(SORT_BY_NAME(.fini_array.*))
 *(.fini_array*)
 .fini_array    0x0000000008004328        0x4 c:/st/stm32cubeide_1.9.0/stm32cubeide/plugins/com.st.stm32cube.ide.mcu.externaltools.gnu-tools-for-stm32.10.3-2021.10.win32_1.0.0.202111181127/tools/bin/../lib/gcc/arm-none-eabi/10.3.1/thumb/v7e-m+fp/hard/crtbegin.o
                [!provide]                        PROVIDE (__fini_array_end = .)
                0x000000000800432c                . = ALIGN (0x4)
                0x000000000800432c                _sidata = LOADADDR (.data)

.data           0x0000000020000000       0xfc load address 0x000000000800432c
                0x0000000020000000                . = ALIGN (0x4)
                0x0000000020000000                _sdata = .
 *(.data)
 *(.data*)
 .data.ANTWORT  0x0000000020000000        0x1 ./Core/Src/main.o
                0x0000000020000000                ANTWORT
 .data.ID       0x0000000020000001        0x1 ./Core/Src/main.o
                0x0000000020000001                ID
 *fill*         0x0000000020000002        0x2 
 .data.SystemCoreClock
                0x0000000020000004        0x4 ./Core/Src/system_stm32f4xx.o
                0x0000000020000004                SystemCoreClock
 .data.uwTickFreq
                0x0000000020000008        0x1 ./Drivers/STM32F4xx_HAL_Driver/Src/stm32f4xx_hal.o
                0x0000000020000008                uwTickFreq
 *fill*         0x0000000020000009        0x3 
 .data.uwTickPrio
                0x000000002000000c        0x4 ./Drivers/STM32F4xx_HAL_Driver/Src/stm32f4xx_hal.o
                0x000000002000000c                uwTickPrio
 .data.USBD_CDC
                0x0000000020000010       0x38 ./Middlewares/ST/STM32_USB_Device_Library/Class/CDC/Src/usbd_cdc.o
                0x0000000020000010                USBD_CDC
 .data.USBD_CDC_CfgDesc
                0x0000000020000048       0x43 ./Middlewares/ST/STM32_USB_Device_Library/Class/CDC/Src/usbd_cdc.o
 *fill*         0x000000002000008b        0x1 
 .data.USBD_CDC_DeviceQualifierDesc
                0x000000002000008c        0xa ./Middlewares/ST/STM32_USB_Device_Library/Class/CDC/Src/usbd_cdc.o
 *fill*         0x0000000020000096        0x2 
 .data.USBD_Interface_fops_FS
                0x0000000020000098       0x14 ./USB_DEVICE/App/usbd_cdc_if.o
                0x0000000020000098                USBD_Interface_fops_FS
 .data.FS_Desc  0x00000000200000ac       0x1c ./USB_DEVICE/App/usbd_desc.o
                0x00000000200000ac                FS_Desc
 .data.USBD_FS_DeviceDesc
                0x00000000200000c8       0x12 ./USB_DEVICE/App/usbd_desc.o
                0x00000000200000c8                USBD_FS_DeviceDesc
 *fill*         0x00000000200000da        0x2 
 .data.USBD_LangIDDesc
                0x00000000200000dc        0x4 ./USB_DEVICE/App/usbd_desc.o
                0x00000000200000dc                USBD_LangIDDesc
 .data.USBD_StringSerial
                0x00000000200000e0       0x1a ./USB_DEVICE/App/usbd_desc.o
                0x00000000200000e0                USBD_StringSerial
 *(.RamFunc)
 *(.RamFunc*)
                0x00000000200000fc                . = ALIGN (0x4)
 *fill*         0x00000000200000fa        0x2 
                0x00000000200000fc                _edata = .
                0x0000000008004428                _siccmram = LOADADDR (.ccmram)

.igot.plt       0x00000000200000fc        0x0 load address 0x0000000008004428
 .igot.plt      0x00000000200000fc        0x0 c:/st/stm32cubeide_1.9.0/stm32cubeide/plugins/com.st.stm32cube.ide.mcu.externaltools.gnu-tools-for-stm32.10.3-2021.10.win32_1.0.0.202111181127/tools/bin/../lib/gcc/arm-none-eabi/10.3.1/thumb/v7e-m+fp/hard/crtbegin.o

.ccmram         0x0000000010000000        0x0 load address 0x0000000008004428
                0x0000000010000000                . = ALIGN (0x4)
                0x0000000010000000                _sccmram = .
 *(.ccmram)
 *(.ccmram*)
                0x0000000010000000                . = ALIGN (0x4)
                0x0000000010000000                _eccmram = .
                0x0000000010000000                . = ALIGN (0x4)

.bss            0x00000000200000fc     0x1d20
                0x00000000200000fc                _sbss = .
                0x00000000200000fc                __bss_start__ = _sbss
 *(.bss)
 .bss           0x00000000200000fc       0x1c c:/st/stm32cubeide_1.9.0/stm32cubeide/plugins/com.st.stm32cube.ide.mcu.externaltools.gnu-tools-for-stm32.10.3-2021.10.win32_1.0.0.202111181127/tools/bin/../lib/gcc/arm-none-eabi/10.3.1/thumb/v7e-m+fp/hard/crtbegin.o
 *(.bss*)
 .bss.hi2c1     0x0000000020000118       0x54 ./Core/Src/i2c.o
                0x0000000020000118                hi2c1
 .bss.hi2s3     0x000000002000016c       0x48 ./Core/Src/i2s.o
                0x000000002000016c                hi2s3
 .bss.hspi1     0x00000000200001b4       0x58 ./Core/Src/spi.o
                0x00000000200001b4                hspi1
 .bss.uwTick    0x000000002000020c        0x4 ./Drivers/STM32F4xx_HAL_Driver/Src/stm32f4xx_hal.o
                0x000000002000020c                uwTick
 .bss.cfgidx.0  0x0000000020000210        0x1 ./Middlewares/ST/STM32_USB_Device_Library/Core/Src/usbd_ctlreq.o
 *fill*         0x0000000020000211        0x3 
 .bss.hUsbDeviceFS
                0x0000000020000214      0x2dc ./USB_DEVICE/App/usb_device.o
                0x0000000020000214                hUsbDeviceFS
 .bss.UserRxBufferFS
                0x00000000200004f0      0x800 ./USB_DEVICE/App/usbd_cdc_if.o
                0x00000000200004f0                UserRxBufferFS
 .bss.UserTxBufferFS
                0x0000000020000cf0      0x800 ./USB_DEVICE/App/usbd_cdc_if.o
                0x0000000020000cf0                UserTxBufferFS
 .bss.USBD_StrDesc
                0x00000000200014f0      0x200 ./USB_DEVICE/App/usbd_desc.o
                0x00000000200014f0                USBD_StrDesc
 .bss.hpcd_USB_OTG_FS
                0x00000000200016f0      0x50c ./USB_DEVICE/Target/usbd_conf.o
                0x00000000200016f0                hpcd_USB_OTG_FS
 .bss.mem.0     0x0000000020001bfc      0x220 ./USB_DEVICE/Target/usbd_conf.o
 *(COMMON)
                0x0000000020001e1c                . = ALIGN (0x4)
                0x0000000020001e1c                _ebss = .
                0x0000000020001e1c                __bss_end__ = _ebss

._user_heap_stack
                0x0000000020001e1c      0x604
                0x0000000020001e20                . = ALIGN (0x8)
 *fill*         0x0000000020001e1c        0x4 
                [!provide]                        PROVIDE (end = .)
                0x0000000020001e20                PROVIDE (_end = .)
                0x0000000020002020                . = (. + _Min_Heap_Size)
 *fill*         0x0000000020001e20      0x200 
                0x0000000020002420                . = (. + _Min_Stack_Size)
 *fill*         0x0000000020002020      0x400 
                0x0000000020002420                . = ALIGN (0x8)

/DISCARD/
 libc.a(*)
 libm.a(*)
 libgcc.a(*)

.ARM.attributes
                0x0000000000000000       0x30
 *(.ARM.attributes)
 .ARM.attributes
                0x0000000000000000       0x1e c:/st/stm32cubeide_1.9.0/stm32cubeide/plugins/com.st.stm32cube.ide.mcu.externaltools.gnu-tools-for-stm32.10.3-2021.10.win32_1.0.0.202111181127/tools/bin/../lib/gcc/arm-none-eabi/10.3.1/thumb/v7e-m+fp/hard/crti.o
 .ARM.attributes
                0x000000000000001e       0x34 c:/st/stm32cubeide_1.9.0/stm32cubeide/plugins/com.st.stm32cube.ide.mcu.externaltools.gnu-tools-for-stm32.10.3-2021.10.win32_1.0.0.202111181127/tools/bin/../lib/gcc/arm-none-eabi/10.3.1/thumb/v7e-m+fp/hard/crtbegin.o
 .ARM.attributes
                0x0000000000000052       0x34 ./Core/Src/gpio.o
 .ARM.attributes
                0x0000000000000086       0x34 ./Core/Src/i2c.o
 .ARM.attributes
                0x00000000000000ba       0x34 ./Core/Src/i2s.o
 .ARM.attributes
                0x00000000000000ee       0x34 ./Core/Src/main.o
 .ARM.attributes
                0x0000000000000122       0x34 ./Core/Src/spi.o
 .ARM.attributes
                0x0000000000000156       0x34 ./Core/Src/stm32f4xx_hal_msp.o
 .ARM.attributes
                0x000000000000018a       0x34 ./Core/Src/stm32f4xx_it.o
 .ARM.attributes
                0x00000000000001be       0x34 ./Core/Src/system_stm32f4xx.o
 .ARM.attributes
                0x00000000000001f2       0x21 ./Core/Startup/startup_stm32f407vgtx.o
 .ARM.attributes
                0x0000000000000213       0x34 ./Drivers/STM32F4xx_HAL_Driver/Src/stm32f4xx_hal.o
 .ARM.attributes
                0x0000000000000247       0x34 ./Drivers/STM32F4xx_HAL_Driver/Src/stm32f4xx_hal_cortex.o
 .ARM.attributes
                0x000000000000027b       0x34 ./Drivers/STM32F4xx_HAL_Driver/Src/stm32f4xx_hal_gpio.o
 .ARM.attributes
                0x00000000000002af       0x34 ./Drivers/STM32F4xx_HAL_Driver/Src/stm32f4xx_hal_i2c.o
 .ARM.attributes
                0x00000000000002e3       0x34 ./Drivers/STM32F4xx_HAL_Driver/Src/stm32f4xx_hal_i2s.o
 .ARM.attributes
                0x0000000000000317       0x34 ./Drivers/STM32F4xx_HAL_Driver/Src/stm32f4xx_hal_i2s_ex.o
 .ARM.attributes
                0x000000000000034b       0x34 ./Drivers/STM32F4xx_HAL_Driver/Src/stm32f4xx_hal_pcd.o
 .ARM.attributes
                0x000000000000037f       0x34 ./Drivers/STM32F4xx_HAL_Driver/Src/stm32f4xx_hal_pcd_ex.o
 .ARM.attributes
                0x00000000000003b3       0x34 ./Drivers/STM32F4xx_HAL_Driver/Src/stm32f4xx_hal_rcc.o
 .ARM.attributes
                0x00000000000003e7       0x34 ./Drivers/STM32F4xx_HAL_Driver/Src/stm32f4xx_hal_rcc_ex.o
 .ARM.attributes
                0x000000000000041b       0x34 ./Drivers/STM32F4xx_HAL_Driver/Src/stm32f4xx_hal_spi.o
 .ARM.attributes
                0x000000000000044f       0x34 ./Drivers/STM32F4xx_HAL_Driver/Src/stm32f4xx_ll_usb.o
 .ARM.attributes
                0x0000000000000483       0x34 ./Middlewares/ST/STM32_USB_Device_Library/Class/CDC/Src/usbd_cdc.o
 .ARM.attributes
                0x00000000000004b7       0x34 ./Middlewares/ST/STM32_USB_Device_Library/Core/Src/usbd_core.o
 .ARM.attributes
                0x00000000000004eb       0x34 ./Middlewares/ST/STM32_USB_Device_Library/Core/Src/usbd_ctlreq.o
 .ARM.attributes
                0x000000000000051f       0x34 ./Middlewares/ST/STM32_USB_Device_Library/Core/Src/usbd_ioreq.o
 .ARM.attributes
                0x0000000000000553       0x34 ./USB_DEVICE/App/usb_device.o
 .ARM.attributes
                0x0000000000000587       0x34 ./USB_DEVICE/App/usbd_cdc_if.o
 .ARM.attributes
                0x00000000000005bb       0x34 ./USB_DEVICE/App/usbd_desc.o
 .ARM.attributes
                0x00000000000005ef       0x34 ./USB_DEVICE/Target/usbd_conf.o
 .ARM.attributes
                0x0000000000000623       0x34 c:/st/stm32cubeide_1.9.0/stm32cubeide/plugins/com.st.stm32cube.ide.mcu.externaltools.gnu-tools-for-stm32.10.3-2021.10.win32_1.0.0.202111181127/tools/bin/../lib/gcc/arm-none-eabi/10.3.1/../../../../arm-none-eabi/lib/thumb/v7e-m+fp/hard\libc_nano.a(lib_a-init.o)
 .ARM.attributes
                0x0000000000000657       0x34 c:/st/stm32cubeide_1.9.0/stm32cubeide/plugins/com.st.stm32cube.ide.mcu.externaltools.gnu-tools-for-stm32.10.3-2021.10.win32_1.0.0.202111181127/tools/bin/../lib/gcc/arm-none-eabi/10.3.1/../../../../arm-none-eabi/lib/thumb/v7e-m+fp/hard\libc_nano.a(lib_a-memset.o)
 .ARM.attributes
                0x000000000000068b       0x1e c:/st/stm32cubeide_1.9.0/stm32cubeide/plugins/com.st.stm32cube.ide.mcu.externaltools.gnu-tools-for-stm32.10.3-2021.10.win32_1.0.0.202111181127/tools/bin/../lib/gcc/arm-none-eabi/10.3.1/thumb/v7e-m+fp/hard\libgcc.a(_aeabi_uldivmod.o)
 .ARM.attributes
                0x00000000000006a9       0x34 c:/st/stm32cubeide_1.9.0/stm32cubeide/plugins/com.st.stm32cube.ide.mcu.externaltools.gnu-tools-for-stm32.10.3-2021.10.win32_1.0.0.202111181127/tools/bin/../lib/gcc/arm-none-eabi/10.3.1/thumb/v7e-m+fp/hard\libgcc.a(_udivmoddi4.o)
 .ARM.attributes
                0x00000000000006dd       0x1e c:/st/stm32cubeide_1.9.0/stm32cubeide/plugins/com.st.stm32cube.ide.mcu.externaltools.gnu-tools-for-stm32.10.3-2021.10.win32_1.0.0.202111181127/tools/bin/../lib/gcc/arm-none-eabi/10.3.1/thumb/v7e-m+fp/hard\libgcc.a(_dvmd_tls.o)
 .ARM.attributes
                0x00000000000006fb       0x1e c:/st/stm32cubeide_1.9.0/stm32cubeide/plugins/com.st.stm32cube.ide.mcu.externaltools.gnu-tools-for-stm32.10.3-2021.10.win32_1.0.0.202111181127/tools/bin/../lib/gcc/arm-none-eabi/10.3.1/thumb/v7e-m+fp/hard/crtn.o
OUTPUT(Test_STM_F4_Discovery.elf elf32-littlearm)
LOAD linker stubs
LOAD c:/st/stm32cubeide_1.9.0/stm32cubeide/plugins/com.st.stm32cube.ide.mcu.externaltools.gnu-tools-for-stm32.10.3-2021.10.win32_1.0.0.202111181127/tools/bin/../lib/gcc/arm-none-eabi/10.3.1/../../../../arm-none-eabi/lib/thumb/v7e-m+fp/hard\libc.a
LOAD c:/st/stm32cubeide_1.9.0/stm32cubeide/plugins/com.st.stm32cube.ide.mcu.externaltools.gnu-tools-for-stm32.10.3-2021.10.win32_1.0.0.202111181127/tools/bin/../lib/gcc/arm-none-eabi/10.3.1/../../../../arm-none-eabi/lib/thumb/v7e-m+fp/hard\libm.a
LOAD c:/st/stm32cubeide_1.9.0/stm32cubeide/plugins/com.st.stm32cube.ide.mcu.externaltools.gnu-tools-for-stm32.10.3-2021.10.win32_1.0.0.202111181127/tools/bin/../lib/gcc/arm-none-eabi/10.3.1/thumb/v7e-m+fp/hard\libgcc.a

.comment        0x0000000000000000       0x50
 .comment       0x0000000000000000       0x50 ./Core/Src/gpio.o
                                         0x51 (size before relaxing)
 .comment       0x0000000000000050       0x51 ./Core/Src/i2c.o
 .comment       0x0000000000000050       0x51 ./Core/Src/i2s.o
 .comment       0x0000000000000050       0x51 ./Core/Src/main.o
 .comment       0x0000000000000050       0x51 ./Core/Src/spi.o
 .comment       0x0000000000000050       0x51 ./Core/Src/stm32f4xx_hal_msp.o
 .comment       0x0000000000000050       0x51 ./Core/Src/stm32f4xx_it.o
 .comment       0x0000000000000050       0x51 ./Core/Src/system_stm32f4xx.o
 .comment       0x0000000000000050       0x51 ./Drivers/STM32F4xx_HAL_Driver/Src/stm32f4xx_hal.o
 .comment       0x0000000000000050       0x51 ./Drivers/STM32F4xx_HAL_Driver/Src/stm32f4xx_hal_cortex.o
 .comment       0x0000000000000050       0x51 ./Drivers/STM32F4xx_HAL_Driver/Src/stm32f4xx_hal_gpio.o
 .comment       0x0000000000000050       0x51 ./Drivers/STM32F4xx_HAL_Driver/Src/stm32f4xx_hal_i2c.o
 .comment       0x0000000000000050       0x51 ./Drivers/STM32F4xx_HAL_Driver/Src/stm32f4xx_hal_i2s.o
 .comment       0x0000000000000050       0x51 ./Drivers/STM32F4xx_HAL_Driver/Src/stm32f4xx_hal_i2s_ex.o
 .comment       0x0000000000000050       0x51 ./Drivers/STM32F4xx_HAL_Driver/Src/stm32f4xx_hal_pcd.o
 .comment       0x0000000000000050       0x51 ./Drivers/STM32F4xx_HAL_Driver/Src/stm32f4xx_hal_pcd_ex.o
 .comment       0x0000000000000050       0x51 ./Drivers/STM32F4xx_HAL_Driver/Src/stm32f4xx_hal_rcc.o
 .comment       0x0000000000000050       0x51 ./Drivers/STM32F4xx_HAL_Driver/Src/stm32f4xx_hal_rcc_ex.o
 .comment       0x0000000000000050       0x51 ./Drivers/STM32F4xx_HAL_Driver/Src/stm32f4xx_hal_spi.o
 .comment       0x0000000000000050       0x51 ./Drivers/STM32F4xx_HAL_Driver/Src/stm32f4xx_ll_usb.o
 .comment       0x0000000000000050       0x51 ./Middlewares/ST/STM32_USB_Device_Library/Class/CDC/Src/usbd_cdc.o
 .comment       0x0000000000000050       0x51 ./Middlewares/ST/STM32_USB_Device_Library/Core/Src/usbd_core.o
 .comment       0x0000000000000050       0x51 ./Middlewares/ST/STM32_USB_Device_Library/Core/Src/usbd_ctlreq.o
 .comment       0x0000000000000050       0x51 ./Middlewares/ST/STM32_USB_Device_Library/Core/Src/usbd_ioreq.o
 .comment       0x0000000000000050       0x51 ./USB_DEVICE/App/usb_device.o
 .comment       0x0000000000000050       0x51 ./USB_DEVICE/App/usbd_cdc_if.o
 .comment       0x0000000000000050       0x51 ./USB_DEVICE/App/usbd_desc.o
 .comment       0x0000000000000050       0x51 ./USB_DEVICE/Target/usbd_conf.o

.debug_frame    0x0000000000000000       0xac
 .debug_frame   0x0000000000000000       0x2c c:/st/stm32cubeide_1.9.0/stm32cubeide/plugins/com.st.stm32cube.ide.mcu.externaltools.gnu-tools-for-stm32.10.3-2021.10.win32_1.0.0.202111181127/tools/bin/../lib/gcc/arm-none-eabi/10.3.1/../../../../arm-none-eabi/lib/thumb/v7e-m+fp/hard\libc_nano.a(lib_a-init.o)
 .debug_frame   0x000000000000002c       0x20 c:/st/stm32cubeide_1.9.0/stm32cubeide/plugins/com.st.stm32cube.ide.mcu.externaltools.gnu-tools-for-stm32.10.3-2021.10.win32_1.0.0.202111181127/tools/bin/../lib/gcc/arm-none-eabi/10.3.1/../../../../arm-none-eabi/lib/thumb/v7e-m+fp/hard\libc_nano.a(lib_a-memset.o)
 .debug_frame   0x000000000000004c       0x2c c:/st/stm32cubeide_1.9.0/stm32cubeide/plugins/com.st.stm32cube.ide.mcu.externaltools.gnu-tools-for-stm32.10.3-2021.10.win32_1.0.0.202111181127/tools/bin/../lib/gcc/arm-none-eabi/10.3.1/thumb/v7e-m+fp/hard\libgcc.a(_aeabi_uldivmod.o)
 .debug_frame   0x0000000000000078       0x34 c:/st/stm32cubeide_1.9.0/stm32cubeide/plugins/com.st.stm32cube.ide.mcu.externaltools.gnu-tools-for-stm32.10.3-2021.10.win32_1.0.0.202111181127/tools/bin/../lib/gcc/arm-none-eabi/10.3.1/thumb/v7e-m+fp/hard\libgcc.a(_udivmoddi4.o)
